Component: ARM Compiler 5.06 update 7 (build 960) Tool: armlink [4d3601]

==============================================================================

Section Cross References

    startup_stm32h750xx.o(RESET) refers to startup_stm32h750xx.o(STACK) for __initial_sp
    startup_stm32h750xx.o(RESET) refers to startup_stm32h750xx.o(.text) for Reset_Handler
    startup_stm32h750xx.o(RESET) refers to stm32h7xx_it.o(i.NMI_Handler) for NMI_Handler
    startup_stm32h750xx.o(RESET) refers to stm32h7xx_it.o(i.HardFault_Handler) for HardFault_Handler
    startup_stm32h750xx.o(RESET) refers to stm32h7xx_it.o(i.MemManage_Handler) for MemManage_Handler
    startup_stm32h750xx.o(RESET) refers to stm32h7xx_it.o(i.BusFault_Handler) for BusFault_Handler
    startup_stm32h750xx.o(RESET) refers to stm32h7xx_it.o(i.UsageFault_Handler) for UsageFault_Handler
    startup_stm32h750xx.o(RESET) refers to stm32h7xx_it.o(i.SVC_Handler) for SVC_Handler
    startup_stm32h750xx.o(RESET) refers to stm32h7xx_it.o(i.DebugMon_Handler) for DebugMon_Handler
    startup_stm32h750xx.o(RESET) refers to stm32h7xx_it.o(i.PendSV_Handler) for PendSV_Handler
    startup_stm32h750xx.o(RESET) refers to stm32h7xx_it.o(i.SysTick_Handler) for SysTick_Handler
    startup_stm32h750xx.o(RESET) refers to stm32h7xx_it.o(i.DMA1_Stream0_IRQHandler) for DMA1_Stream0_IRQHandler
    startup_stm32h750xx.o(RESET) refers to stm32h7xx_it.o(i.DMA1_Stream2_IRQHandler) for DMA1_Stream2_IRQHandler
    startup_stm32h750xx.o(RESET) refers to stm32h7xx_it.o(i.ADC_IRQHandler) for ADC_IRQHandler
    startup_stm32h750xx.o(RESET) refers to stm32h7xx_it.o(i.TIM1_UP_IRQHandler) for TIM1_UP_IRQHandler
    startup_stm32h750xx.o(RESET) refers to stm32h7xx_it.o(i.USART1_IRQHandler) for USART1_IRQHandler
    startup_stm32h750xx.o(RESET) refers to stm32h7xx_it.o(i.UART4_IRQHandler) for UART4_IRQHandler
    startup_stm32h750xx.o(RESET) refers to stm32h7xx_it.o(i.UART5_IRQHandler) for UART5_IRQHandler
    startup_stm32h750xx.o(.text) refers to system_stm32h7xx.o(i.SystemInit) for SystemInit
    startup_stm32h750xx.o(.text) refers to entry.o(.ARM.Collect$$$$00000000) for __main
    main.o(i.SystemClock_Config) refers to memseta.o(.text) for __aeabi_memclr4
    main.o(i.SystemClock_Config) refers to stm32h7xx_hal_pwr_ex.o(i.HAL_PWREx_ConfigSupply) for HAL_PWREx_ConfigSupply
    main.o(i.SystemClock_Config) refers to stm32h7xx_hal_rcc.o(i.HAL_RCC_OscConfig) for HAL_RCC_OscConfig
    main.o(i.SystemClock_Config) refers to stm32h7xx_hal_rcc.o(i.HAL_RCC_ClockConfig) for HAL_RCC_ClockConfig
    main.o(i.main) refers to memseta.o(.text) for __aeabi_memclr4
    main.o(i.main) refers to stm32h7xx_hal.o(i.HAL_Init) for HAL_Init
    main.o(i.main) refers to main.o(i.SystemClock_Config) for SystemClock_Config
    main.o(i.main) refers to gpio.o(i.MX_GPIO_Init) for MX_GPIO_Init
    main.o(i.main) refers to dma.o(i.MX_DMA_Init) for MX_DMA_Init
    main.o(i.main) refers to usart.o(i.MX_UART4_Init) for MX_UART4_Init
    main.o(i.main) refers to tim.o(i.MX_TIM1_Init) for MX_TIM1_Init
    main.o(i.main) refers to usart.o(i.MX_USART1_UART_Init) for MX_USART1_UART_Init
    main.o(i.main) refers to usart.o(i.MX_UART5_Init) for MX_UART5_Init
    main.o(i.main) refers to spi.o(i.MX_SPI3_Init) for MX_SPI3_Init
    main.o(i.main) refers to adc.o(i.MX_ADC1_Init) for MX_ADC1_Init
    main.o(i.main) refers to delay.o(i.delay_init) for delay_init
    main.o(i.main) refers to stm32h7xx_hal_gpio.o(i.HAL_GPIO_WritePin) for HAL_GPIO_WritePin
    main.o(i.main) refers to delay.o(i.delay_ms) for delay_ms
    main.o(i.main) refers to pga117.o(i.pa117_init) for pa117_init
    main.o(i.main) refers to stm32h7xx_hal_adc.o(i.HAL_ADC_Start_DMA) for HAL_ADC_Start_DMA
    main.o(i.main) refers to buzzer.o(i.hmi_printf) for hmi_printf
    main.o(i.main) refers to stm32h7xx_hal_uart.o(i.HAL_UART_Receive_IT) for HAL_UART_Receive_IT
    main.o(i.main) refers to buzzer.o(i.Play_Note) for Play_Note
    main.o(i.main) refers to fft_user.o(i.cfft_f32_mag) for cfft_f32_mag
    main.o(i.main) refers to stm32h7xx_hal.o(i.HAL_GetTick) for HAL_GetTick
    main.o(i.main) refers to main.o(i.match_position_index) for match_position_index
    main.o(i.main) refers to mic_adc.o(.bss) for adc_value_buffer
    main.o(i.main) refers to adc.o(.bss) for hadc1
    main.o(i.main) refers to buzzer.o(.data) for UART4_Rx_Buffer
    main.o(i.main) refers to usart.o(.bss) for huart4
    main.o(i.main) refers to mic_adc.o(.data) for start_fft_flag
    main.o(i.main) refers to main.o(.data) for .data
    gpio.o(i.MX_GPIO_Init) refers to memseta.o(.text) for __aeabi_memclr4
    gpio.o(i.MX_GPIO_Init) refers to stm32h7xx_hal_gpio.o(i.HAL_GPIO_WritePin) for HAL_GPIO_WritePin
    gpio.o(i.MX_GPIO_Init) refers to stm32h7xx_hal_gpio.o(i.HAL_GPIO_Init) for HAL_GPIO_Init
    adc.o(i.HAL_ADC_MspDeInit) refers to stm32h7xx_hal_gpio.o(i.HAL_GPIO_DeInit) for HAL_GPIO_DeInit
    adc.o(i.HAL_ADC_MspDeInit) refers to stm32h7xx_hal_dma.o(i.HAL_DMA_DeInit) for HAL_DMA_DeInit
[...]
    LL_ADC_INJ_IsConversionOngoing           0x08005fb9   Thumb Code     8  stm32h7xx_hal_adc.o(i.LL_ADC_INJ_IsConversionOngoing)
    i.LL_ADC_REG_IsConversionOngoing         0x08005fc0   Section        0  stm32h7xx_hal_adc.o(i.LL_ADC_REG_IsConversionOngoing)
    LL_ADC_REG_IsConversionOngoing           0x08005fc1   Thumb Code     8  stm32h7xx_hal_adc.o(i.LL_ADC_REG_IsConversionOngoing)
    i.LL_ADC_REG_IsConversionOngoing         0x08005fc8   Section        0  stm32h7xx_hal_adc_ex.o(i.LL_ADC_REG_IsConversionOngoing)
    LL_ADC_REG_IsConversionOngoing           0x08005fc9   Thumb Code     8  stm32h7xx_hal_adc_ex.o(i.LL_ADC_REG_IsConversionOngoing)
    i.LL_ADC_REG_IsTriggerSourceSWStart      0x08005fd0   Section        0  stm32h7xx_hal_adc.o(i.LL_ADC_REG_IsTriggerSourceSWStart)
    LL_ADC_REG_IsTriggerSourceSWStart        0x08005fd1   Thumb Code    16  stm32h7xx_hal_adc.o(i.LL_ADC_REG_IsTriggerSourceSWStart)
    i.LL_ADC_SetChannelSamplingTime          0x08005fe0   Section        0  stm32h7xx_hal_adc.o(i.LL_ADC_SetChannelSamplingTime)
    LL_ADC_SetChannelSamplingTime            0x08005fe1   Thumb Code    30  stm32h7xx_hal_adc.o(i.LL_ADC_SetChannelSamplingTime)
    i.MX_ADC1_Init                           0x08006000   Section        0  adc.o(i.MX_ADC1_Init)
    i.MX_DMA_Init                            0x08006094   Section        0  dma.o(i.MX_DMA_Init)
    i.MX_GPIO_Init                           0x080060d0   Section        0  gpio.o(i.MX_GPIO_Init)
    i.MX_SPI3_Init                           0x080061e4   Section        0  spi.o(i.MX_SPI3_Init)
    i.MX_TIM1_Init                           0x08006240   Section        0  tim.o(i.MX_TIM1_Init)
    i.MX_UART4_Init                          0x0800628c   Section        0  usart.o(i.MX_UART4_Init)
    i.MX_UART5_Init                          0x080062f4   Section        0  usart.o(i.MX_UART5_Init)
    i.MX_USART1_UART_Init                    0x0800635c   Section        0  usart.o(i.MX_USART1_UART_Init)
    i.MemManage_Handler                      0x080063c4   Section        0  stm32h7xx_it.o(i.MemManage_Handler)
    i.NMI_Handler                            0x080063c6   Section        0  stm32h7xx_it.o(i.NMI_Handler)
    i.PendSV_Handler                         0x080063c8   Section        0  stm32h7xx_it.o(i.PendSV_Handler)
    i.PlayTwoTiger                           0x080063cc   Section        0  buzzer.o(i.PlayTwoTiger)
    PlayTwoTiger                             0x080063cd   Thumb Code   196  buzzer.o(i.PlayTwoTiger)
    i.Play_Note                              0x080064a4   Section        0  buzzer.o(i.Play_Note)
    i.RCCEx_PLL2_Config                      0x080064fc   Section        0  stm32h7xx_hal_rcc_ex.o(i.RCCEx_PLL2_Config)
    RCCEx_PLL2_Config                        0x080064fd   Thumb Code   284  stm32h7xx_hal_rcc_ex.o(i.RCCEx_PLL2_Config)
    i.RCCEx_PLL3_Config                      0x0800661c   Section        0  stm32h7xx_hal_rcc_ex.o(i.RCCEx_PLL3_Config)
    RCCEx_PLL3_Config                        0x0800661d   Thumb Code   284  stm32h7xx_hal_rcc_ex.o(i.RCCEx_PLL3_Config)
    i.SPI_CloseTransfer                      0x0800673c   Section        0  stm32h7xx_hal_spi.o(i.SPI_CloseTransfer)
    SPI_CloseTransfer                        0x0800673d   Thumb Code   188  stm32h7xx_hal_spi.o(i.SPI_CloseTransfer)
    i.SPI_WaitOnFlagUntilTimeout             0x080067f8   Section        0  stm32h7xx_hal_spi.o(i.SPI_WaitOnFlagUntilTimeout)
    SPI_WaitOnFlagUntilTimeout               0x080067f9   Thumb Code    70  stm32h7xx_hal_spi.o(i.SPI_WaitOnFlagUntilTimeout)
    i.SVC_Handler                            0x0800683e   Section        0  stm32h7xx_it.o(i.SVC_Handler)
    i.SysTick_Handler                        0x08006840   Section        0  stm32h7xx_it.o(i.SysTick_Handler)
    i.SystemClock_Config                     0x08006844   Section        0  main.o(i.SystemClock_Config)
    i.SystemInit                             0x080068ec   Section        0  system_stm32h7xx.o(i.SystemInit)
    i.TIM1_UP_IRQHandler                     0x080069c8   Section        0  stm32h7xx_it.o(i.TIM1_UP_IRQHandler)
    i.TIM_Base_SetConfig                     0x080069d4   Section        0  stm32h7xx_hal_tim.o(i.TIM_Base_SetConfig)
    i.UART4_IRQHandler                       0x08006a98   Section        0  stm32h7xx_it.o(i.UART4_IRQHandler)
    i.UART5_IRQHandler                       0x08006aa4   Section        0  stm32h7xx_it.o(i.UART5_IRQHandler)
    i.UARTEx_SetNbDataToProcess              0x08006ab0   Section        0  stm32h7xx_hal_uart_ex.o(i.UARTEx_SetNbDataToProcess)
    UARTEx_SetNbDataToProcess                0x08006ab1   Thumb Code    62  stm32h7xx_hal_uart_ex.o(i.UARTEx_SetNbDataToProcess)
    i.UART_AdvFeatureConfig                  0x08006af4   Section        0  stm32h7xx_hal_uart.o(i.UART_AdvFeatureConfig)
    i.UART_CheckIdleState                    0x08006bbc   Section        0  stm32h7xx_hal_uart.o(i.UART_CheckIdleState)
    i.UART_DMAAbortOnError                   0x08006c66   Section        0  stm32h7xx_hal_uart.o(i.UART_DMAAbortOnError)
    UART_DMAAbortOnError                     0x08006c67   Thumb Code    20  stm32h7xx_hal_uart.o(i.UART_DMAAbortOnError)
    i.UART_EndRxTransfer                     0x08006c7c   Section        0  stm32h7xx_hal_uart.o(i.UART_EndRxTransfer)
    UART_EndRxTransfer                       0x08006c7d   Thumb Code    78  stm32h7xx_hal_uart.o(i.UART_EndRxTransfer)
    i.UART_RxISR_16BIT                       0x08006cd0   Section        0  stm32h7xx_hal_uart.o(i.UART_RxISR_16BIT)
    UART_RxISR_16BIT                         0x08006cd1   Thumb Code   196  stm32h7xx_hal_uart.o(i.UART_RxISR_16BIT)
    i.UART_RxISR_16BIT_FIFOEN                0x08006d98   Section        0  stm32h7xx_hal_uart.o(i.UART_RxISR_16BIT_FIFOEN)
    UART_RxISR_16BIT_FIFOEN                  0x08006d99   Thumb Code   404  stm32h7xx_hal_uart.o(i.UART_RxISR_16BIT_FIFOEN)
    i.UART_RxISR_8BIT                        0x08006f38   Section        0  stm32h7xx_hal_uart.o(i.UART_RxISR_8BIT)
    UART_RxISR_8BIT                          0x08006f39   Thumb Code   196  stm32h7xx_hal_uart.o(i.UART_RxISR_8BIT)
    i.UART_RxISR_8BIT_FIFOEN                 0x08007000   Section        0  stm32h7xx_hal_uart.o(i.UART_RxISR_8BIT_FIFOEN)
    UART_RxISR_8BIT_FIFOEN                   0x08007001   Thumb Code   404  stm32h7xx_hal_uart.o(i.UART_RxISR_8BIT_FIFOEN)
    i.UART_SetConfig                         0x080071a0   Section        0  stm32h7xx_hal_uart.o(i.UART_SetConfig)
    i.UART_Start_Receive_IT                  0x0800754c   Section        0  stm32h7xx_hal_uart.o(i.UART_Start_Receive_IT)
    i.UART_WaitOnFlagUntilTimeout            0x0800765c   Section        0  stm32h7xx_hal_uart.o(i.UART_WaitOnFlagUntilTimeout)
    i.USART1_IRQHandler                      0x080076e8   Section        0  stm32h7xx_it.o(i.USART1_IRQHandler)
    i.UsageFault_Handler                     0x080076f4   Section        0  stm32h7xx_it.o(i.UsageFault_Handler)
    i.__0vsnprintf                           0x080076f8   Section        0  printfa.o(i.__0vsnprintf)
    i.__ARM_fpclassify                       0x0800772c   Section        0  fpclassify.o(i.__ARM_fpclassify)
    i.__NVIC_SetPriority                     0x0800775c   Section        0  stm32h7xx_hal_cortex.o(i.__NVIC_SetPriority)
    __NVIC_SetPriority                       0x0800775d   Thumb Code    34  stm32h7xx_hal_cortex.o(i.__NVIC_SetPriority)
    i.__hardfp_cos                           0x08007780   Section        0  cos.o(i.__hardfp_cos)
    i.__hardfp_log                           0x08007830   Section        0  log.o(i.__hardfp_log)
    i.__hardfp_log2                          0x08007a70   Section        0  log2.o(i.__hardfp_log2)
    i.__hardfp_sin                           0x08007b30   Section        0  sin.o(i.__hardfp_sin)
    i.__ieee754_rem_pio2                     0x08007be0   Section        0  rred.o(i.__ieee754_rem_pio2)
    i.__kernel_cos                           0x08007ef0   Section        0  cos_i.o(i.__kernel_cos)
    i.__kernel_poly                          0x08007fd0   Section        0  poly.o(i.__kernel_poly)
    i.__kernel_sin                           0x08008040   Section        0  sin_i.o(i.__kernel_sin)
    i.__mathlib_dbl_divzero                  0x080080e8   Section        0  dunder.o(i.__mathlib_dbl_divzero)
    i.__mathlib_dbl_infnan                   0x08008108   Section        0  dunder.o(i.__mathlib_dbl_infnan)
    i.__mathlib_dbl_invalid                  0x08008110   Section        0  dunder.o(i.__mathlib_dbl_invalid)
    i.__mathlib_dbl_underflow                0x08008128   Section        0  dunder.o(i.__mathlib_dbl_underflow)
    i.__scatterload_copy                     0x08008140   Section       14  handlers.o(i.__scatterload_copy)
    i.__scatterload_null                     0x0800814e   Section        2  handlers.o(i.__scatterload_null)
    i.__scatterload_zeroinit                 0x08008150   Section       14  handlers.o(i.__scatterload_zeroinit)
    i.__set_errno                            0x08008160   Section        0  errno.o(i.__set_errno)
    i._fp_digits                             0x0800816c   Section        0  printfa.o(i._fp_digits)
    _fp_digits                               0x0800816d   Thumb Code   366  printfa.o(i._fp_digits)
    i._printf_core                           0x080082f0   Section        0  printfa.o(i._printf_core)
    _printf_core                             0x080082f1   Thumb Code  1704  printfa.o(i._printf_core)
    i._printf_post_padding                   0x080089a4   Section        0  printfa.o(i._printf_post_padding)
    _printf_post_padding                     0x080089a5   Thumb Code    36  printfa.o(i._printf_post_padding)
    i._printf_pre_padding                    0x080089c8   Section        0  printfa.o(i._printf_pre_padding)
    _printf_pre_padding                      0x080089c9   Thumb Code    46  printfa.o(i._printf_pre_padding)
    i._snputc                                0x080089f6   Section        0  printfa.o(i._snputc)
    _snputc                                  0x080089f7   Thumb Code    22  printfa.o(i._snputc)
    i.cfft                                   0x08008a0c   Section        0  fft.o(i.cfft)
    i.cfft_f32_mag                           0x08008afc   Section        0  fft_user.o(i.cfft_f32_mag)
    i.delay_init                             0x08008bf4   Section        0  delay.o(i.delay_init)
    i.delay_ms                               0x08008c08   Section        0  delay.o(i.delay_ms)
    i.delay_us                               0x08008c24   Section        0  delay.o(i.delay_us)
    i.fabs                                   0x08008c58   Section        0  fabs.o(i.fabs)
    i.find_peaks_max                         0x08008c70   Section        0  fft_user.o(i.find_peaks_max)
    find_peaks_max                           0x08008c71   Thumb Code   176  fft_user.o(i.find_peaks_max)
    i.frexp                                  0x08008d28   Section        0  frexp.o(i.frexp)
    i.hmi_printf                             0x08008db4   Section        0  buzzer.o(i.hmi_printf)
    i.log                                    0x08008de8   Section        0  log.o(i.log)
    i.main                                   0x08008df8   Section        0  main.o(i.main)
    i.match_position_index                   0x08008ff0   Section        0  main.o(i.match_position_index)
    match_position_index                     0x08008ff1   Thumb Code    60  main.o(i.match_position_index)
    i.pa117_init                             0x0800902c   Section        0  pga117.o(i.pa117_init)
    i.pa117_sdn_dis                          0x0800904c   Section        0  pga117.o(i.pa117_sdn_dis)
    i.pga117_config                          0x08009088   Section        0  pga117.o(i.pga117_config)
    .constdata                               0x08009128   Section        8  stm32h7xx_hal_dma.o(.constdata)
    flagBitshiftOffset                       0x08009128   Data           8  stm32h7xx_hal_dma.o(.constdata)
    .constdata                               0x08009130   Section       24  stm32h7xx_hal_uart.o(.constdata)
    .constdata                               0x08009148   Section       16  stm32h7xx_hal_uart_ex.o(.constdata)
    numerator                                0x08009148   Data           8  stm32h7xx_hal_uart_ex.o(.constdata)
    denominator                              0x08009150   Data           8  stm32h7xx_hal_uart_ex.o(.constdata)
    .constdata                               0x08009158   Section       16  system_stm32h7xx.o(.constdata)
    .constdata                               0x08009168   Section       24  eventrecorder.o(.constdata)
    __tagsym$$used                           0x08009168   Number         0  eventrecorder.o(.constdata)
    .constdata                               0x08009180   Section       48  cos_i.o(.constdata)
    C                                        0x08009180   Data          48  cos_i.o(.constdata)
    .constdata                               0x080091b0   Section       56  log.o(.constdata)
    Lg2                                      0x080091b0   Data          24  log.o(.constdata)
    Lg                                       0x080091c8   Data          32  log.o(.constdata)
    .constdata                               0x080091e8   Section      200  rred.o(.constdata)
    pio2s                                    0x080091e8   Data          48  rred.o(.constdata)
    twooverpi                                0x08009218   Data         152  rred.o(.constdata)
    .constdata                               0x080092b0   Section       40  sin_i.o(.constdata)
    S                                        0x080092b0   Data          40  sin_i.o(.constdata)
    .constdata                               0x080092d8   Section        8  qnan.o(.constdata)
    .data                                    0x24000000   Section        1  main.o(.data)
    .data                                    0x24000004   Section       12  stm32h7xx_hal.o(.data)
    .data                                    0x24000010   Section        8  system_stm32h7xx.o(.data)
    .data                                    0x24000018   Section        4  delay.o(.data)
    fac_us                                   0x24000018   Data           4  delay.o(.data)
    .data                                    0x2400001c   Section        1  mic_adc.o(.data)
    .data                                    0x24000020   Section      232  buzzer.o(.data)
    rx_len                                   0x24000029   Data           1  buzzer.o(.data)
    rx_tick                                  0x24000040   Data           4  buzzer.o(.data)
    rx_frame                                 0x24000044   Data           5  buzzer.o(.data)
    NoteFrequ                                0x24000058   Data          84  buzzer.o(.data)
    TwoTigerNote                             0x240000ac   Data          32  buzzer.o(.data)
    TwoTigerBeat                             0x240000cc   Data          32  buzzer.o(.data)
    testNote                                 0x240000ec   Data          14  buzzer.o(.data)
    testBeat                                 0x240000fa   Data          14  buzzer.o(.data)
    .data                                    0x24000108   Section        4  errno.o(.data)
    _errno                                   0x24000108   Data           4  errno.o(.data)
    .bss                                     0x2400010c   Section      220  adc.o(.bss)
    .bss                                     0x240001e8   Section      136  spi.o(.bss)
    .bss                                     0x24000270   Section      304  tim.o(.bss)
    .bss                                     0x240003a0   Section      564  usart.o(.bss)
    .bss                                     0x240005d4   Section    88576  fft_user.o(.bss)
    tem1                                     0x240145d4   Data        4096  fft_user.o(.bss)
    peak                                     0x240155d4   Data         512  fft_user.o(.bss)
    fft_value                                0x240157d4   Data        2048  fft_user.o(.bss)
    .bss                                     0x24015fd4   Section     4096  fft.o(.bss)
    .bss                                     0x24016fd4   Section     2048  mic_adc.o(.bss)
    .bss                                     0x240177d4   Section      128  buzzer.o(.bss)
    HMI_TxBuff                               0x240177d4   Data         128  buzzer.o(.bss)
    .bss.noinit                              0x24017880   Section     1188  eventrecorder.o(.bss.noinit)
    EventBuffer                              0x24017880   Data        1024  eventrecorder.o(.bss.noinit)
    EventFilter                              0x24017c80   Data         128  eventrecorder.o(.bss.noinit)
    EventStatus                              0x24017d00   Data          36  eventrecorder.o(.bss.noinit)
    STACK                                    0x24017d28   Section     1024  startup_stm32h750xx.o(STACK)

    Global Symbols

    Symbol Name                              Value     Ov Type        Size  Object(Section)

    BuildAttributes$$THM_ISAv4$E$P$D$K$B$S$7EM$VFPv5_D16$PE$PLD8$A:L22UL41UL21$X:L11$S22US41US21$IEEE1$IW$USESV6$~STKCKD$USESV7$~SHL$OTIME$ROPI$IEEEX$EBA8$MICROLIB$REQ8$PRES8$EABIv2 0x00000000   Number         0  anon$$obj.o ABSOLUTE
    __ARM_use_no_argv                        0x00000000   Number         0  main.o ABSOLUTE
    __arm_fini_                               - Undefined Weak Reference
    __cpp_initialize__aeabi_                  - Undefined Weak Reference
    __cxa_finalize                            - Undefined Weak Reference
    __decompress                              - Undefined Weak Reference
    _clock_init                               - Undefined Weak Reference
    _microlib_exit                            - Undefined Weak Reference
    __Vectors_Size                           0x00000298   Number         0  startup_stm32h750xx.o ABSOLUTE
    __Vectors                                0x08000000   Data           4  startup_stm32h750xx.o(RESET)
    __Vectors_End                            0x08000298   Data           0  startup_stm32h750xx.o(RESET)
    __main                                   0x08000299   Thumb Code     0  entry.o(.ARM.Collect$$$$00000000)
    _main_stk                                0x08000299   Thumb Code     0  entry2.o(.ARM.Collect$$$$00000001)
    _main_scatterload                        0x0800029d   Thumb Code     0  entry5.o(.ARM.Collect$$$$00000004)
    __main_after_scatterload                 0x080002a1   Thumb Code     0  entry5.o(.ARM.Collect$$$$00000004)
    _main_clock                              0x080002a1   Thumb Code     0  entry7b.o(.ARM.Collect$$$$00000008)
    _main_cpp_init                           0x080002a1   Thumb Code     0  entry8b.o(.ARM.Collect$$$$0000000A)
    _main_init                               0x080002a1   Thumb Code     0  entry9a.o(.ARM.Collect$$$$0000000B)
    __rt_lib_shutdown_fini                   0x080002a9   Thumb Code     0  entry12b.o(.ARM.Collect$$$$0000000E)
    __rt_final_cpp                           0x080002ad   Thumb Code     0  entry10a.o(.ARM.Collect$$$$0000000F)
    __rt_final_exit                          0x080002ad   Thumb Code     0  entry11a.o(.ARM.Collect$$$$00000011)
    Reset_Handler                            0x080002b1   Thumb Code     8  startup_stm32h750xx.o(.text)
    ADC3_IRQHandler                          0x080002cb   Thumb Code     0  startup_stm32h750xx.o(.text)
    BDMA_Channel0_IRQHandler                 0x080002cb   Thumb Code     0  startup_stm32h750xx.o(.text)
    BDMA_Channel1_IRQHandler                 0x080002cb   Thumb Code     0  startup_stm32h750xx.o(.text)
    BDMA_Channel2_IRQHandler                 0x080002cb   Thumb Code     0  startup_stm32h750xx.o(.text)
    BDMA_Channel3_IRQHandler                 0x080002cb   Thumb Code     0  startup_stm32h750xx.o(.text)
    BDMA_Channel4_IRQHandler                 0x080002cb   Thumb Code     0  startup_stm32h750xx.o(.text)
    BDMA_Channel5_IRQHandler                 0x080002cb   Thumb Code     0  startup_stm32h750xx.o(.text)
    BDMA_Channel6_IRQHandler                 0x080002cb   Thumb Code     0  startup_stm32h750xx.o(.text)
    BDMA_Channel7_IRQHandler                 0x080002cb   Thumb Code     0  startup_stm32h750xx.o(.text)
    CEC_IRQHandler                           0x080002cb   Thumb Code     0  startup_stm32h750xx.o(.text)
    COMP1_IRQHandler                         0x080002cb   Thumb Code     0  startup_stm32h750xx.o(.text)
    CRS_IRQHandler                           0x080002cb   Thumb Code     0  startup_stm32h750xx.o(.text)
    DCMI_IRQHandler                          0x080002cb   Thumb Code     0  startup_stm32h750xx.o(.text)
    DFSDM1_FLT0_IRQHandler                   0x080002cb   Thumb Code     0  startup_stm32h750xx.o(.text)
    DFSDM1_FLT1_IRQHandler                   0x080002cb   Thumb Code     0  startup_stm32h750xx.o(.text)
    DFSDM1_FLT2_IRQHandler                   0x080002cb   Thumb Code     0  startup_stm32h750xx.o(.text)
    DFSDM1_FLT3_IRQHandler                   0x080002cb   Thumb Code     0  startup_stm32h750xx.o(.text)
    DMA1_Stream1_IRQHandler                  0x080002cb   Thumb Code     0  startup_stm32h750xx.o(.text)
    DMA1_Stream3_IRQHandler                  0x080002cb   Thumb Code     0  startup_stm32h750xx.o(.text)
    DMA1_Stream4_IRQHandler                  0x080002cb   Thumb Code     0  startup_stm32h750xx.o(.text)
    DMA1_Stream5_IRQHandler                  0x080002cb   Thumb Code     0  startup_stm32h750xx.o(.text)
    DMA1_Stream6_IRQHandler                  0x080002cb   Thumb Code     0  startup_stm32h750xx.o(.text)
    DMA1_Stream7_IRQHandler                  0x080002cb   Thumb Code     0  startup_stm32h750xx.o(.text)
    DMA2D_IRQHandler                         0x080002cb   Thumb Code     0  startup_stm32h750xx.o(.text)
    DMA2_Stream0_IRQHandler                  0x080002cb   Thumb Code     0  startup_stm32h750xx.o(.text)
    DMA2_Stream1_IRQHandler                  0x080002cb   Thumb Code     0  startup_stm32h750xx.o(.text)
    DMA2_Stream2_IRQHandler                  0x080002cb   Thumb Code     0  startup_stm32h750xx.o(.text)
    DMA2_Stream3_IRQHandler                  0x080002cb   Thumb Code     0  startup_stm32h750xx.o(.text)
    DMA2_Stream4_IRQHandler                  0x080002cb   Thumb Code     0  startup_stm32h750xx.o(.text)
    DMA2_Stream5_IRQHandler                  0x080002cb   Thumb Code     0  startup_stm32h750xx.o(.text)
    DMA2_Stream6_IRQHandler                  0x080002cb   Thumb Code     0  startup_stm32h750xx.o(.text)
    DMA2_Stream7_IRQHandler                  0x080002cb   Thumb Code     0  startup_stm32h750xx.o(.text)
    DMAMUX1_OVR_IRQHandler                   0x080002cb   Thumb Code     0  startup_stm32h750xx.o(.text)
    DMAMUX2_OVR_IRQHandler                   0x080002cb   Thumb Code     0  startup_stm32h750xx.o(.text)
    ECC_IRQHandler                           0x080002cb   Thumb Code     0  startup_stm32h750xx.o(.text)
    ETH_IRQHandler                           0x080002cb   Thumb Code     0  startup_stm32h750xx.o(.text)
    ETH_WKUP_IRQHandler                      0x080002cb   Thumb Code     0  startup_stm32h750xx.o(.text)
    EXTI0_IRQHandler                         0x080002cb   Thumb Code     0  startup_stm32h750xx.o(.text)
    EXTI15_10_IRQHandler                     0x080002cb   Thumb Code     0  startup_stm32h750xx.o(.text)
    EXTI1_IRQHandler                         0x080002cb   Thumb Code     0  startup_stm32h750xx.o(.text)
    EXTI2_IRQHandler                         0x080002cb   Thumb Code     0  startup_stm32h750xx.o(.text)
    EXTI3_IRQHandler                         0x080002cb   Thumb Code     0  startup_stm32h750xx.o(.text)
    EXTI4_IRQHandler                         0x080002cb   Thumb Code     0  startup_stm32h750xx.o(.text)
    EXTI9_5_IRQHandler                       0x080002cb   Thumb Code     0  startup_stm32h750xx.o(.text)
    FDCAN1_IT0_IRQHandler                    0x080002cb   Thumb Code     0  startup_stm32h750xx.o(.text)
    FDCAN1_IT1_IRQHandler                    0x080002cb   Thumb Code     0  startup_stm32h750xx.o(.text)
    FDCAN2_IT0_IRQHandler                    0x080002cb   Thumb Code     0  startup_stm32h750xx.o(.text)
    FDCAN2_IT1_IRQHandler                    0x080002cb   Thumb Code     0  startup_stm32h750xx.o(.text)
    FDCAN_CAL_IRQHandler                     0x080002cb   Thumb Code     0  startup_stm32h750xx.o(.text)
    FLASH_IRQHandler                         0x080002cb   Thumb Code     0  startup_stm32h750xx.o(.text)
    FMC_IRQHandler                           0x080002cb   Thumb Code     0  startup_stm32h750xx.o(.text)
    FPU_IRQHandler                           0x080002cb   Thumb Code     0  startup_stm32h750xx.o(.text)
    HRTIM1_FLT_IRQHandler                    0x080002cb   Thumb Code     0  startup_stm32h750xx.o(.text)
    HRTIM1_Master_IRQHandler                 0x080002cb   Thumb Code     0  startup_stm32h750xx.o(.text)
    HRTIM1_TIMA_IRQHandler                   0x080002cb   Thumb Code     0  startup_stm32h750xx.o(.text)
    HRTIM1_TIMB_IRQHandler                   0x080002cb   Thumb Code     0  startup_stm32h750xx.o(.text)
    HRTIM1_TIMC_IRQHandler                   0x080002cb   Thumb Code     0  startup_stm32h750xx.o(.text)
    HRTIM1_TIMD_IRQHandler                   0x080002cb   Thumb Code     0  startup_stm32h750xx.o(.text)
    HRTIM1_TIME_IRQHandler                   0x080002cb   Thumb Code     0  startup_stm32h750xx.o(.text)
    HSEM1_IRQHandler                         0x080002cb   Thumb Code     0  startup_stm32h750xx.o(.text)
    I2C1_ER_IRQHandler                       0x080002cb   Thumb Code     0  startup_stm32h750xx.o(.text)
    I2C1_EV_IRQHandler                       0x080002cb   Thumb Code     0  startup_stm32h750xx.o(.text)
    I2C2_ER_IRQHandler                       0x080002cb   Thumb Code     0  startup_stm32h750xx.o(.text)
    I2C2_EV_IRQHandler                       0x080002cb   Thumb Code     0  startup_stm32h750xx.o(.text)
    I2C3_ER_IRQHandler                       0x080002cb   Thumb Code     0  startup_stm32h750xx.o(.text)
    I2C3_EV_IRQHandler                       0x080002cb   Thumb Code     0  startup_stm32h750xx.o(.text)
    I2C4_ER_IRQHandler                       0x080002cb   Thumb Code     0  startup_stm32h750xx.o(.text)
    I2C4_EV_IRQHandler                       0x080002cb   Thumb Code     0  startup_stm32h750xx.o(.text)
    JPEG_IRQHandler                          0x080002cb   Thumb Code     0  startup_stm32h750xx.o(.text)
    LPTIM1_IRQHandler                        0x080002cb   Thumb Code     0  startup_stm32h750xx.o(.text)
    LPTIM2_IRQHandler                        0x080002cb   Thumb Code     0  startup_stm32h750xx.o(.text)
    LPTIM3_IRQHandler                        0x080002cb   Thumb Code     0  startup_stm32h750xx.o(.text)
    LPTIM4_IRQHandler                        0x080002cb   Thumb Code     0  startup_stm32h750xx.o(.text)
    LPTIM5_IRQHandler                        0x080002cb   Thumb Code     0  startup_stm32h750xx.o(.text)
    LPUART1_IRQHandler                       0x080002cb   Thumb Code     0  startup_stm32h750xx.o(.text)
    LTDC_ER_IRQHandler                       0x080002cb   Thumb Code     0  startup_stm32h750xx.o(.text)
    LTDC_IRQHandler                          0x080002cb   Thumb Code     0  startup_stm32h750xx.o(.text)
    MDIOS_IRQHandler                         0x080002cb   Thumb Code     0  startup_stm32h750xx.o(.text)
    MDIOS_WKUP_IRQHandler                    0x080002cb   Thumb Code     0  startup_stm32h750xx.o(.text)
    MDMA_IRQHandler                          0x080002cb   Thumb Code     0  startup_stm32h750xx.o(.text)
    OTG_FS_EP1_IN_IRQHandler                 0x080002cb   Thumb Code     0  startup_stm32h750xx.o(.text)
    OTG_FS_EP1_OUT_IRQHandler                0x080002cb   Thumb Code     0  startup_stm32h750xx.o(.text)
    OTG_FS_IRQHandler                        0x080002cb   Thumb Code     0  startup_stm32h750xx.o(.text)
    OTG_FS_WKUP_IRQHandler                   0x080002cb   Thumb Code     0  startup_stm32h750xx.o(.text)
    OTG_HS_EP1_IN_IRQHandler                 0x080002cb   Thumb Code     0  startup_stm32h750xx.o(.text)
    OTG_HS_EP1_OUT_IRQHandler                0x080002cb   Thumb Code     0  startup_stm32h750xx.o(.text)
    OTG_HS_IRQHandler                        0x080002cb   Thumb Code     0  startup_stm32h750xx.o(.text)
    OTG_HS_WKUP_IRQHandler                   0x080002cb   Thumb Code     0  startup_stm32h750xx.o(.text)
    PVD_AVD_IRQHandler                       0x080002cb   Thumb Code     0  startup_stm32h750xx.o(.text)
    QUADSPI_IRQHandler                       0x080002cb   Thumb Code     0  startup_stm32h750xx.o(.text)
    RCC_IRQHandler                           0x080002cb   Thumb Code     0  startup_stm32h750xx.o(.text)
    RNG_IRQHandler                           0x080002cb   Thumb Code     0  startup_stm32h750xx.o(.text)
    RTC_Alarm_IRQHandler                     0x080002cb   Thumb Code     0  startup_stm32h750xx.o(.text)
    RTC_WKUP_IRQHandler                      0x080002cb   Thumb Code     0  startup_stm32h750xx.o(.text)
    SAI1_IRQHandler                          0x080002cb   Thumb Code     0  startup_stm32h750xx.o(.text)
    SAI2_IRQHandler                          0x080002cb   Thumb Code     0  startup_stm32h750xx.o(.text)
    SAI3_IRQHandler                          0x080002cb   Thumb Code     0  startup_stm32h750xx.o(.text)
    SAI4_IRQHandler                          0x080002cb   Thumb Code     0  startup_stm32h750xx.o(.text)
    SDMMC1_IRQHandler                        0x080002cb   Thumb Code     0  startup_stm32h750xx.o(.text)
    SDMMC2_IRQHandler                        0x080002cb   Thumb Code     0  startup_stm32h750xx.o(.text)
    SPDIF_RX_IRQHandler                      0x080002cb   Thumb Code     0  startup_stm32h750xx.o(.text)
    SPI1_IRQHandler                          0x080002cb   Thumb Code     0  startup_stm32h750xx.o(.text)
    SPI2_IRQHandler                          0x080002cb   Thumb Code     0  startup_stm32h750xx.o(.text)
    SPI3_IRQHandler                          0x080002cb   Thumb Code     0  startup_stm32h750xx.o(.text)
    SPI4_IRQHandler                          0x080002cb   Thumb Code     0  startup_stm32h750xx.o(.text)
    SPI5_IRQHandler                          0x080002cb   Thumb Code     0  startup_stm32h750xx.o(.text)
    SPI6_IRQHandler                          0x080002cb   Thumb Code     0  startup_stm32h750xx.o(.text)
    SWPMI1_IRQHandler                        0x080002cb   Thumb Code     0  startup_stm32h750xx.o(.text)
    TAMP_STAMP_IRQHandler                    0x080002cb   Thumb Code     0  startup_stm32h750xx.o(.text)
    TIM15_IRQHandler                         0x080002cb   Thumb Code     0  startup_stm32h750xx.o(.text)
    TIM16_IRQHandler                         0x080002cb   Thumb Code     0  startup_stm32h750xx.o(.text)
    TIM17_IRQHandler                         0x080002cb   Thumb Code     0  startup_stm32h750xx.o(.text)
    TIM1_BRK_IRQHandler                      0x080002cb   Thumb Code     0  startup_stm32h750xx.o(.text)
    TIM1_CC_IRQHandler                       0x080002cb   Thumb Code     0  startup_stm32h750xx.o(.text)
    TIM1_TRG_COM_IRQHandler                  0x080002cb   Thumb Code     0  startup_stm32h750xx.o(.text)
    TIM2_IRQHandler                          0x080002cb   Thumb Code     0  startup_stm32h750xx.o(.text)
    TIM3_IRQHandler                          0x080002cb   Thumb Code     0  startup_stm32h750xx.o(.text)
    TIM4_IRQHandler                          0x080002cb   Thumb Code     0  startup_stm32h750xx.o(.text)
    TIM5_IRQHandler                          0x080002cb   Thumb Code     0  startup_stm32h750xx.o(.text)
    TIM6_DAC_IRQHandler                      0x080002cb   Thumb Code     0  startup_stm32h750xx.o(.text)
    TIM7_IRQHandler                          0x080002cb   Thumb Code     0  startup_stm32h750xx.o(.text)
    TIM8_BRK_TIM12_IRQHandler                0x080002cb   Thumb Code     0  startup_stm32h750xx.o(.text)
    TIM8_CC_IRQHandler                       0x080002cb   Thumb Code     0  startup_stm32h750xx.o(.text)
    TIM8_TRG_COM_TIM14_IRQHandler            0x080002cb   Thumb Code     0  startup_stm32h750xx.o(.text)
    TIM8_UP_TIM13_IRQHandler                 0x080002cb   Thumb Code     0  startup_stm32h750xx.o(.text)
    UART7_IRQHandler                         0x080002cb   Thumb Code     0  startup_stm32h750xx.o(.text)
    UART8_IRQHandler                         0x080002cb   Thumb Code     0  startup_stm32h750xx.o(.text)
    USART2_IRQHandler                        0x080002cb   Thumb Code     0  startup_stm32h750xx.o(.text)
    USART3_IRQHandler                        0x080002cb   Thumb Code     0  startup_stm32h750xx.o(.text)
    USART6_IRQHandler                        0x080002cb   Thumb Code     0  startup_stm32h750xx.o(.text)
    WAKEUP_PIN_IRQHandler                    0x080002cb   Thumb Code     0  startup_stm32h750xx.o(.text)
    WWDG_IRQHandler                          0x080002cb   Thumb Code     0  startup_stm32h750xx.o(.text)
    __aeabi_uldivmod                         0x080002d5   Thumb Code    98  uldiv.o(.text)
    ___aeabi_memcpy4$move                    0x08000337   Thumb Code     0  memmovea.o(.text)
    ___aeabi_memcpy8$move                    0x08000337   Thumb Code     0  memmovea.o(.text)
    __aeabi_memcpy                           0x08000337   Thumb Code    64  memmovea.o(.text)
    __aeabi_memmove                          0x08000337   Thumb Code     0  memmovea.o(.text)
    __aeabi_memmove4                         0x08000337   Thumb Code     0  memmovea.o(.text)
    __aeabi_memmove8                         0x08000337   Thumb Code     0  memmovea.o(.text)
    __aeabi_memset                           0x08000377   Thumb Code    14  memseta.o(.text)
    __aeabi_memset4                          0x08000377   Thumb Code     0  memseta.o(.text)
    __aeabi_memset8                          0x08000377   Thumb Code     0  memseta.o(.text)
    __aeabi_memclr                           0x08000385   Thumb Code     4  memseta.o(.text)
    __aeabi_memclr4                          0x08000385   Thumb Code     0  memseta.o(.text)
    __aeabi_memclr8                          0x08000385   Thumb Code     0  memseta.o(.text)
    _memset$wrapper                          0x08000389   Thumb Code    18  memseta.o(.text)
    strlen                                   0x0800039b   Thumb Code    14  strlen.o(.text)
    __aeabi_uidiv                            0x080003a9   Thumb Code     0  uidiv.o(.text)
    __aeabi_uidivmod                         0x080003a9   Thumb Code    44  uidiv.o(.text)
    __aeabi_llsl                             0x080003d5   Thumb Code    30  llshl.o(.text)
    _ll_shift_l                              0x080003d5   Thumb Code     0  llshl.o(.text)
    __aeabi_llsr                             0x080003f3   Thumb Code    32  llushr.o(.text)
    _ll_ushift_r                             0x080003f3   Thumb Code     0  llushr.o(.text)
    __I$use$fp                               0x08000413   Thumb Code     0  iusefp.o(.text)
    __aeabi_dadd                             0x08000413   Thumb Code   322  dadd.o(.text)
    __aeabi_dsub                             0x08000555   Thumb Code     6  dadd.o(.text)
    __aeabi_drsub                            0x0800055b   Thumb Code     6  dadd.o(.text)
    __aeabi_dmul                             0x08000561   Thumb Code   228  dmul.o(.text)
    __aeabi_ddiv                             0x08000645   Thumb Code   222  ddiv.o(.text)
    __aeabi_d2ulz                            0x08000723   Thumb Code    48  dfixul.o(.text)
    __aeabi_cdrcmple                         0x08000755   Thumb Code    48  cdrcmple.o(.text)
    __scatterload                            0x08000785   Thumb Code    28  init.o(.text)
    __scatterload_rt2                        0x08000785   Thumb Code     0  init.o(.text)
    __aeabi_lasr                             0x080007a9   Thumb Code    36  llsshr.o(.text)
    _ll_sshift_r                             0x080007a9   Thumb Code     0  llsshr.o(.text)
    _double_round                            0x080007cd   Thumb Code    30  depilogue.o(.text)
    _double_epilogue                         0x080007eb   Thumb Code   156  depilogue.o(.text)
    ADC_ConfigureBoostMode                   0x08000889   Thumb Code   236  stm32h7xx_hal_adc.o(i.ADC_ConfigureBoostMode)
    ADC_ConversionStop                       0x08000991   Thumb Code   220  stm32h7xx_hal_adc.o(i.ADC_ConversionStop)
    ADC_DMAConvCplt                          0x08000a75   Thumb Code   104  stm32h7xx_hal_adc.o(i.ADC_DMAConvCplt)
    ADC_DMAError                             0x08000add   Thumb Code    26  stm32h7xx_hal_adc.o(i.ADC_DMAError)
    ADC_DMAHalfConvCplt                      0x08000af7   Thumb Code    10  stm32h7xx_hal_adc.o(i.ADC_DMAHalfConvCplt)
    ADC_Disable                              0x08000b01   Thumb Code   106  stm32h7xx_hal_adc.o(i.ADC_Disable)
    ADC_Enable                               0x08000b71   Thumb Code   148  stm32h7xx_hal_adc.o(i.ADC_Enable)
    ADC_IRQHandler                           0x08000c19   Thumb Code     6  stm32h7xx_it.o(i.ADC_IRQHandler)
    BusFault_Handler                         0x08000c25   Thumb Code     2  stm32h7xx_it.o(i.BusFault_Handler)
    DMA1_Stream0_IRQHandler                  0x08000c29   Thumb Code     6  stm32h7xx_it.o(i.DMA1_Stream0_IRQHandler)
    DMA1_Stream2_IRQHandler                  0x08000c35   Thumb Code     6  stm32h7xx_it.o(i.DMA1_Stream2_IRQHandler)
    DebugMon_Handler                         0x08001079   Thumb Code     2  stm32h7xx_it.o(i.DebugMon_Handler)
    Error_Handler                            0x0800107b   Thumb Code     4  main.o(i.Error_Handler)
    HAL_ADCEx_Calibration_Start              0x08001081   Thumb Code   146  stm32h7xx_hal_adc_ex.o(i.HAL_ADCEx_Calibration_Start)
    HAL_ADCEx_EndOfSamplingCallback          0x0800111d   Thumb Code     2  stm32h7xx_hal_adc_ex.o(i.HAL_ADCEx_EndOfSamplingCallback)
    HAL_ADCEx_InjectedConvCpltCallback       0x0800111f   Thumb Code     2  stm32h7xx_hal_adc_ex.o(i.HAL_ADCEx_InjectedConvCpltCallback)
    HAL_ADCEx_InjectedQueueOverflowCallback  0x08001121   Thumb Code     2  stm32h7xx_hal_adc_ex.o(i.HAL_ADCEx_InjectedQueueOverflowCallback)
    HAL_ADCEx_LevelOutOfWindow2Callback      0x08001123   Thumb Code     2  stm32h7xx_hal_adc_ex.o(i.HAL_ADCEx_LevelOutOfWindow2Callback)
    HAL_ADCEx_LevelOutOfWindow3Callback      0x08001125   Thumb Code     2  stm32h7xx_hal_adc_ex.o(i.HAL_ADCEx_LevelOutOfWindow3Callback)
    HAL_ADCEx_MultiModeConfigChannel         0x08001129   Thumb Code   274  stm32h7xx_hal_adc_ex.o(i.HAL_ADCEx_MultiModeConfigChannel)
    HAL_ADC_ConfigChannel                    0x08001251   Thumb Code   928  stm32h7xx_hal_adc.o(i.HAL_ADC_ConfigChannel)
    HAL_ADC_ConvCpltCallback                 0x08001629   Thumb Code    24  mic_adc.o(i.HAL_ADC_ConvCpltCallback)
    HAL_ADC_ConvHalfCpltCallback             0x0800164d   Thumb Code     2  stm32h7xx_hal_adc.o(i.HAL_ADC_ConvHalfCpltCallback)
    HAL_ADC_ErrorCallback                    0x0800164f   Thumb Code     2  stm32h7xx_hal_adc.o(i.HAL_ADC_ErrorCallback)
    HAL_ADC_IRQHandler                       0x08001651   Thumb Code   640  stm32h7xx_hal_adc.o(i.HAL_ADC_IRQHandler)
    HAL_ADC_Init                             0x080018e1   Thumb Code   498  stm32h7xx_hal_adc.o(i.HAL_ADC_Init)
    HAL_ADC_LevelOutOfWindowCallback         0x08001b09   Thumb Code     2  stm32h7xx_hal_adc.o(i.HAL_ADC_LevelOutOfWindowCallback)
    HAL_ADC_MspInit                          0x08001b0d   Thumb Code   198  adc.o(i.HAL_ADC_MspInit)
    HAL_ADC_Start_DMA                        0x08001be9   Thumb Code   230  stm32h7xx_hal_adc.o(i.HAL_ADC_Start_DMA)
    HAL_ADC_Stop_DMA                         0x08001cf1   Thumb Code   122  stm32h7xx_hal_adc.o(i.HAL_ADC_Stop_DMA)
    HAL_DMA_Abort                            0x08001d6d   Thumb Code   836  stm32h7xx_hal_dma.o(i.HAL_DMA_Abort)
    HAL_DMA_Abort_IT                         0x080020cd   Thumb Code   602  stm32h7xx_hal_dma.o(i.HAL_DMA_Abort_IT)
    HAL_DMA_IRQHandler                       0x08002351   Thumb Code  1756  stm32h7xx_hal_dma.o(i.HAL_DMA_IRQHandler)
    HAL_DMA_Init                             0x08002a39   Thumb Code   926  stm32h7xx_hal_dma.o(i.HAL_DMA_Init)
    HAL_DMA_Start_IT                         0x08002dfd   Thumb Code   628  stm32h7xx_hal_dma.o(i.HAL_DMA_Start_IT)
    HAL_GPIO_Init                            0x08003099   Thumb Code   506  stm32h7xx_hal_gpio.o(i.HAL_GPIO_Init)
    HAL_GPIO_TogglePin                       0x080032c5   Thumb Code    16  stm32h7xx_hal_gpio.o(i.HAL_GPIO_TogglePin)
    HAL_GPIO_WritePin                        0x080032d5   Thumb Code    10  stm32h7xx_hal_gpio.o(i.HAL_GPIO_WritePin)
    HAL_GetREVID                             0x080032e1   Thumb Code     8  stm32h7xx_hal.o(i.HAL_GetREVID)
    HAL_GetTick                              0x080032ed   Thumb Code     6  stm32h7xx_hal.o(i.HAL_GetTick)
    HAL_IncTick                              0x080032f9   Thumb Code    12  stm32h7xx_hal.o(i.HAL_IncTick)
    HAL_Init                                 0x08003309   Thumb Code    74  stm32h7xx_hal.o(i.HAL_Init)
    HAL_InitTick                             0x08003365   Thumb Code    56  stm32h7xx_hal.o(i.HAL_InitTick)
    HAL_MspInit                              0x080033a5   Thumb Code    28  stm32h7xx_hal_msp.o(i.HAL_MspInit)
    HAL_NVIC_EnableIRQ                       0x080033c5   Thumb Code    26  stm32h7xx_hal_cortex.o(i.HAL_NVIC_EnableIRQ)
    HAL_NVIC_SetPriority                     0x080033e1   Thumb Code    60  stm32h7xx_hal_cortex.o(i.HAL_NVIC_SetPriority)
    HAL_NVIC_SetPriorityGrouping             0x08003421   Thumb Code    28  stm32h7xx_hal_cortex.o(i.HAL_NVIC_SetPriorityGrouping)
    HAL_PWREx_ConfigSupply                   0x08003445   Thumb Code    78  stm32h7xx_hal_pwr_ex.o(i.HAL_PWREx_ConfigSupply)
    HAL_RCCEx_GetD3PCLK1Freq                 0x08003499   Thumb Code    26  stm32h7xx_hal_rcc_ex.o(i.HAL_RCCEx_GetD3PCLK1Freq)
    HAL_RCCEx_GetPLL1ClockFreq               0x080034bd   Thumb Code   298  stm32h7xx_hal_rcc_ex.o(i.HAL_RCCEx_GetPLL1ClockFreq)
    HAL_RCCEx_GetPLL2ClockFreq               0x08003605   Thumb Code   296  stm32h7xx_hal_rcc_ex.o(i.HAL_RCCEx_GetPLL2ClockFreq)
    HAL_RCCEx_GetPLL3ClockFreq               0x08003749   Thumb Code   296  stm32h7xx_hal_rcc_ex.o(i.HAL_RCCEx_GetPLL3ClockFreq)
    HAL_RCCEx_GetPeriphCLKFreq               0x0800388d   Thumb Code   692  stm32h7xx_hal_rcc_ex.o(i.HAL_RCCEx_GetPeriphCLKFreq)
    HAL_RCCEx_PeriphCLKConfig                0x08003b55   Thumb Code  2472  stm32h7xx_hal_rcc_ex.o(i.HAL_RCCEx_PeriphCLKConfig)
    HAL_RCC_ClockConfig                      0x08004501   Thumb Code   580  stm32h7xx_hal_rcc.o(i.HAL_RCC_ClockConfig)
    HAL_RCC_GetHCLKFreq                      0x0800475d   Thumb Code    52  stm32h7xx_hal_rcc.o(i.HAL_RCC_GetHCLKFreq)
    HAL_RCC_GetPCLK1Freq                     0x080047a1   Thumb Code    26  stm32h7xx_hal_rcc.o(i.HAL_RCC_GetPCLK1Freq)
    HAL_RCC_GetPCLK2Freq                     0x080047c5   Thumb Code    26  stm32h7xx_hal_rcc.o(i.HAL_RCC_GetPCLK2Freq)
    HAL_RCC_GetSysClockFreq                  0x080047e9   Thumb Code   278  stm32h7xx_hal_rcc.o(i.HAL_RCC_GetSysClockFreq)
    HAL_RCC_OscConfig                        0x08004921   Thumb Code  1410  stm32h7xx_hal_rcc.o(i.HAL_RCC_OscConfig)
    HAL_SPI_Init                             0x08004ea5   Thumb Code   366  stm32h7xx_hal_spi.o(i.HAL_SPI_Init)
    HAL_SPI_MspInit                          0x08005021   Thumb Code   122  spi.o(i.HAL_SPI_MspInit)
    HAL_SPI_Transmit                         0x080050a9   Thumb Code   590  stm32h7xx_hal_spi.o(i.HAL_SPI_Transmit)
    HAL_SYSTICK_CLKSourceConfig              0x080052f7   Thumb Code    24  stm32h7xx_hal_cortex.o(i.HAL_SYSTICK_CLKSourceConfig)
    HAL_SYSTICK_Config                       0x0800530f   Thumb Code    38  stm32h7xx_hal_cortex.o(i.HAL_SYSTICK_Config)
    HAL_TIMEx_Break2Callback                 0x08005335   Thumb Code     2  stm32h7xx_hal_tim_ex.o(i.HAL_TIMEx_Break2Callback)
    HAL_TIMEx_BreakCallback                  0x08005337   Thumb Code     2  stm32h7xx_hal_tim_ex.o(i.HAL_TIMEx_BreakCallback)
    HAL_TIMEx_CommutCallback                 0x08005339   Thumb Code     2  stm32h7xx_hal_tim_ex.o(i.HAL_TIMEx_CommutCallback)
    HAL_TIMEx_MasterConfigSynchronization    0x0800533d   Thumb Code   134  stm32h7xx_hal_tim_ex.o(i.HAL_TIMEx_MasterConfigSynchronization)
    HAL_TIM_Base_Init                        0x080053e1   Thumb Code    98  stm32h7xx_hal_tim.o(i.HAL_TIM_Base_Init)
    HAL_TIM_Base_MspInit                     0x08005445   Thumb Code    90  tim.o(i.HAL_TIM_Base_MspInit)
    HAL_TIM_Base_Start_IT                    0x080054ad   Thumb Code   106  stm32h7xx_hal_tim.o(i.HAL_TIM_Base_Start_IT)
    HAL_TIM_IC_CaptureCallback               0x08005539   Thumb Code     2  stm32h7xx_hal_tim.o(i.HAL_TIM_IC_CaptureCallback)
    HAL_TIM_IRQHandler                       0x0800553b   Thumb Code   386  stm32h7xx_hal_tim.o(i.HAL_TIM_IRQHandler)
    HAL_TIM_OC_DelayElapsedCallback          0x080056bd   Thumb Code     2  stm32h7xx_hal_tim.o(i.HAL_TIM_OC_DelayElapsedCallback)
    HAL_TIM_PWM_PulseFinishedCallback        0x080056bf   Thumb Code     2  stm32h7xx_hal_tim.o(i.HAL_TIM_PWM_PulseFinishedCallback)
    HAL_TIM_PeriodElapsedCallback            0x080056c1   Thumb Code    50  buzzer.o(i.HAL_TIM_PeriodElapsedCallback)
    HAL_TIM_TriggerCallback                  0x08005701   Thumb Code     2  stm32h7xx_hal_tim.o(i.HAL_TIM_TriggerCallback)
    HAL_UARTEx_DisableFifoMode               0x08005703   Thumb Code    64  stm32h7xx_hal_uart_ex.o(i.HAL_UARTEx_DisableFifoMode)
    HAL_UARTEx_RxEventCallback               0x08005743   Thumb Code     2  stm32h7xx_hal_uart.o(i.HAL_UARTEx_RxEventCallback)
    HAL_UARTEx_RxFifoFullCallback            0x08005745   Thumb Code     2  stm32h7xx_hal_uart_ex.o(i.HAL_UARTEx_RxFifoFullCallback)
    HAL_UARTEx_SetRxFifoThreshold            0x08005747   Thumb Code    76  stm32h7xx_hal_uart_ex.o(i.HAL_UARTEx_SetRxFifoThreshold)
    HAL_UARTEx_SetTxFifoThreshold            0x08005793   Thumb Code    76  stm32h7xx_hal_uart_ex.o(i.HAL_UARTEx_SetTxFifoThreshold)
    HAL_UARTEx_TxFifoEmptyCallback           0x080057df   Thumb Code     2  stm32h7xx_hal_uart_ex.o(i.HAL_UARTEx_TxFifoEmptyCallback)
    HAL_UARTEx_WakeupCallback                0x080057e1   Thumb Code     2  stm32h7xx_hal_uart_ex.o(i.HAL_UARTEx_WakeupCallback)
    HAL_UART_ErrorCallback                   0x080057e3   Thumb Code     2  stm32h7xx_hal_uart.o(i.HAL_UART_ErrorCallback)
    HAL_UART_IRQHandler                      0x080057e5   Thumb Code   878  stm32h7xx_hal_uart.o(i.HAL_UART_IRQHandler)
    HAL_UART_Init                            0x08005b6d   Thumb Code   106  stm32h7xx_hal_uart.o(i.HAL_UART_Init)
    HAL_UART_MspInit                         0x08005bd9   Thumb Code   444  usart.o(i.HAL_UART_MspInit)
    HAL_UART_Receive_IT                      0x08005db9   Thumb Code    66  stm32h7xx_hal_uart.o(i.HAL_UART_Receive_IT)
    HAL_UART_RxCpltCallback                  0x08005e01   Thumb Code   118  buzzer.o(i.HAL_UART_RxCpltCallback)
    HAL_UART_Transmit                        0x08005e85   Thumb Code   176  stm32h7xx_hal_uart.o(i.HAL_UART_Transmit)
    HAL_UART_TxCpltCallback                  0x08005f35   Thumb Code     2  stm32h7xx_hal_uart.o(i.HAL_UART_TxCpltCallback)
    HardFault_Handler                        0x08005f37   Thumb Code     2  stm32h7xx_it.o(i.HardFault_Handler)
    InitTableFFT                             0x08005f39   Thumb Code   116  fft.o(i.InitTableFFT)
    MX_ADC1_Init                             0x08006001   Thumb Code   136  adc.o(i.MX_ADC1_Init)
    MX_DMA_Init                              0x08006095   Thumb Code    56  dma.o(i.MX_DMA_Init)
    MX_GPIO_Init                             0x080060d1   Thumb Code   256  gpio.o(i.MX_GPIO_Init)
    MX_SPI3_Init                             0x080061e5   Thumb Code    84  spi.o(i.MX_SPI3_Init)
    MX_TIM1_Init                             0x08006241   Thumb Code    68  tim.o(i.MX_TIM1_Init)
    MX_UART4_Init                            0x0800628d   Thumb Code    94  usart.o(i.MX_UART4_Init)
    MX_UART5_Init                            0x080062f5   Thumb Code    94  usart.o(i.MX_UART5_Init)
    MX_USART1_UART_Init                      0x0800635d   Thumb Code    94  usart.o(i.MX_USART1_UART_Init)
    MemManage_Handler                        0x080063c5   Thumb Code     2  stm32h7xx_it.o(i.MemManage_Handler)
    NMI_Handler                              0x080063c7   Thumb Code     2  stm32h7xx_it.o(i.NMI_Handler)
    PendSV_Handler                           0x080063c9   Thumb Code     2  stm32h7xx_it.o(i.PendSV_Handler)
    Play_Note                                0x080064a5   Thumb Code    82  buzzer.o(i.Play_Note)
    SVC_Handler                              0x0800683f   Thumb Code     2  stm32h7xx_it.o(i.SVC_Handler)
    SysTick_Handler                          0x08006841   Thumb Code     4  stm32h7xx_it.o(i.SysTick_Handler)
    SystemClock_Config                       0x08006845   Thumb Code   160  main.o(i.SystemClock_Config)
    SystemInit                               0x080068ed   Thumb Code   180  system_stm32h7xx.o(i.SystemInit)
    TIM1_UP_IRQHandler                       0x080069c9   Thumb Code     6  stm32h7xx_it.o(i.TIM1_UP_IRQHandler)
    TIM_Base_SetConfig                       0x080069d5   Thumb Code   162  stm32h7xx_hal_tim.o(i.TIM_Base_SetConfig)
    UART4_IRQHandler                         0x08006a99   Thumb Code     6  stm32h7xx_it.o(i.UART4_IRQHandler)
    UART5_IRQHandler                         0x08006aa5   Thumb Code     6  stm32h7xx_it.o(i.UART5_IRQHandler)
    UART_AdvFeatureConfig                    0x08006af5   Thumb Code   200  stm32h7xx_hal_uart.o(i.UART_AdvFeatureConfig)
    UART_CheckIdleState                      0x08006bbd   Thumb Code   170  stm32h7xx_hal_uart.o(i.UART_CheckIdleState)
    UART_SetConfig                           0x080071a1   Thumb Code   876  stm32h7xx_hal_uart.o(i.UART_SetConfig)
    UART_Start_Receive_IT                    0x0800754d   Thumb Code   256  stm32h7xx_hal_uart.o(i.UART_Start_Receive_IT)
    UART_WaitOnFlagUntilTimeout              0x0800765d   Thumb Code   140  stm32h7xx_hal_uart.o(i.UART_WaitOnFlagUntilTimeout)
    USART1_IRQHandler                        0x080076e9   Thumb Code     6  stm32h7xx_it.o(i.USART1_IRQHandler)
    UsageFault_Handler                       0x080076f5   Thumb Code     2  stm32h7xx_it.o(i.UsageFault_Handler)
    __0vsnprintf                             0x080076f9   Thumb Code    46  printfa.o(i.__0vsnprintf)
    __1vsnprintf                             0x080076f9   Thumb Code     0  printfa.o(i.__0vsnprintf)
    __2vsnprintf                             0x080076f9   Thumb Code     0  printfa.o(i.__0vsnprintf)
    __c89vsnprintf                           0x080076f9   Thumb Code     0  printfa.o(i.__0vsnprintf)
    vsnprintf                                0x080076f9   Thumb Code     0  printfa.o(i.__0vsnprintf)
    __ARM_fpclassify                         0x0800772d   Thumb Code    48  fpclassify.o(i.__ARM_fpclassify)
    __hardfp_cos                             0x08007781   Thumb Code   158  cos.o(i.__hardfp_cos)
    __hardfp_log                             0x08007831   Thumb Code   480  log.o(i.__hardfp_log)
    __hardfp_log2                            0x08007a71   Thumb Code   158  log2.o(i.__hardfp_log2)
    __hardfp_sin                             0x08007b31   Thumb Code   158  sin.o(i.__hardfp_sin)
    __ieee754_rem_pio2                       0x08007be1   Thumb Code   646  rred.o(i.__ieee754_rem_pio2)
    __kernel_cos                             0x08007ef1   Thumb Code   182  cos_i.o(i.__kernel_cos)
    __kernel_poly                            0x08007fd1   Thumb Code   112  poly.o(i.__kernel_poly)
    __kernel_sin                             0x08008041   Thumb Code   144  sin_i.o(i.__kernel_sin)
    __mathlib_dbl_divzero                    0x080080e9   Thumb Code    14  dunder.o(i.__mathlib_dbl_divzero)
    __mathlib_dbl_infnan                     0x08008109   Thumb Code     6  dunder.o(i.__mathlib_dbl_infnan)
    __mathlib_dbl_invalid                    0x08008111   Thumb Code    10  dunder.o(i.__mathlib_dbl_invalid)
    __mathlib_dbl_underflow                  0x08008129   Thumb Code    10  dunder.o(i.__mathlib_dbl_underflow)
    __scatterload_copy                       0x08008141   Thumb Code    14  handlers.o(i.__scatterload_copy)
    __scatterload_null                       0x0800814f   Thumb Code     2  handlers.o(i.__scatterload_null)
    __scatterload_zeroinit                   0x08008151   Thumb Code    14  handlers.o(i.__scatterload_zeroinit)
    __set_errno                              0x08008161   Thumb Code     6  errno.o(i.__set_errno)
    cfft                                     0x08008a0d   Thumb Code   236  fft.o(i.cfft)
    cfft_f32_mag                             0x08008afd   Thumb Code   224  fft_user.o(i.cfft_f32_mag)
    delay_init                               0x08008bf5   Thumb Code    16  delay.o(i.delay_init)
    delay_ms                                 0x08008c09   Thumb Code    26  delay.o(i.delay_ms)
    delay_us                                 0x08008c25   Thumb Code    48  delay.o(i.delay_us)
    fabs                                     0x08008c59   Thumb Code    24  fabs.o(i.fabs)
    frexp                                    0x08008d29   Thumb Code   118  frexp.o(i.frexp)
    hmi_printf                               0x08008db5   Thumb Code    42  buzzer.o(i.hmi_printf)
    log                                      0x08008de9   Thumb Code    16  log.o(i.log)
    main                                     0x08008df9   Thumb Code   408  main.o(i.main)
    pa117_init                               0x0800902d   Thumb Code    30  pga117.o(i.pa117_init)
    pa117_sdn_dis                            0x0800904d   Thumb Code    52  pga117.o(i.pa117_sdn_dis)
    pga117_config                            0x08009089   Thumb Code   152  pga117.o(i.pga117_config)
    UARTPrescTable                           0x08009130   Data          24  stm32h7xx_hal_uart.o(.constdata)
    D1CorePrescTable                         0x08009158   Data          16  system_stm32h7xx.o(.constdata)
    EventRecorderInfo                        0x08009168   Data          24  eventrecorder.o(.constdata)
    __mathlib_zero                           0x080092d8   Data           8  qnan.o(.constdata)
    Region$$Table$$Base                      0x080092e0   Number         0  anon$$obj.o(Region$$Table)
    Region$$Table$$Limit                     0x08009300   Number         0  anon$$obj.o(Region$$Table)
    runing_state                             0x24000000   Data           1  main.o(.data)
    uwTickFreq                               0x24000004   Data           1  stm32h7xx_hal.o(.data)
    uwTickPrio                               0x24000008   Data           4  stm32h7xx_hal.o(.data)
    uwTick                                   0x2400000c   Data           4  stm32h7xx_hal.o(.data)
    SystemCoreClock                          0x24000010   Data           4  system_stm32h7xx.o(.data)
    SystemD2Clock                            0x24000014   Data           4  system_stm32h7xx.o(.data)
    start_fft_flag                           0x2400001c   Data           1  mic_adc.o(.data)
    beat                                     0x24000020   Data           1  buzzer.o(.data)
    note                                     0x24000021   Data           1  buzzer.o(.data)
    enable                                   0x24000022   Data           1  buzzer.o(.data)
    tmrflag                                  0x24000023   Data           1  buzzer.o(.data)
    Buzzer_play_Enable                       0x24000024   Data           1  buzzer.o(.data)
    Note_1                                   0x24000025   Data           1  buzzer.o(.data)
    _pNote                                   0x24000026   Data           1  buzzer.o(.data)
    _pBeat                                   0x24000027   Data           1  buzzer.o(.data)
    UART4_Rx_Buffer                          0x24000028   Data           1  buzzer.o(.data)
    time                                     0x2400002c   Data           4  buzzer.o(.data)
    beatTime                                 0x24000030   Data           4  buzzer.o(.data)
    soundTime                                0x24000034   Data           4  buzzer.o(.data)
    pNote                                    0x24000038   Data           4  buzzer.o(.data)
    pBeat                                    0x2400003c   Data           4  buzzer.o(.data)
    countA                                   0x24000050   Data           8  buzzer.o(.data)
    hadc1                                    0x2400010c   Data         100  adc.o(.bss)
    hdma_adc1                                0x24000170   Data         120  adc.o(.bss)
    hspi3                                    0x240001e8   Data         136  spi.o(.bss)
    htim1                                    0x24000270   Data          76  tim.o(.bss)
    htim3                                    0x240002bc   Data          76  tim.o(.bss)
    htim4                                    0x24000308   Data          76  tim.o(.bss)
    htim6                                    0x24000354   Data          76  tim.o(.bss)
    huart4                                   0x240003a0   Data         148  usart.o(.bss)
    huart5                                   0x24000434   Data         148  usart.o(.bss)
    huart1                                   0x240004c8   Data         148  usart.o(.bss)
    hdma_uart4_rx                            0x2400055c   Data         120  usart.o(.bss)
    s                                        0x240005d4   Data       81920  fft_user.o(.bss)
    costab                                   0x24015fd4   Data        2048  fft.o(.bss)
    sintab                                   0x240167d4   Data        2048  fft.o(.bss)
    adc_value_buffer                         0x24016fd4   Data        2048  mic_adc.o(.bss)
    __initial_sp                             0x24018128   Data           0  startup_stm32h750xx.o(STACK)



==============================================================================

Memory Map of the image

  Image Entry point : 0x08000299

  Load Region LR_IROM1 (Base: 0x08000000, Size: 0x0000940c, Max: 0x00020000, ABSOLUTE)

    Execution Region ER_IROM1 (Exec base: 0x08000000, Load base: 0x08000000, Size: 0x00009300, Max: 0x00020000, ABSOLUTE)

    Exec Addr    Load Addr    Size         Type   Attr      Idx    E Section Name        Object

    0x08000000   0x08000000   0x00000298   Data   RO            3    RESET               startup_stm32h750xx.o
    0x08000298   0x08000298   0x00000000   Code   RO         6042  * .ARM.Collect$$$$00000000  mc_w.l(entry.o)
    0x08000298   0x08000298   0x00000004   Code   RO         6160    .ARM.Collect$$$$00000001  mc_w.l(entry2.o)
    0x0800029c   0x0800029c   0x00000004   Code   RO         6163    .ARM.Collect$$$$00000004  mc_w.l(entry5.o)
    0x080002a0   0x080002a0   0x00000000   Code   RO         6165    .ARM.Collect$$$$00000008  mc_w.l(entry7b.o)
    0x080002a0   0x080002a0   0x00000000   Code   RO         6167    .ARM.Collect$$$$0000000A  mc_w.l(entry8b.o)
    0x080002a0   0x080002a0   0x00000008   Code   RO         6168    .ARM.Collect$$$$0000000B  mc_w.l(entry9a.o)
    0x080002a8   0x080002a8   0x00000004   Code   RO         6175    .ARM.Collect$$$$0000000E  mc_w.l(entry12b.o)
    0x080002ac   0x080002ac   0x00000000   Code   RO         6170    .ARM.Collect$$$$0000000F  mc_w.l(entry10a.o)
    0x080002ac   0x080002ac   0x00000000   Code   RO         6172    .ARM.Collect$$$$00000011  mc_w.l(entry11a.o)
    0x080002ac   0x080002ac   0x00000004   Code   RO         6161    .ARM.Collect$$$$00002712  mc_w.l(entry2.o)
    0x080002b0   0x080002b0   0x00000024   Code   RO            4    .text               startup_stm32h750xx.o
    0x080002d4   0x080002d4   0x00000062   Code   RO         6051    .text               mc_w.l(uldiv.o)
    0x08000336   0x08000336   0x00000040   Code   RO         6055    .text               mc_w.l(memmovea.o)
    0x08000376   0x08000376   0x00000024   Code   RO         6057    .text               mc_w.l(memseta.o)
    0x0800039a   0x0800039a   0x0000000e   Code   RO         6059    .text               mc_w.l(strlen.o)
    0x080003a8   0x080003a8   0x0000002c   Code   RO         6176    .text               mc_w.l(uidiv.o)
    0x080003d4   0x080003d4   0x0000001e   Code   RO         6178    .text               mc_w.l(llshl.o)
    0x080003f2   0x080003f2   0x00000020   Code   RO         6180    .text               mc_w.l(llushr.o)
    0x08000412   0x08000412   0x00000000   Code   RO         6189    .text               mc_w.l(iusefp.o)
    0x08000412   0x08000412   0x0000014e   Code   RO         6190    .text               mf_w.l(dadd.o)
    0x08000560   0x08000560   0x000000e4   Code   RO         6192    .text               mf_w.l(dmul.o)
    0x08000644   0x08000644   0x000000de   Code   RO         6194    .text               mf_w.l(ddiv.o)
    0x08000722   0x08000722   0x00000030   Code   RO         6196    .text               mf_w.l(dfixul.o)
    0x08000752   0x08000752   0x00000002   PAD
    0x08000754   0x08000754   0x00000030   Code   RO         6198    .text               mf_w.l(cdrcmple.o)
    0x08000784   0x08000784   0x00000024   Code   RO         6211    .text               mc_w.l(init.o)
    0x080007a8   0x080007a8   0x00000024   Code   RO         6213    .text               mc_w.l(llsshr.o)
    0x080007cc   0x080007cc   0x000000ba   Code   RO         6215    .text               mf_w.l(depilogue.o)
    0x08000886   0x08000886   0x00000002   PAD
    0x08000888   0x08000888   0x00000108   Code   RO          665    i.ADC_ConfigureBoostMode  stm32h7xx_hal_adc.o
    0x08000990   0x08000990   0x000000e4   Code   RO          666    i.ADC_ConversionStop  stm32h7xx_hal_adc.o
    0x08000a74   0x08000a74   0x00000068   Code   RO          667    i.ADC_DMAConvCplt   stm32h7xx_hal_adc.o
    0x08000adc   0x08000adc   0x0000001a   Code   RO          668    i.ADC_DMAError      stm32h7xx_hal_adc.o
    0x08000af6   0x08000af6   0x0000000a   Code   RO          669    i.ADC_DMAHalfConvCplt  stm32h7xx_hal_adc.o
    0x08000b00   0x08000b00   0x00000070   Code   RO          670    i.ADC_Disable       stm32h7xx_hal_adc.o
    0x08000b70   0x08000b70   0x000000a8   Code   RO          671    i.ADC_Enable        stm32h7xx_hal_adc.o
    0x08000c18   0x08000c18   0x0000000c   Code   RO          517    i.ADC_IRQHandler    stm32h7xx_it.o
    0x08000c24   0x08000c24   0x00000002   Code   RO          518    i.BusFault_Handler  stm32h7xx_it.o
    0x08000c26   0x08000c26   0x00000002   PAD
    0x08000c28   0x08000c28   0x0000000c   Code   RO          519    i.DMA1_Stream0_IRQHandler  stm32h7xx_it.o
    0x08000c34   0x08000c34   0x0000000c   Code   RO          520    i.DMA1_Stream2_IRQHandler  stm32h7xx_it.o
    0x08000c40   0x08000c40   0x000000b4   Code   RO         1758    i.DMA_CalcBaseAndBitshift  stm32h7xx_hal_dma.o
    0x08000cf4   0x08000cf4   0x0000009c   Code   RO         1759    i.DMA_CalcDMAMUXChannelBaseAndMask  stm32h7xx_hal_dma.o
    0x08000d90   0x08000d90   0x00000074   Code   RO         1760    i.DMA_CalcDMAMUXRequestGenBaseAndMask  stm32h7xx_hal_dma.o
    0x08000e04   0x08000e04   0x00000054   Code   RO         1761    i.DMA_CheckFifoParam  stm32h7xx_hal_dma.o
    0x08000e58   0x08000e58   0x00000220   Code   RO         1762    i.DMA_SetConfig     stm32h7xx_hal_dma.o
    0x08001078   0x08001078   0x00000002   Code   RO          521    i.DebugMon_Handler  stm32h7xx_it.o
    0x0800107a   0x0800107a   0x00000004   Code   RO           13    i.Error_Handler     main.o
    0x0800107e   0x0800107e   0x00000002   PAD
    0x08001080   0x08001080   0x0000009c   Code   RO          887    i.HAL_ADCEx_Calibration_Start  stm32h7xx_hal_adc_ex.o
    0x0800111c   0x0800111c   0x00000002   Code   RO          891    i.HAL_ADCEx_EndOfSamplingCallback  stm32h7xx_hal_adc_ex.o
    0x0800111e   0x0800111e   0x00000002   Code   RO          894    i.HAL_ADCEx_InjectedConvCpltCallback  stm32h7xx_hal_adc_ex.o
    0x08001120   0x08001120   0x00000002   Code   RO          897    i.HAL_ADCEx_InjectedQueueOverflowCallback  stm32h7xx_hal_adc_ex.o
    0x08001122   0x08001122   0x00000002   Code   RO          902    i.HAL_ADCEx_LevelOutOfWindow2Callback  stm32h7xx_hal_adc_ex.o
    0x08001124   0x08001124   0x00000002   Code   RO          903    i.HAL_ADCEx_LevelOutOfWindow3Callback  stm32h7xx_hal_adc_ex.o
    0x08001126   0x08001126   0x00000002   PAD
    0x08001128   0x08001128   0x00000128   Code   RO          907    i.HAL_ADCEx_MultiModeConfigChannel  stm32h7xx_hal_adc_ex.o
    0x08001250   0x08001250   0x000003d8   Code   RO          673    i.HAL_ADC_ConfigChannel  stm32h7xx_hal_adc.o
    0x08001628   0x08001628   0x00000024   Code   RO         5674    i.HAL_ADC_ConvCpltCallback  mic_adc.o
    0x0800164c   0x0800164c   0x00000002   Code   RO          675    i.HAL_ADC_ConvHalfCpltCallback  stm32h7xx_hal_adc.o
    0x0800164e   0x0800164e   0x00000002   Code   RO          677    i.HAL_ADC_ErrorCallback  stm32h7xx_hal_adc.o
    0x08001650   0x08001650   0x00000290   Code   RO          681    i.HAL_ADC_IRQHandler  stm32h7xx_hal_adc.o
    0x080018e0   0x080018e0   0x00000228   Code   RO          682    i.HAL_ADC_Init      stm32h7xx_hal_adc.o
    0x08001b08   0x08001b08   0x00000002   Code   RO          683    i.HAL_ADC_LevelOutOfWindowCallback  stm32h7xx_hal_adc.o
    0x08001b0a   0x08001b0a   0x00000002   PAD
    0x08001b0c   0x08001b0c   0x000000dc   Code   RO          278    i.HAL_ADC_MspInit   adc.o
    0x08001be8   0x08001be8   0x00000108   Code   RO          689    i.HAL_ADC_Start_DMA  stm32h7xx_hal_adc.o
    0x08001cf0   0x08001cf0   0x0000007a   Code   RO          692    i.HAL_ADC_Stop_DMA  stm32h7xx_hal_adc.o
    0x08001d6a   0x08001d6a   0x00000002   PAD
    0x08001d6c   0x08001d6c   0x00000360   Code   RO         1763    i.HAL_DMA_Abort     stm32h7xx_hal_dma.o
    0x080020cc   0x080020cc   0x00000284   Code   RO         1764    i.HAL_DMA_Abort_IT  stm32h7xx_hal_dma.o
    0x08002350   0x08002350   0x000006e8   Code   RO         1768    i.HAL_DMA_IRQHandler  stm32h7xx_hal_dma.o
    0x08002a38   0x08002a38   0x000003c4   Code   RO         1769    i.HAL_DMA_Init      stm32h7xx_hal_dma.o
    0x08002dfc   0x08002dfc   0x0000029c   Code   RO         1773    i.HAL_DMA_Start_IT  stm32h7xx_hal_dma.o
    0x08003098   0x08003098   0x0000022c   Code   RO         1611    i.HAL_GPIO_Init     stm32h7xx_hal_gpio.o
    0x080032c4   0x080032c4   0x00000010   Code   RO         1614    i.HAL_GPIO_TogglePin  stm32h7xx_hal_gpio.o
    0x080032d4   0x080032d4   0x0000000a   Code   RO         1615    i.HAL_GPIO_WritePin  stm32h7xx_hal_gpio.o
    0x080032de   0x080032de   0x00000002   PAD
    0x080032e0   0x080032e0   0x0000000c   Code   RO         2624    i.HAL_GetREVID      stm32h7xx_hal.o
    0x080032ec   0x080032ec   0x0000000c   Code   RO         2625    i.HAL_GetTick       stm32h7xx_hal.o
    0x080032f8   0x080032f8   0x00000010   Code   RO         2631    i.HAL_IncTick       stm32h7xx_hal.o
    0x08003308   0x08003308   0x0000005c   Code   RO         2632    i.HAL_Init          stm32h7xx_hal.o
    0x08003364   0x08003364   0x00000040   Code   RO         2633    i.HAL_InitTick      stm32h7xx_hal.o
    0x080033a4   0x080033a4   0x00000020   Code   RO          641    i.HAL_MspInit       stm32h7xx_hal_msp.o
    0x080033c4   0x080033c4   0x0000001a   Code   RO         2471    i.HAL_NVIC_EnableIRQ  stm32h7xx_hal_cortex.o
    0x080033de   0x080033de   0x00000002   PAD
    0x080033e0   0x080033e0   0x00000040   Code   RO         2477    i.HAL_NVIC_SetPriority  stm32h7xx_hal_cortex.o
    0x08003420   0x08003420   0x00000024   Code   RO         2478    i.HAL_NVIC_SetPriorityGrouping  stm32h7xx_hal_cortex.o
    0x08003444   0x08003444   0x00000054   Code   RO         2212    i.HAL_PWREx_ConfigSupply  stm32h7xx_hal_pwr_ex.o
    0x08003498   0x08003498   0x00000024   Code   RO         1232    i.HAL_RCCEx_GetD3PCLK1Freq  stm32h7xx_hal_rcc_ex.o
    0x080034bc   0x080034bc   0x00000148   Code   RO         1233    i.HAL_RCCEx_GetPLL1ClockFreq  stm32h7xx_hal_rcc_ex.o
    0x08003604   0x08003604   0x00000144   Code   RO         1234    i.HAL_RCCEx_GetPLL2ClockFreq  stm32h7xx_hal_rcc_ex.o
    0x08003748   0x08003748   0x00000144   Code   RO         1235    i.HAL_RCCEx_GetPLL3ClockFreq  stm32h7xx_hal_rcc_ex.o
    0x0800388c   0x0800388c   0x000002c8   Code   RO         1237    i.HAL_RCCEx_GetPeriphCLKFreq  stm32h7xx_hal_rcc_ex.o
    0x08003b54   0x08003b54   0x000009ac   Code   RO         1241    i.HAL_RCCEx_PeriphCLKConfig  stm32h7xx_hal_rcc_ex.o
    0x08004500   0x08004500   0x0000025c   Code   RO         1117    i.HAL_RCC_ClockConfig  stm32h7xx_hal_rcc.o
    0x0800475c   0x0800475c   0x00000044   Code   RO         1122    i.HAL_RCC_GetHCLKFreq  stm32h7xx_hal_rcc.o
    0x080047a0   0x080047a0   0x00000024   Code   RO         1124    i.HAL_RCC_GetPCLK1Freq  stm32h7xx_hal_rcc.o
    0x080047c4   0x080047c4   0x00000024   Code   RO         1125    i.HAL_RCC_GetPCLK2Freq  stm32h7xx_hal_rcc.o
    0x080047e8   0x080047e8   0x00000138   Code   RO         1126    i.HAL_RCC_GetSysClockFreq  stm32h7xx_hal_rcc.o
    0x08004920   0x08004920   0x00000582   Code   RO         1129    i.HAL_RCC_OscConfig  stm32h7xx_hal_rcc.o
    0x08004ea2   0x08004ea2   0x00000002   PAD
    0x08004ea4   0x08004ea4   0x0000017c   Code   RO         3527    i.HAL_SPI_Init      stm32h7xx_hal_spi.o
    0x08005020   0x08005020   0x00000088   Code   RO          344    i.HAL_SPI_MspInit   spi.o
    0x080050a8   0x080050a8   0x0000024e   Code   RO         3536    i.HAL_SPI_Transmit  stm32h7xx_hal_spi.o
    0x080052f6   0x080052f6   0x00000018   Code   RO         2480    i.HAL_SYSTICK_CLKSourceConfig  stm32h7xx_hal_cortex.o
    0x0800530e   0x0800530e   0x00000026   Code   RO         2482    i.HAL_SYSTICK_Config  stm32h7xx_hal_cortex.o
    0x08005334   0x08005334   0x00000002   Code   RO         4561    i.HAL_TIMEx_Break2Callback  stm32h7xx_hal_tim_ex.o
    0x08005336   0x08005336   0x00000002   Code   RO         4562    i.HAL_TIMEx_BreakCallback  stm32h7xx_hal_tim_ex.o
    0x08005338   0x08005338   0x00000002   Code   RO         4563    i.HAL_TIMEx_CommutCallback  stm32h7xx_hal_tim_ex.o
    0x0800533a   0x0800533a   0x00000002   PAD
    0x0800533c   0x0800533c   0x000000a4   Code   RO         4583    i.HAL_TIMEx_MasterConfigSynchronization  stm32h7xx_hal_tim_ex.o
    0x080053e0   0x080053e0   0x00000062   Code   RO         3847    i.HAL_TIM_Base_Init  stm32h7xx_hal_tim.o
    0x08005442   0x08005442   0x00000002   PAD
    0x08005444   0x08005444   0x00000068   Code   RO          386    i.HAL_TIM_Base_MspInit  tim.o
    0x080054ac   0x080054ac   0x0000008c   Code   RO         3852    i.HAL_TIM_Base_Start_IT  stm32h7xx_hal_tim.o
    0x08005538   0x08005538   0x00000002   Code   RO         3881    i.HAL_TIM_IC_CaptureCallback  stm32h7xx_hal_tim.o
    0x0800553a   0x0800553a   0x00000182   Code   RO         3895    i.HAL_TIM_IRQHandler  stm32h7xx_hal_tim.o
    0x080056bc   0x080056bc   0x00000002   Code   RO         3898    i.HAL_TIM_OC_DelayElapsedCallback  stm32h7xx_hal_tim.o
    0x080056be   0x080056be   0x00000002   Code   RO         3925    i.HAL_TIM_PWM_PulseFinishedCallback  stm32h7xx_hal_tim.o
    0x080056c0   0x080056c0   0x00000040   Code   RO         5750    i.HAL_TIM_PeriodElapsedCallback  buzzer.o
    0x08005700   0x08005700   0x00000002   Code   RO         3938    i.HAL_TIM_TriggerCallback  stm32h7xx_hal_tim.o
    0x08005702   0x08005702   0x00000040   Code   RO         5272    i.HAL_UARTEx_DisableFifoMode  stm32h7xx_hal_uart_ex.o
    0x08005742   0x08005742   0x00000002   Code   RO         4861    i.HAL_UARTEx_RxEventCallback  stm32h7xx_hal_uart.o
    0x08005744   0x08005744   0x00000002   Code   RO         5280    i.HAL_UARTEx_RxFifoFullCallback  stm32h7xx_hal_uart_ex.o
    0x08005746   0x08005746   0x0000004c   Code   RO         5281    i.HAL_UARTEx_SetRxFifoThreshold  stm32h7xx_hal_uart_ex.o
    0x08005792   0x08005792   0x0000004c   Code   RO         5282    i.HAL_UARTEx_SetTxFifoThreshold  stm32h7xx_hal_uart_ex.o
    0x080057de   0x080057de   0x00000002   Code   RO         5284    i.HAL_UARTEx_TxFifoEmptyCallback  stm32h7xx_hal_uart_ex.o
    0x080057e0   0x080057e0   0x00000002   Code   RO         5285    i.HAL_UARTEx_WakeupCallback  stm32h7xx_hal_uart_ex.o
    0x080057e2   0x080057e2   0x00000002   Code   RO         4877    i.HAL_UART_ErrorCallback  stm32h7xx_hal_uart.o
    0x080057e4   0x080057e4   0x00000388   Code   RO         4880    i.HAL_UART_IRQHandler  stm32h7xx_hal_uart.o
    0x08005b6c   0x08005b6c   0x0000006a   Code   RO         4881    i.HAL_UART_Init     stm32h7xx_hal_uart.o
    0x08005bd6   0x08005bd6   0x00000002   PAD
    0x08005bd8   0x08005bd8   0x000001e0   Code   RO          464    i.HAL_UART_MspInit  usart.o
    0x08005db8   0x08005db8   0x00000048   Code   RO         4886    i.HAL_UART_Receive_IT  stm32h7xx_hal_uart.o
    0x08005e00   0x08005e00   0x00000084   Code   RO         5751    i.HAL_UART_RxCpltCallback  buzzer.o
    0x08005e84   0x08005e84   0x000000b0   Code   RO         4890    i.HAL_UART_Transmit  stm32h7xx_hal_uart.o
    0x08005f34   0x08005f34   0x00000002   Code   RO         4893    i.HAL_UART_TxCpltCallback  stm32h7xx_hal_uart.o
    0x08005f36   0x08005f36   0x00000002   Code   RO          523    i.HardFault_Handler  stm32h7xx_it.o
    0x08005f38   0x08005f38   0x00000080   Code   RO         5638    i.InitTableFFT      fft.o
    0x08005fb8   0x08005fb8   0x00000008   Code   RO          694    i.LL_ADC_INJ_IsConversionOngoing  stm32h7xx_hal_adc.o
    0x08005fc0   0x08005fc0   0x00000008   Code   RO          695    i.LL_ADC_REG_IsConversionOngoing  stm32h7xx_hal_adc.o
    0x08005fc8   0x08005fc8   0x00000008   Code   RO          917    i.LL_ADC_REG_IsConversionOngoing  stm32h7xx_hal_adc_ex.o
    0x08005fd0   0x08005fd0   0x00000010   Code   RO          696    i.LL_ADC_REG_IsTriggerSourceSWStart  stm32h7xx_hal_adc.o
    0x08005fe0   0x08005fe0   0x0000001e   Code   RO          698    i.LL_ADC_SetChannelSamplingTime  stm32h7xx_hal_adc.o
    0x08005ffe   0x08005ffe   0x00000002   PAD
    0x08006000   0x08006000   0x00000094   Code   RO          279    i.MX_ADC1_Init      adc.o
    0x08006094   0x08006094   0x0000003c   Code   RO          319    i.MX_DMA_Init       dma.o
    0x080060d0   0x080060d0   0x00000114   Code   RO          249    i.MX_GPIO_Init      gpio.o
    0x080061e4   0x080061e4   0x0000005c   Code   RO          345    i.MX_SPI3_Init      spi.o
    0x08006240   0x08006240   0x0000004c   Code   RO          390    i.MX_TIM1_Init      tim.o
    0x0800628c   0x0800628c   0x00000068   Code   RO          465    i.MX_UART4_Init     usart.o
    0x080062f4   0x080062f4   0x00000068   Code   RO          466    i.MX_UART5_Init     usart.o
    0x0800635c   0x0800635c   0x00000068   Code   RO          467    i.MX_USART1_UART_Init  usart.o
    0x080063c4   0x080063c4   0x00000002   Code   RO          524    i.MemManage_Handler  stm32h7xx_it.o
    0x080063c6   0x080063c6   0x00000002   Code   RO          525    i.NMI_Handler       stm32h7xx_it.o
    0x080063c8   0x080063c8   0x00000002   Code   RO          526    i.PendSV_Handler    stm32h7xx_it.o
    0x080063ca   0x080063ca   0x00000002   PAD
    0x080063cc   0x080063cc   0x000000d8   Code   RO         5752    i.PlayTwoTiger      buzzer.o
    0x080064a4   0x080064a4   0x00000058   Code   RO         5753    i.Play_Note         buzzer.o
    0x080064fc   0x080064fc   0x00000120   Code   RO         1244    i.RCCEx_PLL2_Config  stm32h7xx_hal_rcc_ex.o
    0x0800661c   0x0800661c   0x00000120   Code   RO         1245    i.RCCEx_PLL3_Config  stm32h7xx_hal_rcc_ex.o
    0x0800673c   0x0800673c   0x000000bc   Code   RO         3547    i.SPI_CloseTransfer  stm32h7xx_hal_spi.o
    0x080067f8   0x080067f8   0x00000046   Code   RO         3564    i.SPI_WaitOnFlagUntilTimeout  stm32h7xx_hal_spi.o
    0x0800683e   0x0800683e   0x00000002   Code   RO          527    i.SVC_Handler       stm32h7xx_it.o
    0x08006840   0x08006840   0x00000004   Code   RO          528    i.SysTick_Handler   stm32h7xx_it.o
    0x08006844   0x08006844   0x000000a8   Code   RO           14    i.SystemClock_Config  main.o
    0x080068ec   0x080068ec   0x000000dc   Code   RO         5391    i.SystemInit        system_stm32h7xx.o
    0x080069c8   0x080069c8   0x0000000c   Code   RO          529    i.TIM1_UP_IRQHandler  stm32h7xx_it.o
    0x080069d4   0x080069d4   0x000000c4   Code   RO         3940    i.TIM_Base_SetConfig  stm32h7xx_hal_tim.o
    0x08006a98   0x08006a98   0x0000000c   Code   RO          530    i.UART4_IRQHandler  stm32h7xx_it.o
    0x08006aa4   0x08006aa4   0x0000000c   Code   RO          531    i.UART5_IRQHandler  stm32h7xx_it.o
    0x08006ab0   0x08006ab0   0x00000044   Code   RO         5286    i.UARTEx_SetNbDataToProcess  stm32h7xx_hal_uart_ex.o
    0x08006af4   0x08006af4   0x000000c8   Code   RO         4895    i.UART_AdvFeatureConfig  stm32h7xx_hal_uart.o
    0x08006bbc   0x08006bbc   0x000000aa   Code   RO         4896    i.UART_CheckIdleState  stm32h7xx_hal_uart.o
    0x08006c66   0x08006c66   0x00000014   Code   RO         4897    i.UART_DMAAbortOnError  stm32h7xx_hal_uart.o
    0x08006c7a   0x08006c7a   0x00000002   PAD
    0x08006c7c   0x08006c7c   0x00000054   Code   RO         4907    i.UART_EndRxTransfer  stm32h7xx_hal_uart.o
    0x08006cd0   0x08006cd0   0x000000c8   Code   RO         4909    i.UART_RxISR_16BIT  stm32h7xx_hal_uart.o
    0x08006d98   0x08006d98   0x000001a0   Code   RO         4910    i.UART_RxISR_16BIT_FIFOEN  stm32h7xx_hal_uart.o
    0x08006f38   0x08006f38   0x000000c8   Code   RO         4911    i.UART_RxISR_8BIT   stm32h7xx_hal_uart.o
    0x08007000   0x08007000   0x000001a0   Code   RO         4912    i.UART_RxISR_8BIT_FIFOEN  stm32h7xx_hal_uart.o
    0x080071a0   0x080071a0   0x000003ac   Code   RO         4913    i.UART_SetConfig    stm32h7xx_hal_uart.o
    0x0800754c   0x0800754c   0x00000110   Code   RO         4915    i.UART_Start_Receive_IT  stm32h7xx_hal_uart.o
    0x0800765c   0x0800765c   0x0000008c   Code   RO         4920    i.UART_WaitOnFlagUntilTimeout  stm32h7xx_hal_uart.o
    0x080076e8   0x080076e8   0x0000000c   Code   RO          532    i.USART1_IRQHandler  stm32h7xx_it.o
    0x080076f4   0x080076f4   0x00000002   Code   RO          533    i.UsageFault_Handler  stm32h7xx_it.o
    0x080076f6   0x080076f6   0x00000002   PAD
    0x080076f8   0x080076f8   0x00000034   Code   RO         6071    i.__0vsnprintf      mc_w.l(printfa.o)
    0x0800772c   0x0800772c   0x00000030   Code   RO         6206    i.__ARM_fpclassify  m_wv.l(fpclassify.o)
    0x0800775c   0x0800775c   0x00000022   Code   RO         2484    i.__NVIC_SetPriority  stm32h7xx_hal_cortex.o
    0x0800777e   0x0800777e   0x00000002   PAD
    0x08007780   0x08007780   0x000000b0   Code   RO         5998    i.__hardfp_cos      m_wv.l(cos.o)
    0x08007830   0x08007830   0x0000023c   Code   RO         6132    i.__hardfp_log      m_wv.l(log.o)
    0x08007a6c   0x08007a6c   0x00000004   PAD
    0x08007a70   0x08007a70   0x000000c0   Code   RO         6022    i.__hardfp_log2     m_wv.l(log2.o)
    0x08007b30   0x08007b30   0x000000b0   Code   RO         6030    i.__hardfp_sin      m_wv.l(sin.o)
    0x08007be0   0x08007be0   0x00000310   Code   RO         6146    i.__ieee754_rem_pio2  m_wv.l(rred.o)
    0x08007ef0   0x08007ef0   0x000000e0   Code   RO         6093    i.__kernel_cos      m_wv.l(cos_i.o)
    0x08007fd0   0x08007fd0   0x00000070   Code   RO         6208    i.__kernel_poly     m_wv.l(poly.o)
    0x08008040   0x08008040   0x000000a8   Code   RO         6154    i.__kernel_sin      m_wv.l(sin_i.o)
    0x080080e8   0x080080e8   0x00000020   Code   RO         6096    i.__mathlib_dbl_divzero  m_wv.l(dunder.o)
    0x08008108   0x08008108   0x00000006   Code   RO         6097    i.__mathlib_dbl_infnan  m_wv.l(dunder.o)
    0x0800810e   0x0800810e   0x00000002   PAD
    0x08008110   0x08008110   0x00000018   Code   RO         6099    i.__mathlib_dbl_invalid  m_wv.l(dunder.o)
    0x08008128   0x08008128   0x00000018   Code   RO         6102    i.__mathlib_dbl_underflow  m_wv.l(dunder.o)
    0x08008140   0x08008140   0x0000000e   Code   RO         6219    i.__scatterload_copy  mc_w.l(handlers.o)
    0x0800814e   0x0800814e   0x00000002   Code   RO         6220    i.__scatterload_null  mc_w.l(handlers.o)
    0x08008150   0x08008150   0x0000000e   Code   RO         6221    i.__scatterload_zeroinit  mc_w.l(handlers.o)
    0x0800815e   0x0800815e   0x00000002   PAD
    0x08008160   0x08008160   0x0000000c   Code   RO         6184    i.__set_errno       mc_w.l(errno.o)
    0x0800816c   0x0800816c   0x00000184   Code   RO         6073    i._fp_digits        mc_w.l(printfa.o)
    0x080082f0   0x080082f0   0x000006b4   Code   RO         6074    i._printf_core      mc_w.l(printfa.o)
    0x080089a4   0x080089a4   0x00000024   Code   RO         6075    i._printf_post_padding  mc_w.l(printfa.o)
    0x080089c8   0x080089c8   0x0000002e   Code   RO         6076    i._printf_pre_padding  mc_w.l(printfa.o)
    0x080089f6   0x080089f6   0x00000016   Code   RO         6077    i._snputc           mc_w.l(printfa.o)
    0x08008a0c   0x08008a0c   0x000000f0   Code   RO         5639    i.cfft              fft.o
    0x08008afc   0x08008afc   0x000000f8   Code   RO         5574    i.cfft_f32_mag      fft_user.o
    0x08008bf4   0x08008bf4   0x00000014   Code   RO         5532    i.delay_init        delay.o
    0x08008c08   0x08008c08   0x0000001a   Code   RO         5533    i.delay_ms          delay.o
    0x08008c22   0x08008c22   0x00000002   PAD
    0x08008c24   0x08008c24   0x00000034   Code   RO         5534    i.delay_us          delay.o
    0x08008c58   0x08008c58   0x00000018   Code   RO         6202    i.fabs              m_wv.l(fabs.o)
    0x08008c70   0x08008c70   0x000000b8   Code   RO         5576    i.find_peaks_max    fft_user.o
    0x08008d28   0x08008d28   0x0000008c   Code   RO         6114    i.frexp             m_wv.l(frexp.o)
    0x08008db4   0x08008db4   0x00000034   Code   RO         5754    i.hmi_printf        buzzer.o
    0x08008de8   0x08008de8   0x00000010   Code   RO         6134    i.log               m_wv.l(log.o)
    0x08008df8   0x08008df8   0x000001f8   Code   RO           15    i.main              main.o
    0x08008ff0   0x08008ff0   0x0000003c   Code   RO           16    i.match_position_index  main.o
    0x0800902c   0x0800902c   0x0000001e   Code   RO         5706    i.pa117_init        pga117.o
    0x0800904a   0x0800904a   0x00000002   PAD
    0x0800904c   0x0800904c   0x0000003c   Code   RO         5707    i.pa117_sdn_dis     pga117.o
    0x08009088   0x08009088   0x000000a0   Code   RO         5708    i.pga117_config     pga117.o
    0x08009128   0x08009128   0x00000008   Data   RO         1775    .constdata          stm32h7xx_hal_dma.o
    0x08009130   0x08009130   0x00000018   Data   RO         4921    .constdata          stm32h7xx_hal_uart.o
    0x08009148   0x08009148   0x00000010   Data   RO         5287    .constdata          stm32h7xx_hal_uart_ex.o
    0x08009158   0x08009158   0x00000010   Data   RO         5392    .constdata          system_stm32h7xx.o
    0x08009168   0x08009168   0x00000018   Data   RO         5829    .constdata          eventrecorder.o
    0x08009180   0x08009180   0x00000030   Data   RO         6094    .constdata          m_wv.l(cos_i.o)
    0x080091b0   0x080091b0   0x00000038   Data   RO         6135    .constdata          m_wv.l(log.o)
    0x080091e8   0x080091e8   0x000000c8   Data   RO         6148    .constdata          m_wv.l(rred.o)
    0x080092b0   0x080092b0   0x00000028   Data   RO         6155    .constdata          m_wv.l(sin_i.o)
    0x080092d8   0x080092d8   0x00000008   Data   RO         6210    .constdata          m_wv.l(qnan.o)
    0x080092e0   0x080092e0   0x00000020   Data   RO         6217    Region$$Table       anon$$obj.o


    Execution Region RW_IRAM1 (Exec base: 0x20000000, Load base: 0x08009300, Size: 0x00000000, Max: 0x00020000, ABSOLUTE)

    **** No section assigned to this execution region ****


    Execution Region RW_IRAM2 (Exec base: 0x24000000, Load base: 0x08009300, Size: 0x00018128, Max: 0x00080000, ABSOLUTE)

    Exec Addr    Load Addr    Size         Type   Attr      Idx    E Section Name        Object

    0x24000000   0x08009300   0x00000001   Data   RW           17    .data               main.o
    0x24000001   0x08009301   0x00000003   PAD
    0x24000004   0x08009304   0x0000000c   Data   RW         2654    .data               stm32h7xx_hal.o
    0x24000010   0x08009310   0x00000008   Data   RW         5393    .data               system_stm32h7xx.o
    0x24000018   0x08009318   0x00000004   Data   RW         5535    .data               delay.o
    0x2400001c   0x0800931c   0x00000001   Data   RW         5676    .data               mic_adc.o
    0x2400001d   0x0800931d   0x00000003   PAD
    0x24000020   0x08009320   0x000000e8   Data   RW         5756    .data               buzzer.o
    0x24000108   0x08009408   0x00000004   Data   RW         6185    .data               mc_w.l(errno.o)
    0x2400010c        -       0x000000dc   Zero   RW          280    .bss                adc.o
    0x240001e8        -       0x00000088   Zero   RW          346    .bss                spi.o
    0x24000270        -       0x00000130   Zero   RW          394    .bss                tim.o
    0x240003a0        -       0x00000234   Zero   RW          468    .bss                usart.o
    0x240005d4        -       0x00015a00   Zero   RW         5577    .bss                fft_user.o
    0x24015fd4        -       0x00001000   Zero   RW         5640    .bss                fft.o
    0x24016fd4        -       0x00000800   Zero   RW         5675    .bss                mic_adc.o
    0x240177d4        -       0x00000080   Zero   RW         5755    .bss                buzzer.o
    0x24017854   0x0800940c   0x0000002c   PAD
    0x24017880        -       0x000004a4   Zero   RW         5828    .bss.noinit         eventrecorder.o
    0x24017d24   0x0800940c   0x00000004   PAD
    0x24017d28        -       0x00000400   Zero   RW            1    STACK               startup_stm32h750xx.o


==============================================================================

Image component sizes


      Code (inc. data)   RO Data    RW Data    ZI Data      Debug   Object Name

       368         34          0          0        220       2059   adc.o
       552         64          0        232        128       5632   buzzer.o
        98          8          0          4          0       1895   delay.o
        60          4          0          0          0        882   dma.o
         0          0         24          0       1188       4365   eventrecorder.o
       368         16          0          0       4096       3066   fft.o
       432         32          0          0      88576      19819   fft_user.o
       276         20          0          0          0       1135   gpio.o
       736        122          0          1          0    1389038   main.o
        36         12          0          1       2048       1333   mic_adc.o
       250         16          0          0          0       1717   pga117.o
       228         22          0          0        136       1845   spi.o
        36          8        664          0       1024        824   startup_stm32h750xx.o
       196         40          0         12          0      22712   stm32h7xx_hal.o
      3558        234          0          0          0      80201   stm32h7xx_hal_adc.o
       470         32          0          0          0      67078   stm32h7xx_hal_adc_ex.o
       222         12          0          0          0      40173   stm32h7xx_hal_cortex.o
      5988        246          8          0          0      11806   stm32h7xx_hal_dma.o
       582         50          0          0          0       2913   stm32h7xx_hal_gpio.o
        32          4          0          0          0        922   stm32h7xx_hal_msp.o
        84          6          0          0          0        777   stm32h7xx_hal_pwr_ex.o
      2466        102          0          0          0       7092   stm32h7xx_hal_rcc.o
      4776        174          0          0          0      10475   stm32h7xx_hal_rcc_ex.o
      1228         14          0          0          0       4922   stm32h7xx_hal_spi.o
       828         68          0          0          0       6913   stm32h7xx_hal_tim.o
       170         30          0          0          0       3180   stm32h7xx_hal_tim_ex.o
      4322        192         24          0          0      37378   stm32h7xx_hal_uart.o
       290          6         16          0          0       5422   stm32h7xx_hal_uart_ex.o
       104         42          0          0          0       7262   stm32h7xx_it.o
       220         40         16          8          0       1490   system_stm32h7xx.o
       180         22          0          0        304       1860   tim.o
       792         66          0          0        564       3590   usart.o

    ----------------------------------------------------------------------
     29984       1738        784        264      98332    1749776   Object Totals
         0          0         32          0          0          0   (incl. Generated)
        36          0          0          6         48          0   (incl. Padding)

    ----------------------------------------------------------------------

      Code (inc. data)   RO Data    RW Data    ZI Data      Debug   Library Member Name

       176         18          0          0          0        156   cos.o
       224         42         48          0          0        184   cos_i.o
        86         46          0          0          0        464   dunder.o
        24          0          0          0          0        124   fabs.o
        48          0          0          0          0        124   fpclassify.o
       140         22          0          0          0        128   frexp.o
       588         92         56          0          0        436   log.o
       192         34          0          0          0        140   log2.o
       112          0          0          0          0        116   poly.o
         0          0          8          0          0          0   qnan.o
       784        138        200          0          0        172   rred.o
       176         18          0          0          0        160   sin.o
       168         24         40          0          0        196   sin_i.o
         0          0          0          0          0          0   entry.o
         0          0          0          0          0          0   entry10a.o
         0          0          0          0          0          0   entry11a.o
         4          0          0          0          0          0   entry12b.o
         8          4          0          0          0          0   entry2.o
         4          0          0          0          0          0   entry5.o
         0          0          0          0          0          0   entry7b.o
         0          0          0          0          0          0   entry8b.o
         8          4          0          0          0          0   entry9a.o
        12          6          0          4          0         68   errno.o
        30          0          0          0          0          0   handlers.o
        36          8          0          0          0         68   init.o
         0          0          0          0          0          0   iusefp.o
        30          0          0          0          0         68   llshl.o
        36          0          0          0          0         68   llsshr.o
        32          0          0          0          0         68   llushr.o
        64          0          0          0          0         76   memmovea.o
        36          0          0          0          0        108   memseta.o
      2260         86          0          0          0        528   printfa.o
        14          0          0          0          0         68   strlen.o
        44          0          0          0          0         80   uidiv.o
        98          0          0          0          0         92   uldiv.o
        48          0          0          0          0         68   cdrcmple.o
       334          0          0          0          0        148   dadd.o
       222          0          0          0          0        100   ddiv.o
       186          0          0          0          0        176   depilogue.o
        48          0          0          0          0         68   dfixul.o
       228          0          0          0          0         96   dmul.o

    ----------------------------------------------------------------------
      6512        546        352          4          0       4348   Library Totals
        12          4          0          0          0          0   (incl. Padding)

    ----------------------------------------------------------------------

      Code (inc. data)   RO Data    RW Data    ZI Data      Debug   Library Name

      2718        434        352          0          0       2400   m_wv.l
      2716        108          0          4          0       1292   mc_w.l
      1066          0          0          0          0        656   mf_w.l

    ----------------------------------------------------------------------
      6512        546        352          4          0       4348   Library Totals

    ----------------------------------------------------------------------

==============================================================================


      Code (inc. data)   RO Data    RW Data    ZI Data      Debug   

     36496       2284       1136        268      98332    1736992   Grand Totals
     36496       2284       1136        268      98332    1736992   ELF Image Totals
     36496       2284       1136        268          0          0   ROM Totals

==============================================================================

    Total RO  Size (Code + RO Data)                37632 (  36.75kB)
    Total RW  Size (RW Data + ZI Data)             98600 (  96.29kB)
    Total ROM Size (Code + RO Data + RW Data)      37900 (  37.01kB)

==============================================================================

