Component: ARM Compiler 5.06 update 7 (build 960) Tool: armlink [4d3601]

==============================================================================

Section Cross References

    startup_stm32h743xx.o(RESET) refers to startup_stm32h743xx.o(STACK) for __initial_sp
    startup_stm32h743xx.o(RESET) refers to startup_stm32h743xx.o(.text) for Reset_Handler
    startup_stm32h743xx.o(RESET) refers to stm32h7xx_it.o(i.NMI_Handler) for NMI_Handler
    startup_stm32h743xx.o(RESET) refers to stm32h7xx_it.o(i.HardFault_Handler) for HardFault_Handler
    startup_stm32h743xx.o(RESET) refers to stm32h7xx_it.o(i.MemManage_Handler) for MemManage_Handler
    startup_stm32h743xx.o(RESET) refers to stm32h7xx_it.o(i.BusFault_Handler) for BusFault_Handler
    startup_stm32h743xx.o(RESET) refers to stm32h7xx_it.o(i.UsageFault_Handler) for UsageFault_Handler
    startup_stm32h743xx.o(RESET) refers to stm32h7xx_it.o(i.SVC_Handler) for SVC_Handler
    startup_stm32h743xx.o(RESET) refers to stm32h7xx_it.o(i.DebugMon_Handler) for DebugMon_Handler
    startup_stm32h743xx.o(RESET) refers to stm32h7xx_it.o(i.PendSV_Handler) for PendSV_Handler
    startup_stm32h743xx.o(RESET) refers to stm32h7xx_it.o(i.SysTick_Handler) for SysTick_Handler
    startup_stm32h743xx.o(RESET) refers to stm32h7xx_it.o(i.DMA1_Stream0_IRQHandler) for DMA1_Stream0_IRQHandler
    startup_stm32h743xx.o(RESET) refers to stm32h7xx_it.o(i.DMA1_Stream2_IRQHandler) for DMA1_Stream2_IRQHandler
    startup_stm32h743xx.o(RESET) refers to stm32h7xx_it.o(i.ADC_IRQHandler) for ADC_IRQHandler
    startup_stm32h743xx.o(RESET) refers to stm32h7xx_it.o(i.TIM1_UP_IRQHandler) for TIM1_UP_IRQHandler
    startup_stm32h743xx.o(RESET) refers to stm32h7xx_it.o(i.USART1_IRQHandler) for USART1_IRQHandler
    startup_stm32h743xx.o(RESET) refers to stm32h7xx_it.o(i.UART4_IRQHandler) for UART4_IRQHandler
    startup_stm32h743xx.o(RESET) refers to stm32h7xx_it.o(i.UART5_IRQHandler) for UART5_IRQHandler
    startup_stm32h743xx.o(.text) refers to system_stm32h7xx.o(i.SystemInit) for SystemInit
    startup_stm32h743xx.o(.text) refers to entry.o(.ARM.Collect$$$$00000000) for __main
    main.o(i.SystemClock_Config) refers to memseta.o(.text) for __aeabi_memclr4
    main.o(i.SystemClock_Config) refers to stm32h7xx_hal_pwr_ex.o(i.HAL_PWREx_ConfigSupply) for HAL_PWREx_ConfigSupply
    main.o(i.SystemClock_Config) refers to stm32h7xx_hal_rcc.o(i.HAL_RCC_OscConfig) for HAL_RCC_OscConfig
    main.o(i.SystemClock_Config) refers to stm32h7xx_hal_rcc.o(i.HAL_RCC_ClockConfig) for HAL_RCC_ClockConfig
    main.o(i.main) refers to stm32h7xx_hal.o(i.HAL_Init) for HAL_Init
    main.o(i.main) refers to main.o(i.SystemClock_Config) for SystemClock_Config
    main.o(i.main) refers to eventrecorder.o(i.EventRecorderInitialize) for EventRecorderInitialize
    main.o(i.main) refers to eventrecorder.o(i.EventRecorderStart) for EventRecorderStart
    main.o(i.main) refers to gpio.o(i.MX_GPIO_Init) for MX_GPIO_Init
    main.o(i.main) refers to dma.o(i.MX_DMA_Init) for MX_DMA_Init
    main.o(i.main) refers to usart.o(i.MX_UART4_Init) for MX_UART4_Init
    main.o(i.main) refers to tim.o(i.MX_TIM1_Init) for MX_TIM1_Init
    main.o(i.main) refers to usart.o(i.MX_USART1_UART_Init) for MX_USART1_UART_Init
    main.o(i.main) refers to usart.o(i.MX_UART5_Init) for MX_UART5_Init
    main.o(i.main) refers to spi.o(i.MX_SPI3_Init) for MX_SPI3_Init
    main.o(i.main) refers to adc.o(i.MX_ADC1_Init) for MX_ADC1_Init
    main.o(i.main) refers to delay.o(i.delay_init) for delay_init
    main.o(i.main) refers to stm32h7xx_hal_gpio.o(i.HAL_GPIO_WritePin) for HAL_GPIO_WritePin
    main.o(i.main) refers to delay.o(i.delay_ms) for delay_ms
    main.o(i.main) refers to pga117.o(i.pa117_init) for pa117_init
    main.o(i.main) refers to stm32h7xx_hal_adc.o(i.HAL_ADC_Start_DMA) for HAL_ADC_Start_DMA
    main.o(i.main) refers to printfa.o(i.__0printf) for __2printf
    main.o(i.main) refers to buzzer.o(i.hmi_printf) for hmi_printf
    main.o(i.main) refers to stm32h7xx_hal_uart.o(i.HAL_UART_Receive_IT) for HAL_UART_Receive_IT
    main.o(i.main) refers to fft_user.o(i.cfft_f32_mag) for cfft_f32_mag
    main.o(i.main) refers to stm32h7xx_hal.o(i.HAL_GetTick) for HAL_GetTick
    main.o(i.main) refers to buzzer.o(i.Play_Note) for Play_Note
    main.o(i.main) refers to mic_adc.o(.bss) for adc_value_buffer
    main.o(i.main) refers to adc.o(.bss) for hadc1
    main.o(i.main) refers to buzzer.o(.data) for UART4_Rx_Buffer
    main.o(i.main) refers to usart.o(.bss) for huart4
    main.o(i.main) refers to mic_adc.o(.data) for start_fft_flag
    main.o(i.main) refers to main.o(.data) for .data
    gpio.o(i.MX_GPIO_Init) refers to memseta.o(.text) for __aeabi_memclr4
    gpio.o(i.MX_GPIO_Init) refers to stm32h7xx_hal_gpio.o(i.HAL_GPIO_WritePin) for HAL_GPIO_WritePin
    gpio.o(i.MX_GPIO_Init) refers to stm32h7xx_hal_gpio.o(i.HAL_GPIO_Init) for HAL_GPIO_Init
[...]
    __NVIC_SetPriority                       0x08007b29   Thumb Code    34  stm32h7xx_hal_cortex.o(i.__NVIC_SetPriority)
    i.__hardfp_cos                           0x08007b50   Section        0  cos.o(i.__hardfp_cos)
    i.__hardfp_log                           0x08007c00   Section        0  log.o(i.__hardfp_log)
    i.__hardfp_log2                          0x08007e40   Section        0  log2.o(i.__hardfp_log2)
    i.__hardfp_sin                           0x08007f00   Section        0  sin.o(i.__hardfp_sin)
    i.__ieee754_rem_pio2                     0x08007fb0   Section        0  rred.o(i.__ieee754_rem_pio2)
    i.__kernel_cos                           0x080082c0   Section        0  cos_i.o(i.__kernel_cos)
    i.__kernel_poly                          0x080083a0   Section        0  poly.o(i.__kernel_poly)
    i.__kernel_sin                           0x08008410   Section        0  sin_i.o(i.__kernel_sin)
    i.__mathlib_dbl_divzero                  0x080084b8   Section        0  dunder.o(i.__mathlib_dbl_divzero)
    i.__mathlib_dbl_infnan                   0x080084d8   Section        0  dunder.o(i.__mathlib_dbl_infnan)
    i.__mathlib_dbl_invalid                  0x080084e0   Section        0  dunder.o(i.__mathlib_dbl_invalid)
    i.__mathlib_dbl_underflow                0x080084f8   Section        0  dunder.o(i.__mathlib_dbl_underflow)
    i.__scatterload_copy                     0x08008510   Section       14  handlers.o(i.__scatterload_copy)
    i.__scatterload_null                     0x0800851e   Section        2  handlers.o(i.__scatterload_null)
    i.__scatterload_zeroinit                 0x08008520   Section       14  handlers.o(i.__scatterload_zeroinit)
    i.__set_errno                            0x08008530   Section        0  errno.o(i.__set_errno)
    i._fp_digits                             0x0800853c   Section        0  printfa.o(i._fp_digits)
    _fp_digits                               0x0800853d   Thumb Code   366  printfa.o(i._fp_digits)
    i._printf_core                           0x080086c0   Section        0  printfa.o(i._printf_core)
    _printf_core                             0x080086c1   Thumb Code  1704  printfa.o(i._printf_core)
    i._printf_post_padding                   0x08008d74   Section        0  printfa.o(i._printf_post_padding)
    _printf_post_padding                     0x08008d75   Thumb Code    36  printfa.o(i._printf_post_padding)
    i._printf_pre_padding                    0x08008d98   Section        0  printfa.o(i._printf_pre_padding)
    _printf_pre_padding                      0x08008d99   Thumb Code    46  printfa.o(i._printf_pre_padding)
    i._sputc                                 0x08008dc6   Section        0  printfa.o(i._sputc)
    _sputc                                   0x08008dc7   Thumb Code    10  printfa.o(i._sputc)
    i.cfft                                   0x08008dd0   Section        0  fft.o(i.cfft)
    i.cfft_f32_mag                           0x08008ec0   Section        0  fft_user.o(i.cfft_f32_mag)
    i.delay_init                             0x08008fd8   Section        0  delay.o(i.delay_init)
    i.delay_ms                               0x08008fec   Section        0  delay.o(i.delay_ms)
    i.delay_us                               0x08009008   Section        0  delay.o(i.delay_us)
    i.fabs                                   0x0800903c   Section        0  fabs.o(i.fabs)
    i.find_peaks_max                         0x08009054   Section        0  fft_user.o(i.find_peaks_max)
    i.fputc                                  0x080090f8   Section        0  my_uart.o(i.fputc)
    i.frexp                                  0x08009110   Section        0  frexp.o(i.frexp)
    i.hmi_printf                             0x0800919c   Section        0  buzzer.o(i.hmi_printf)
    i.log                                    0x080091cc   Section        0  log.o(i.log)
    i.main                                   0x080091dc   Section        0  main.o(i.main)
    i.pa117_init                             0x080094c0   Section        0  pga117.o(i.pa117_init)
    i.pa117_sdn_dis                          0x080094e0   Section        0  pga117.o(i.pa117_sdn_dis)
    i.pga117_config                          0x0800951c   Section        0  pga117.o(i.pga117_config)
    .constdata                               0x080095bc   Section        8  stm32h7xx_hal_dma.o(.constdata)
    flagBitshiftOffset                       0x080095bc   Data           8  stm32h7xx_hal_dma.o(.constdata)
    .constdata                               0x080095c4   Section       24  stm32h7xx_hal_uart.o(.constdata)
    .constdata                               0x080095dc   Section       16  stm32h7xx_hal_uart_ex.o(.constdata)
    numerator                                0x080095dc   Data           8  stm32h7xx_hal_uart_ex.o(.constdata)
    denominator                              0x080095e4   Data           8  stm32h7xx_hal_uart_ex.o(.constdata)
    .constdata                               0x080095ec   Section       16  system_stm32h7xx.o(.constdata)
    .constdata                               0x080095fc   Section       24  eventrecorder.o(.constdata)
    __tagsym$$used                           0x080095fc   Number         0  eventrecorder.o(.constdata)
    .constdata                               0x08009618   Section       48  cos_i.o(.constdata)
    C                                        0x08009618   Data          48  cos_i.o(.constdata)
    .constdata                               0x08009648   Section       56  log.o(.constdata)
    Lg2                                      0x08009648   Data          24  log.o(.constdata)
    Lg                                       0x08009660   Data          32  log.o(.constdata)
    .constdata                               0x08009680   Section      200  rred.o(.constdata)
    pio2s                                    0x08009680   Data          48  rred.o(.constdata)
    twooverpi                                0x080096b0   Data         152  rred.o(.constdata)
    .constdata                               0x08009748   Section       40  sin_i.o(.constdata)
    S                                        0x08009748   Data          40  sin_i.o(.constdata)
    .constdata                               0x08009770   Section        8  qnan.o(.constdata)
    .data                                    0x24000000   Section        1  main.o(.data)
    .data                                    0x24000004   Section       12  stm32h7xx_hal.o(.data)
    .data                                    0x24000010   Section        8  system_stm32h7xx.o(.data)
    .data                                    0x24000018   Section        4  delay.o(.data)
    fac_us                                   0x24000018   Data           4  delay.o(.data)
    .data                                    0x2400001c   Section        1  mic_adc.o(.data)
    .data                                    0x24000020   Section      232  buzzer.o(.data)
    rx_tick                                  0x24000038   Data           4  buzzer.o(.data)
    .data                                    0x24000108   Section        1  eventrecorder.o(.data)
    TS_OverflowLock                          0x24000108   Data           1  eventrecorder.o(.data)
    .data                                    0x2400010c   Section        4  stdout.o(.data)
    .data                                    0x24000110   Section        4  errno.o(.data)
    _errno                                   0x24000110   Data           4  errno.o(.data)
    .bss                                     0x24000114   Section      220  adc.o(.bss)
    .bss                                     0x240001f0   Section      136  spi.o(.bss)
    .bss                                     0x24000278   Section      304  tim.o(.bss)
    .bss                                     0x240003a8   Section      564  usart.o(.bss)
    .bss                                     0x240005dc   Section    88576  fft_user.o(.bss)
    peak                                     0x240155dc   Data         512  fft_user.o(.bss)
    .bss                                     0x24015fdc   Section     4096  fft.o(.bss)
    .bss                                     0x24016fdc   Section     2048  mic_adc.o(.bss)
    .bss                                     0x240177e0   Section       36  buzzer.o(.bss)
    .bss.noinit                              0x24017840   Section     1188  eventrecorder.o(.bss.noinit)
    EventBuffer                              0x24017840   Data        1024  eventrecorder.o(.bss.noinit)
    EventFilter                              0x24017c40   Data         128  eventrecorder.o(.bss.noinit)
    EventStatus                              0x24017cc0   Data          36  eventrecorder.o(.bss.noinit)
    STACK                                    0x24017ce8   Section     1024  startup_stm32h743xx.o(STACK)

    Global Symbols

    Symbol Name                              Value     Ov Type        Size  Object(Section)

    BuildAttributes$$THM_ISAv4$E$P$D$K$B$S$7EM$VFPv5_D16$PE$PLD8$A:L22UL41UL21$X:L11$S22US41US21$IEEE1$IW$USESV6$~STKCKD$USESV7$~SHL$OTIME$ROPI$IEEEX$EBA8$MICROLIB$REQ8$PRES8$EABIv2 0x00000000   Number         0  anon$$obj.o ABSOLUTE
    __ARM_use_no_argv                        0x00000000   Number         0  main.o ABSOLUTE
    _printf_a                                0x00000000   Number         0  stubs.o ABSOLUTE
    _printf_c                                0x00000000   Number         0  stubs.o ABSOLUTE
    _printf_charcount                        0x00000000   Number         0  stubs.o ABSOLUTE
    _printf_d                                0x00000000   Number         0  stubs.o ABSOLUTE
    _printf_e                                0x00000000   Number         0  stubs.o ABSOLUTE
    _printf_f                                0x00000000   Number         0  stubs.o ABSOLUTE
    _printf_flags                            0x00000000   Number         0  stubs.o ABSOLUTE
    _printf_fp_dec                           0x00000000   Number         0  stubs.o ABSOLUTE
    _printf_fp_hex                           0x00000000   Number         0  stubs.o ABSOLUTE
    _printf_g                                0x00000000   Number         0  stubs.o ABSOLUTE
    _printf_i                                0x00000000   Number         0  stubs.o ABSOLUTE
    _printf_int_dec                          0x00000000   Number         0  stubs.o ABSOLUTE
    _printf_l                                0x00000000   Number         0  stubs.o ABSOLUTE
    _printf_lc                               0x00000000   Number         0  stubs.o ABSOLUTE
    _printf_ll                               0x00000000   Number         0  stubs.o ABSOLUTE
    _printf_lld                              0x00000000   Number         0  stubs.o ABSOLUTE
    _printf_lli                              0x00000000   Number         0  stubs.o ABSOLUTE
    _printf_llo                              0x00000000   Number         0  stubs.o ABSOLUTE
    _printf_llu                              0x00000000   Number         0  stubs.o ABSOLUTE
    _printf_llx                              0x00000000   Number         0  stubs.o ABSOLUTE
    _printf_longlong_dec                     0x00000000   Number         0  stubs.o ABSOLUTE
    _printf_longlong_hex                     0x00000000   Number         0  stubs.o ABSOLUTE
    _printf_longlong_oct                     0x00000000   Number         0  stubs.o ABSOLUTE
    _printf_ls                               0x00000000   Number         0  stubs.o ABSOLUTE
    _printf_mbtowc                           0x00000000   Number         0  stubs.o ABSOLUTE
    _printf_n                                0x00000000   Number         0  stubs.o ABSOLUTE
    _printf_o                                0x00000000   Number         0  stubs.o ABSOLUTE
    _printf_p                                0x00000000   Number         0  stubs.o ABSOLUTE
    _printf_percent                          0x00000000   Number         0  stubs.o ABSOLUTE
    _printf_pre_padding                      0x00000000   Number         0  stubs.o ABSOLUTE
    _printf_return_value                     0x00000000   Number         0  stubs.o ABSOLUTE
    _printf_s                                0x00000000   Number         0  stubs.o ABSOLUTE
    _printf_sizespec                         0x00000000   Number         0  stubs.o ABSOLUTE
    _printf_str                              0x00000000   Number         0  stubs.o ABSOLUTE
    _printf_truncate_signed                  0x00000000   Number         0  stubs.o ABSOLUTE
    _printf_truncate_unsigned                0x00000000   Number         0  stubs.o ABSOLUTE
    _printf_u                                0x00000000   Number         0  stubs.o ABSOLUTE
    _printf_wc                               0x00000000   Number         0  stubs.o ABSOLUTE
    _printf_wctomb                           0x00000000   Number         0  stubs.o ABSOLUTE
    _printf_widthprec                        0x00000000   Number         0  stubs.o ABSOLUTE
    _printf_x                                0x00000000   Number         0  stubs.o ABSOLUTE
    __arm_fini_                               - Undefined Weak Reference
    __cpp_initialize__aeabi_                  - Undefined Weak Reference
    __cxa_finalize                            - Undefined Weak Reference
    __decompress                              - Undefined Weak Reference
    _clock_init                               - Undefined Weak Reference
    _microlib_exit                            - Undefined Weak Reference
    __Vectors_Size                           0x00000298   Number         0  startup_stm32h743xx.o ABSOLUTE
    __Vectors                                0x08000000   Data           4  startup_stm32h743xx.o(RESET)
    __Vectors_End                            0x08000298   Data           0  startup_stm32h743xx.o(RESET)
    __main                                   0x08000299   Thumb Code     0  entry.o(.ARM.Collect$$$$00000000)
    _main_stk                                0x08000299   Thumb Code     0  entry2.o(.ARM.Collect$$$$00000001)
    _main_scatterload                        0x0800029d   Thumb Code     0  entry5.o(.ARM.Collect$$$$00000004)
    __main_after_scatterload                 0x080002a1   Thumb Code     0  entry5.o(.ARM.Collect$$$$00000004)
    _main_clock                              0x080002a1   Thumb Code     0  entry7b.o(.ARM.Collect$$$$00000008)
    _main_cpp_init                           0x080002a1   Thumb Code     0  entry8b.o(.ARM.Collect$$$$0000000A)
    _main_init                               0x080002a1   Thumb Code     0  entry9a.o(.ARM.Collect$$$$0000000B)
    __rt_lib_shutdown_fini                   0x080002a9   Thumb Code     0  entry12b.o(.ARM.Collect$$$$0000000E)
    __rt_final_cpp                           0x080002ad   Thumb Code     0  entry10a.o(.ARM.Collect$$$$0000000F)
    __rt_final_exit                          0x080002ad   Thumb Code     0  entry11a.o(.ARM.Collect$$$$00000011)
    __asm___15_EventRecorder_c_e8d3082c__atomic_inc8 0x080002b1   Thumb Code    18  eventrecorder.o(.emb_text)
    __asm___15_EventRecorder_c_e8d3082c__atomic_inc32 0x080002c3   Thumb Code    18  eventrecorder.o(.emb_text)
    __asm___15_EventRecorder_c_e8d3082c__atomic_wr8 0x080002d5   Thumb Code    16  eventrecorder.o(.emb_text)
    __asm___15_EventRecorder_c_e8d3082c__atomic_wr32 0x080002e5   Thumb Code    16  eventrecorder.o(.emb_text)
    __asm___15_EventRecorder_c_e8d3082c__LockRecord 0x080002f5   Thumb Code    34  eventrecorder.o(.emb_text)
    __asm___15_EventRecorder_c_e8d3082c__UnlockRecord 0x08000317   Thumb Code    30  eventrecorder.o(.emb_text)
    Reset_Handler                            0x08000335   Thumb Code     8  startup_stm32h743xx.o(.text)
    ADC3_IRQHandler                          0x0800034f   Thumb Code     0  startup_stm32h743xx.o(.text)
    BDMA_Channel0_IRQHandler                 0x0800034f   Thumb Code     0  startup_stm32h743xx.o(.text)
    BDMA_Channel1_IRQHandler                 0x0800034f   Thumb Code     0  startup_stm32h743xx.o(.text)
    BDMA_Channel2_IRQHandler                 0x0800034f   Thumb Code     0  startup_stm32h743xx.o(.text)
    BDMA_Channel3_IRQHandler                 0x0800034f   Thumb Code     0  startup_stm32h743xx.o(.text)
    BDMA_Channel4_IRQHandler                 0x0800034f   Thumb Code     0  startup_stm32h743xx.o(.text)
    BDMA_Channel5_IRQHandler                 0x0800034f   Thumb Code     0  startup_stm32h743xx.o(.text)
    BDMA_Channel6_IRQHandler                 0x0800034f   Thumb Code     0  startup_stm32h743xx.o(.text)
    BDMA_Channel7_IRQHandler                 0x0800034f   Thumb Code     0  startup_stm32h743xx.o(.text)
    CEC_IRQHandler                           0x0800034f   Thumb Code     0  startup_stm32h743xx.o(.text)
    COMP1_IRQHandler                         0x0800034f   Thumb Code     0  startup_stm32h743xx.o(.text)
    CRS_IRQHandler                           0x0800034f   Thumb Code     0  startup_stm32h743xx.o(.text)
    DCMI_IRQHandler                          0x0800034f   Thumb Code     0  startup_stm32h743xx.o(.text)
    DFSDM1_FLT0_IRQHandler                   0x0800034f   Thumb Code     0  startup_stm32h743xx.o(.text)
    DFSDM1_FLT1_IRQHandler                   0x0800034f   Thumb Code     0  startup_stm32h743xx.o(.text)
    DFSDM1_FLT2_IRQHandler                   0x0800034f   Thumb Code     0  startup_stm32h743xx.o(.text)
    DFSDM1_FLT3_IRQHandler                   0x0800034f   Thumb Code     0  startup_stm32h743xx.o(.text)
    DMA1_Stream1_IRQHandler                  0x0800034f   Thumb Code     0  startup_stm32h743xx.o(.text)
    DMA1_Stream3_IRQHandler                  0x0800034f   Thumb Code     0  startup_stm32h743xx.o(.text)
    DMA1_Stream4_IRQHandler                  0x0800034f   Thumb Code     0  startup_stm32h743xx.o(.text)
    DMA1_Stream5_IRQHandler                  0x0800034f   Thumb Code     0  startup_stm32h743xx.o(.text)
    DMA1_Stream6_IRQHandler                  0x0800034f   Thumb Code     0  startup_stm32h743xx.o(.text)
    DMA1_Stream7_IRQHandler                  0x0800034f   Thumb Code     0  startup_stm32h743xx.o(.text)
    DMA2D_IRQHandler                         0x0800034f   Thumb Code     0  startup_stm32h743xx.o(.text)
    DMA2_Stream0_IRQHandler                  0x0800034f   Thumb Code     0  startup_stm32h743xx.o(.text)
    DMA2_Stream1_IRQHandler                  0x0800034f   Thumb Code     0  startup_stm32h743xx.o(.text)
    DMA2_Stream2_IRQHandler                  0x0800034f   Thumb Code     0  startup_stm32h743xx.o(.text)
    DMA2_Stream3_IRQHandler                  0x0800034f   Thumb Code     0  startup_stm32h743xx.o(.text)
    DMA2_Stream4_IRQHandler                  0x0800034f   Thumb Code     0  startup_stm32h743xx.o(.text)
    DMA2_Stream5_IRQHandler                  0x0800034f   Thumb Code     0  startup_stm32h743xx.o(.text)
    DMA2_Stream6_IRQHandler                  0x0800034f   Thumb Code     0  startup_stm32h743xx.o(.text)
    DMA2_Stream7_IRQHandler                  0x0800034f   Thumb Code     0  startup_stm32h743xx.o(.text)
    DMAMUX1_OVR_IRQHandler                   0x0800034f   Thumb Code     0  startup_stm32h743xx.o(.text)
    DMAMUX2_OVR_IRQHandler                   0x0800034f   Thumb Code     0  startup_stm32h743xx.o(.text)
    ECC_IRQHandler                           0x0800034f   Thumb Code     0  startup_stm32h743xx.o(.text)
    ETH_IRQHandler                           0x0800034f   Thumb Code     0  startup_stm32h743xx.o(.text)
    ETH_WKUP_IRQHandler                      0x0800034f   Thumb Code     0  startup_stm32h743xx.o(.text)
    EXTI0_IRQHandler                         0x0800034f   Thumb Code     0  startup_stm32h743xx.o(.text)
    EXTI15_10_IRQHandler                     0x0800034f   Thumb Code     0  startup_stm32h743xx.o(.text)
    EXTI1_IRQHandler                         0x0800034f   Thumb Code     0  startup_stm32h743xx.o(.text)
    EXTI2_IRQHandler                         0x0800034f   Thumb Code     0  startup_stm32h743xx.o(.text)
    EXTI3_IRQHandler                         0x0800034f   Thumb Code     0  startup_stm32h743xx.o(.text)
    EXTI4_IRQHandler                         0x0800034f   Thumb Code     0  startup_stm32h743xx.o(.text)
    EXTI9_5_IRQHandler                       0x0800034f   Thumb Code     0  startup_stm32h743xx.o(.text)
    FDCAN1_IT0_IRQHandler                    0x0800034f   Thumb Code     0  startup_stm32h743xx.o(.text)
    FDCAN1_IT1_IRQHandler                    0x0800034f   Thumb Code     0  startup_stm32h743xx.o(.text)
    FDCAN2_IT0_IRQHandler                    0x0800034f   Thumb Code     0  startup_stm32h743xx.o(.text)
    FDCAN2_IT1_IRQHandler                    0x0800034f   Thumb Code     0  startup_stm32h743xx.o(.text)
    FDCAN_CAL_IRQHandler                     0x0800034f   Thumb Code     0  startup_stm32h743xx.o(.text)
    FLASH_IRQHandler                         0x0800034f   Thumb Code     0  startup_stm32h743xx.o(.text)
    FMC_IRQHandler                           0x0800034f   Thumb Code     0  startup_stm32h743xx.o(.text)
    FPU_IRQHandler                           0x0800034f   Thumb Code     0  startup_stm32h743xx.o(.text)
    HRTIM1_FLT_IRQHandler                    0x0800034f   Thumb Code     0  startup_stm32h743xx.o(.text)
    HRTIM1_Master_IRQHandler                 0x0800034f   Thumb Code     0  startup_stm32h743xx.o(.text)
    HRTIM1_TIMA_IRQHandler                   0x0800034f   Thumb Code     0  startup_stm32h743xx.o(.text)
    HRTIM1_TIMB_IRQHandler                   0x0800034f   Thumb Code     0  startup_stm32h743xx.o(.text)
    HRTIM1_TIMC_IRQHandler                   0x0800034f   Thumb Code     0  startup_stm32h743xx.o(.text)
    HRTIM1_TIMD_IRQHandler                   0x0800034f   Thumb Code     0  startup_stm32h743xx.o(.text)
    HRTIM1_TIME_IRQHandler                   0x0800034f   Thumb Code     0  startup_stm32h743xx.o(.text)
    HSEM1_IRQHandler                         0x0800034f   Thumb Code     0  startup_stm32h743xx.o(.text)
    I2C1_ER_IRQHandler                       0x0800034f   Thumb Code     0  startup_stm32h743xx.o(.text)
    I2C1_EV_IRQHandler                       0x0800034f   Thumb Code     0  startup_stm32h743xx.o(.text)
    I2C2_ER_IRQHandler                       0x0800034f   Thumb Code     0  startup_stm32h743xx.o(.text)
    I2C2_EV_IRQHandler                       0x0800034f   Thumb Code     0  startup_stm32h743xx.o(.text)
    I2C3_ER_IRQHandler                       0x0800034f   Thumb Code     0  startup_stm32h743xx.o(.text)
    I2C3_EV_IRQHandler                       0x0800034f   Thumb Code     0  startup_stm32h743xx.o(.text)
    I2C4_ER_IRQHandler                       0x0800034f   Thumb Code     0  startup_stm32h743xx.o(.text)
    I2C4_EV_IRQHandler                       0x0800034f   Thumb Code     0  startup_stm32h743xx.o(.text)
    JPEG_IRQHandler                          0x0800034f   Thumb Code     0  startup_stm32h743xx.o(.text)
    LPTIM1_IRQHandler                        0x0800034f   Thumb Code     0  startup_stm32h743xx.o(.text)
    LPTIM2_IRQHandler                        0x0800034f   Thumb Code     0  startup_stm32h743xx.o(.text)
    LPTIM3_IRQHandler                        0x0800034f   Thumb Code     0  startup_stm32h743xx.o(.text)
    LPTIM4_IRQHandler                        0x0800034f   Thumb Code     0  startup_stm32h743xx.o(.text)
    LPTIM5_IRQHandler                        0x0800034f   Thumb Code     0  startup_stm32h743xx.o(.text)
    LPUART1_IRQHandler                       0x0800034f   Thumb Code     0  startup_stm32h743xx.o(.text)
    LTDC_ER_IRQHandler                       0x0800034f   Thumb Code     0  startup_stm32h743xx.o(.text)
    LTDC_IRQHandler                          0x0800034f   Thumb Code     0  startup_stm32h743xx.o(.text)
    MDIOS_IRQHandler                         0x0800034f   Thumb Code     0  startup_stm32h743xx.o(.text)
    MDIOS_WKUP_IRQHandler                    0x0800034f   Thumb Code     0  startup_stm32h743xx.o(.text)
    MDMA_IRQHandler                          0x0800034f   Thumb Code     0  startup_stm32h743xx.o(.text)
    OTG_FS_EP1_IN_IRQHandler                 0x0800034f   Thumb Code     0  startup_stm32h743xx.o(.text)
    OTG_FS_EP1_OUT_IRQHandler                0x0800034f   Thumb Code     0  startup_stm32h743xx.o(.text)
    OTG_FS_IRQHandler                        0x0800034f   Thumb Code     0  startup_stm32h743xx.o(.text)
    OTG_FS_WKUP_IRQHandler                   0x0800034f   Thumb Code     0  startup_stm32h743xx.o(.text)
    OTG_HS_EP1_IN_IRQHandler                 0x0800034f   Thumb Code     0  startup_stm32h743xx.o(.text)
    OTG_HS_EP1_OUT_IRQHandler                0x0800034f   Thumb Code     0  startup_stm32h743xx.o(.text)
    OTG_HS_IRQHandler                        0x0800034f   Thumb Code     0  startup_stm32h743xx.o(.text)
    OTG_HS_WKUP_IRQHandler                   0x0800034f   Thumb Code     0  startup_stm32h743xx.o(.text)
    PVD_AVD_IRQHandler                       0x0800034f   Thumb Code     0  startup_stm32h743xx.o(.text)
    QUADSPI_IRQHandler                       0x0800034f   Thumb Code     0  startup_stm32h743xx.o(.text)
    RCC_IRQHandler                           0x0800034f   Thumb Code     0  startup_stm32h743xx.o(.text)
    RNG_IRQHandler                           0x0800034f   Thumb Code     0  startup_stm32h743xx.o(.text)
    RTC_Alarm_IRQHandler                     0x0800034f   Thumb Code     0  startup_stm32h743xx.o(.text)
    RTC_WKUP_IRQHandler                      0x0800034f   Thumb Code     0  startup_stm32h743xx.o(.text)
    SAI1_IRQHandler                          0x0800034f   Thumb Code     0  startup_stm32h743xx.o(.text)
    SAI2_IRQHandler                          0x0800034f   Thumb Code     0  startup_stm32h743xx.o(.text)
    SAI3_IRQHandler                          0x0800034f   Thumb Code     0  startup_stm32h743xx.o(.text)
    SAI4_IRQHandler                          0x0800034f   Thumb Code     0  startup_stm32h743xx.o(.text)
    SDMMC1_IRQHandler                        0x0800034f   Thumb Code     0  startup_stm32h743xx.o(.text)
    SDMMC2_IRQHandler                        0x0800034f   Thumb Code     0  startup_stm32h743xx.o(.text)
    SPDIF_RX_IRQHandler                      0x0800034f   Thumb Code     0  startup_stm32h743xx.o(.text)
    SPI1_IRQHandler                          0x0800034f   Thumb Code     0  startup_stm32h743xx.o(.text)
    SPI2_IRQHandler                          0x0800034f   Thumb Code     0  startup_stm32h743xx.o(.text)
    SPI3_IRQHandler                          0x0800034f   Thumb Code     0  startup_stm32h743xx.o(.text)
    SPI4_IRQHandler                          0x0800034f   Thumb Code     0  startup_stm32h743xx.o(.text)
    SPI5_IRQHandler                          0x0800034f   Thumb Code     0  startup_stm32h743xx.o(.text)
    SPI6_IRQHandler                          0x0800034f   Thumb Code     0  startup_stm32h743xx.o(.text)
    SWPMI1_IRQHandler                        0x0800034f   Thumb Code     0  startup_stm32h743xx.o(.text)
    TAMP_STAMP_IRQHandler                    0x0800034f   Thumb Code     0  startup_stm32h743xx.o(.text)
    TIM15_IRQHandler                         0x0800034f   Thumb Code     0  startup_stm32h743xx.o(.text)
    TIM16_IRQHandler                         0x0800034f   Thumb Code     0  startup_stm32h743xx.o(.text)
    TIM17_IRQHandler                         0x0800034f   Thumb Code     0  startup_stm32h743xx.o(.text)
    TIM1_BRK_IRQHandler                      0x0800034f   Thumb Code     0  startup_stm32h743xx.o(.text)
    TIM1_CC_IRQHandler                       0x0800034f   Thumb Code     0  startup_stm32h743xx.o(.text)
    TIM1_TRG_COM_IRQHandler                  0x0800034f   Thumb Code     0  startup_stm32h743xx.o(.text)
    TIM2_IRQHandler                          0x0800034f   Thumb Code     0  startup_stm32h743xx.o(.text)
    TIM3_IRQHandler                          0x0800034f   Thumb Code     0  startup_stm32h743xx.o(.text)
    TIM4_IRQHandler                          0x0800034f   Thumb Code     0  startup_stm32h743xx.o(.text)
    TIM5_IRQHandler                          0x0800034f   Thumb Code     0  startup_stm32h743xx.o(.text)
    TIM6_DAC_IRQHandler                      0x0800034f   Thumb Code     0  startup_stm32h743xx.o(.text)
    TIM7_IRQHandler                          0x0800034f   Thumb Code     0  startup_stm32h743xx.o(.text)
    TIM8_BRK_TIM12_IRQHandler                0x0800034f   Thumb Code     0  startup_stm32h743xx.o(.text)
    TIM8_CC_IRQHandler                       0x0800034f   Thumb Code     0  startup_stm32h743xx.o(.text)
    TIM8_TRG_COM_TIM14_IRQHandler            0x0800034f   Thumb Code     0  startup_stm32h743xx.o(.text)
    TIM8_UP_TIM13_IRQHandler                 0x0800034f   Thumb Code     0  startup_stm32h743xx.o(.text)
    UART7_IRQHandler                         0x0800034f   Thumb Code     0  startup_stm32h743xx.o(.text)
    UART8_IRQHandler                         0x0800034f   Thumb Code     0  startup_stm32h743xx.o(.text)
    USART2_IRQHandler                        0x0800034f   Thumb Code     0  startup_stm32h743xx.o(.text)
    USART3_IRQHandler                        0x0800034f   Thumb Code     0  startup_stm32h743xx.o(.text)
    USART6_IRQHandler                        0x0800034f   Thumb Code     0  startup_stm32h743xx.o(.text)
    WAKEUP_PIN_IRQHandler                    0x0800034f   Thumb Code     0  startup_stm32h743xx.o(.text)
    WWDG_IRQHandler                          0x0800034f   Thumb Code     0  startup_stm32h743xx.o(.text)
    __aeabi_uldivmod                         0x08000359   Thumb Code    98  uldiv.o(.text)
    __aeabi_memset                           0x080003bb   Thumb Code    14  memseta.o(.text)
    __aeabi_memset4                          0x080003bb   Thumb Code     0  memseta.o(.text)
    __aeabi_memset8                          0x080003bb   Thumb Code     0  memseta.o(.text)
    __aeabi_memclr                           0x080003c9   Thumb Code     4  memseta.o(.text)
    __aeabi_memclr4                          0x080003c9   Thumb Code     0  memseta.o(.text)
    __aeabi_memclr8                          0x080003c9   Thumb Code     0  memseta.o(.text)
    _memset$wrapper                          0x080003cd   Thumb Code    18  memseta.o(.text)
    strlen                                   0x080003df   Thumb Code    14  strlen.o(.text)
    __aeabi_uidiv                            0x080003ed   Thumb Code     0  uidiv.o(.text)
    __aeabi_uidivmod                         0x080003ed   Thumb Code    44  uidiv.o(.text)
    __aeabi_llsl                             0x08000419   Thumb Code    30  llshl.o(.text)
    _ll_shift_l                              0x08000419   Thumb Code     0  llshl.o(.text)
    __aeabi_llsr                             0x08000437   Thumb Code    32  llushr.o(.text)
    _ll_ushift_r                             0x08000437   Thumb Code     0  llushr.o(.text)
    __I$use$fp                               0x08000457   Thumb Code     0  iusefp.o(.text)
    __aeabi_dadd                             0x08000457   Thumb Code   322  dadd.o(.text)
    __aeabi_dsub                             0x08000599   Thumb Code     6  dadd.o(.text)
    __aeabi_drsub                            0x0800059f   Thumb Code     6  dadd.o(.text)
    __aeabi_dmul                             0x080005a5   Thumb Code   228  dmul.o(.text)
    __aeabi_ddiv                             0x08000689   Thumb Code   222  ddiv.o(.text)
    __aeabi_d2ulz                            0x08000767   Thumb Code    48  dfixul.o(.text)
    __aeabi_cdrcmple                         0x08000799   Thumb Code    48  cdrcmple.o(.text)
    __scatterload                            0x080007c9   Thumb Code    28  init.o(.text)
    __scatterload_rt2                        0x080007c9   Thumb Code     0  init.o(.text)
    __aeabi_lasr                             0x080007ed   Thumb Code    36  llsshr.o(.text)
    _ll_sshift_r                             0x080007ed   Thumb Code     0  llsshr.o(.text)
    _double_round                            0x08000811   Thumb Code    30  depilogue.o(.text)
    _double_epilogue                         0x0800082f   Thumb Code   156  depilogue.o(.text)
    ADC_ConfigureBoostMode                   0x080008cd   Thumb Code   236  stm32h7xx_hal_adc.o(i.ADC_ConfigureBoostMode)
    ADC_ConversionStop                       0x080009d5   Thumb Code   220  stm32h7xx_hal_adc.o(i.ADC_ConversionStop)
    ADC_DMAConvCplt                          0x08000ab9   Thumb Code   104  stm32h7xx_hal_adc.o(i.ADC_DMAConvCplt)
    ADC_DMAError                             0x08000b21   Thumb Code    26  stm32h7xx_hal_adc.o(i.ADC_DMAError)
    ADC_DMAHalfConvCplt                      0x08000b3b   Thumb Code    10  stm32h7xx_hal_adc.o(i.ADC_DMAHalfConvCplt)
    ADC_Disable                              0x08000b45   Thumb Code   106  stm32h7xx_hal_adc.o(i.ADC_Disable)
    ADC_Enable                               0x08000bb5   Thumb Code   148  stm32h7xx_hal_adc.o(i.ADC_Enable)
    ADC_IRQHandler                           0x08000c5d   Thumb Code     6  stm32h7xx_it.o(i.ADC_IRQHandler)
    BusFault_Handler                         0x08000c69   Thumb Code     2  stm32h7xx_it.o(i.BusFault_Handler)
    DMA1_Stream0_IRQHandler                  0x08000c6d   Thumb Code     6  stm32h7xx_it.o(i.DMA1_Stream0_IRQHandler)
    DMA1_Stream2_IRQHandler                  0x08000c79   Thumb Code     6  stm32h7xx_it.o(i.DMA1_Stream2_IRQHandler)
    DebugMon_Handler                         0x080010bd   Thumb Code     2  stm32h7xx_it.o(i.DebugMon_Handler)
    Error_Handler                            0x080010bf   Thumb Code     4  main.o(i.Error_Handler)
    EventRecorderEnable                      0x080011b5   Thumb Code    86  eventrecorder.o(i.EventRecorderEnable)
    EventRecorderInitialize                  0x08001211   Thumb Code   252  eventrecorder.o(i.EventRecorderInitialize)
    EventRecorderStart                       0x08001325   Thumb Code    34  eventrecorder.o(i.EventRecorderStart)
    EventRecorderTimerGetCount               0x08001351   Thumb Code     6  eventrecorder.o(i.EventRecorderTimerGetCount)
    EventRecorderTimerGetFreq                0x0800135d   Thumb Code     6  eventrecorder.o(i.EventRecorderTimerGetFreq)
    EventRecorderTimerSetup                  0x08001369   Thumb Code    24  eventrecorder.o(i.EventRecorderTimerSetup)
    HAL_ADCEx_Calibration_Start              0x08001389   Thumb Code   146  stm32h7xx_hal_adc_ex.o(i.HAL_ADCEx_Calibration_Start)
    HAL_ADCEx_EndOfSamplingCallback          0x08001425   Thumb Code     2  stm32h7xx_hal_adc_ex.o(i.HAL_ADCEx_EndOfSamplingCallback)
    HAL_ADCEx_InjectedConvCpltCallback       0x08001427   Thumb Code     2  stm32h7xx_hal_adc_ex.o(i.HAL_ADCEx_InjectedConvCpltCallback)
    HAL_ADCEx_InjectedQueueOverflowCallback  0x08001429   Thumb Code     2  stm32h7xx_hal_adc_ex.o(i.HAL_ADCEx_InjectedQueueOverflowCallback)
    HAL_ADCEx_LevelOutOfWindow2Callback      0x0800142b   Thumb Code     2  stm32h7xx_hal_adc_ex.o(i.HAL_ADCEx_LevelOutOfWindow2Callback)
    HAL_ADCEx_LevelOutOfWindow3Callback      0x0800142d   Thumb Code     2  stm32h7xx_hal_adc_ex.o(i.HAL_ADCEx_LevelOutOfWindow3Callback)
    HAL_ADCEx_MultiModeConfigChannel         0x08001431   Thumb Code   274  stm32h7xx_hal_adc_ex.o(i.HAL_ADCEx_MultiModeConfigChannel)
    HAL_ADC_ConfigChannel                    0x08001559   Thumb Code   928  stm32h7xx_hal_adc.o(i.HAL_ADC_ConfigChannel)
    HAL_ADC_ConvCpltCallback                 0x08001931   Thumb Code    24  mic_adc.o(i.HAL_ADC_ConvCpltCallback)
    HAL_ADC_ConvHalfCpltCallback             0x08001955   Thumb Code     2  stm32h7xx_hal_adc.o(i.HAL_ADC_ConvHalfCpltCallback)
    HAL_ADC_ErrorCallback                    0x08001957   Thumb Code     2  stm32h7xx_hal_adc.o(i.HAL_ADC_ErrorCallback)
    HAL_ADC_IRQHandler                       0x08001959   Thumb Code   640  stm32h7xx_hal_adc.o(i.HAL_ADC_IRQHandler)
    HAL_ADC_Init                             0x08001be9   Thumb Code   498  stm32h7xx_hal_adc.o(i.HAL_ADC_Init)
    HAL_ADC_LevelOutOfWindowCallback         0x08001e11   Thumb Code     2  stm32h7xx_hal_adc.o(i.HAL_ADC_LevelOutOfWindowCallback)
    HAL_ADC_MspInit                          0x08001e15   Thumb Code   200  adc.o(i.HAL_ADC_MspInit)
    HAL_ADC_Start_DMA                        0x08001ef1   Thumb Code   230  stm32h7xx_hal_adc.o(i.HAL_ADC_Start_DMA)
    HAL_ADC_Stop_DMA                         0x08001ff9   Thumb Code   122  stm32h7xx_hal_adc.o(i.HAL_ADC_Stop_DMA)
    HAL_DMA_Abort                            0x08002075   Thumb Code   836  stm32h7xx_hal_dma.o(i.HAL_DMA_Abort)
    HAL_DMA_Abort_IT                         0x080023d5   Thumb Code   602  stm32h7xx_hal_dma.o(i.HAL_DMA_Abort_IT)
    HAL_DMA_IRQHandler                       0x08002659   Thumb Code  1756  stm32h7xx_hal_dma.o(i.HAL_DMA_IRQHandler)
    HAL_DMA_Init                             0x08002d41   Thumb Code   926  stm32h7xx_hal_dma.o(i.HAL_DMA_Init)
    HAL_DMA_Start_IT                         0x08003105   Thumb Code   628  stm32h7xx_hal_dma.o(i.HAL_DMA_Start_IT)
    HAL_GPIO_Init                            0x080033a1   Thumb Code   506  stm32h7xx_hal_gpio.o(i.HAL_GPIO_Init)
    HAL_GPIO_TogglePin                       0x080035cd   Thumb Code    16  stm32h7xx_hal_gpio.o(i.HAL_GPIO_TogglePin)
    HAL_GPIO_WritePin                        0x080035dd   Thumb Code    10  stm32h7xx_hal_gpio.o(i.HAL_GPIO_WritePin)
    HAL_GetREVID                             0x080035e9   Thumb Code     8  stm32h7xx_hal.o(i.HAL_GetREVID)
    HAL_GetTick                              0x080035f5   Thumb Code     6  stm32h7xx_hal.o(i.HAL_GetTick)
    HAL_IncTick                              0x08003601   Thumb Code    12  stm32h7xx_hal.o(i.HAL_IncTick)
    HAL_Init                                 0x08003611   Thumb Code    74  stm32h7xx_hal.o(i.HAL_Init)
    HAL_InitTick                             0x0800366d   Thumb Code    56  stm32h7xx_hal.o(i.HAL_InitTick)
    HAL_MspInit                              0x080036ad   Thumb Code    28  stm32h7xx_hal_msp.o(i.HAL_MspInit)
    HAL_NVIC_EnableIRQ                       0x080036cd   Thumb Code    26  stm32h7xx_hal_cortex.o(i.HAL_NVIC_EnableIRQ)
    HAL_NVIC_SetPriority                     0x080036e9   Thumb Code    60  stm32h7xx_hal_cortex.o(i.HAL_NVIC_SetPriority)
    HAL_NVIC_SetPriorityGrouping             0x08003729   Thumb Code    28  stm32h7xx_hal_cortex.o(i.HAL_NVIC_SetPriorityGrouping)
    HAL_PWREx_ConfigSupply                   0x0800374d   Thumb Code    78  stm32h7xx_hal_pwr_ex.o(i.HAL_PWREx_ConfigSupply)
    HAL_RCCEx_GetD3PCLK1Freq                 0x080037a1   Thumb Code    26  stm32h7xx_hal_rcc_ex.o(i.HAL_RCCEx_GetD3PCLK1Freq)
    HAL_RCCEx_GetPLL1ClockFreq               0x080037c5   Thumb Code   298  stm32h7xx_hal_rcc_ex.o(i.HAL_RCCEx_GetPLL1ClockFreq)
    HAL_RCCEx_GetPLL2ClockFreq               0x0800390d   Thumb Code   296  stm32h7xx_hal_rcc_ex.o(i.HAL_RCCEx_GetPLL2ClockFreq)
    HAL_RCCEx_GetPLL3ClockFreq               0x08003a51   Thumb Code   296  stm32h7xx_hal_rcc_ex.o(i.HAL_RCCEx_GetPLL3ClockFreq)
    HAL_RCCEx_GetPeriphCLKFreq               0x08003b95   Thumb Code   692  stm32h7xx_hal_rcc_ex.o(i.HAL_RCCEx_GetPeriphCLKFreq)
    HAL_RCCEx_PeriphCLKConfig                0x08003e5d   Thumb Code  2472  stm32h7xx_hal_rcc_ex.o(i.HAL_RCCEx_PeriphCLKConfig)
    HAL_RCC_ClockConfig                      0x08004809   Thumb Code   580  stm32h7xx_hal_rcc.o(i.HAL_RCC_ClockConfig)
    HAL_RCC_GetHCLKFreq                      0x08004a65   Thumb Code    52  stm32h7xx_hal_rcc.o(i.HAL_RCC_GetHCLKFreq)
    HAL_RCC_GetPCLK1Freq                     0x08004aa9   Thumb Code    26  stm32h7xx_hal_rcc.o(i.HAL_RCC_GetPCLK1Freq)
    HAL_RCC_GetPCLK2Freq                     0x08004acd   Thumb Code    26  stm32h7xx_hal_rcc.o(i.HAL_RCC_GetPCLK2Freq)
    HAL_RCC_GetSysClockFreq                  0x08004af1   Thumb Code   278  stm32h7xx_hal_rcc.o(i.HAL_RCC_GetSysClockFreq)
    HAL_RCC_OscConfig                        0x08004c29   Thumb Code  1410  stm32h7xx_hal_rcc.o(i.HAL_RCC_OscConfig)
    HAL_SPI_Init                             0x080051ad   Thumb Code   366  stm32h7xx_hal_spi.o(i.HAL_SPI_Init)
    HAL_SPI_MspInit                          0x08005329   Thumb Code   122  spi.o(i.HAL_SPI_MspInit)
    HAL_SPI_Transmit                         0x080053b1   Thumb Code   590  stm32h7xx_hal_spi.o(i.HAL_SPI_Transmit)
    HAL_SYSTICK_CLKSourceConfig              0x080055ff   Thumb Code    24  stm32h7xx_hal_cortex.o(i.HAL_SYSTICK_CLKSourceConfig)
    HAL_SYSTICK_Config                       0x08005617   Thumb Code    38  stm32h7xx_hal_cortex.o(i.HAL_SYSTICK_Config)
    HAL_TIMEx_Break2Callback                 0x0800563d   Thumb Code     2  stm32h7xx_hal_tim_ex.o(i.HAL_TIMEx_Break2Callback)
    HAL_TIMEx_BreakCallback                  0x0800563f   Thumb Code     2  stm32h7xx_hal_tim_ex.o(i.HAL_TIMEx_BreakCallback)
    HAL_TIMEx_CommutCallback                 0x08005641   Thumb Code     2  stm32h7xx_hal_tim_ex.o(i.HAL_TIMEx_CommutCallback)
    HAL_TIMEx_MasterConfigSynchronization    0x08005645   Thumb Code   134  stm32h7xx_hal_tim_ex.o(i.HAL_TIMEx_MasterConfigSynchronization)
    HAL_TIM_Base_Init                        0x080056e9   Thumb Code    98  stm32h7xx_hal_tim.o(i.HAL_TIM_Base_Init)
    HAL_TIM_Base_MspInit                     0x0800574d   Thumb Code    90  tim.o(i.HAL_TIM_Base_MspInit)
    HAL_TIM_Base_Start_IT                    0x080057b5   Thumb Code   106  stm32h7xx_hal_tim.o(i.HAL_TIM_Base_Start_IT)
    HAL_TIM_Base_Stop_IT                     0x08005841   Thumb Code    48  stm32h7xx_hal_tim.o(i.HAL_TIM_Base_Stop_IT)
    HAL_TIM_IC_CaptureCallback               0x08005871   Thumb Code     2  stm32h7xx_hal_tim.o(i.HAL_TIM_IC_CaptureCallback)
    HAL_TIM_IRQHandler                       0x08005873   Thumb Code   386  stm32h7xx_hal_tim.o(i.HAL_TIM_IRQHandler)
    HAL_TIM_OC_DelayElapsedCallback          0x080059f5   Thumb Code     2  stm32h7xx_hal_tim.o(i.HAL_TIM_OC_DelayElapsedCallback)
    HAL_TIM_PWM_PulseFinishedCallback        0x080059f7   Thumb Code     2  stm32h7xx_hal_tim.o(i.HAL_TIM_PWM_PulseFinishedCallback)
    HAL_TIM_PeriodElapsedCallback            0x080059f9   Thumb Code    50  buzzer.o(i.HAL_TIM_PeriodElapsedCallback)
    HAL_TIM_TriggerCallback                  0x08005a39   Thumb Code     2  stm32h7xx_hal_tim.o(i.HAL_TIM_TriggerCallback)
    HAL_UARTEx_DisableFifoMode               0x08005a3b   Thumb Code    64  stm32h7xx_hal_uart_ex.o(i.HAL_UARTEx_DisableFifoMode)
    HAL_UARTEx_RxEventCallback               0x08005a7b   Thumb Code     2  stm32h7xx_hal_uart.o(i.HAL_UARTEx_RxEventCallback)
    HAL_UARTEx_RxFifoFullCallback            0x08005a7d   Thumb Code     2  stm32h7xx_hal_uart_ex.o(i.HAL_UARTEx_RxFifoFullCallback)
    HAL_UARTEx_SetRxFifoThreshold            0x08005a7f   Thumb Code    76  stm32h7xx_hal_uart_ex.o(i.HAL_UARTEx_SetRxFifoThreshold)
    HAL_UARTEx_SetTxFifoThreshold            0x08005acb   Thumb Code    76  stm32h7xx_hal_uart_ex.o(i.HAL_UARTEx_SetTxFifoThreshold)
    HAL_UARTEx_TxFifoEmptyCallback           0x08005b17   Thumb Code     2  stm32h7xx_hal_uart_ex.o(i.HAL_UARTEx_TxFifoEmptyCallback)
    HAL_UARTEx_WakeupCallback                0x08005b19   Thumb Code     2  stm32h7xx_hal_uart_ex.o(i.HAL_UARTEx_WakeupCallback)
    HAL_UART_ErrorCallback                   0x08005b1b   Thumb Code     2  stm32h7xx_hal_uart.o(i.HAL_UART_ErrorCallback)
    HAL_UART_IRQHandler                      0x08005b1d   Thumb Code   878  stm32h7xx_hal_uart.o(i.HAL_UART_IRQHandler)
    HAL_UART_Init                            0x08005ea5   Thumb Code   106  stm32h7xx_hal_uart.o(i.HAL_UART_Init)
    HAL_UART_MspInit                         0x08005f11   Thumb Code   444  usart.o(i.HAL_UART_MspInit)
    HAL_UART_Receive_IT                      0x080060f1   Thumb Code    66  stm32h7xx_hal_uart.o(i.HAL_UART_Receive_IT)
    HAL_UART_RxCpltCallback                  0x08006139   Thumb Code   106  buzzer.o(i.HAL_UART_RxCpltCallback)
    HAL_UART_Transmit                        0x080061b9   Thumb Code   176  stm32h7xx_hal_uart.o(i.HAL_UART_Transmit)
    HAL_UART_TxCpltCallback                  0x08006269   Thumb Code     2  stm32h7xx_hal_uart.o(i.HAL_UART_TxCpltCallback)
    HardFault_Handler                        0x0800626b   Thumb Code     2  stm32h7xx_it.o(i.HardFault_Handler)
    InitTableFFT                             0x0800626d   Thumb Code   116  fft.o(i.InitTableFFT)
    MX_ADC1_Init                             0x08006335   Thumb Code   136  adc.o(i.MX_ADC1_Init)
    MX_DMA_Init                              0x080063c9   Thumb Code    56  dma.o(i.MX_DMA_Init)
    MX_GPIO_Init                             0x08006405   Thumb Code   368  gpio.o(i.MX_GPIO_Init)
    MX_SPI3_Init                             0x0800658d   Thumb Code    84  spi.o(i.MX_SPI3_Init)
    MX_TIM1_Init                             0x080065e9   Thumb Code    68  tim.o(i.MX_TIM1_Init)
    MX_UART4_Init                            0x08006635   Thumb Code    94  usart.o(i.MX_UART4_Init)
    MX_UART5_Init                            0x0800669d   Thumb Code    94  usart.o(i.MX_UART5_Init)
    MX_USART1_UART_Init                      0x08006705   Thumb Code    94  usart.o(i.MX_USART1_UART_Init)
    MemManage_Handler                        0x0800676d   Thumb Code     2  stm32h7xx_it.o(i.MemManage_Handler)
    NMI_Handler                              0x0800676f   Thumb Code     2  stm32h7xx_it.o(i.NMI_Handler)
    PendSV_Handler                           0x08006771   Thumb Code     2  stm32h7xx_it.o(i.PendSV_Handler)
    PlayTwoTiger                             0x08006775   Thumb Code   202  buzzer.o(i.PlayTwoTiger)
    Play_Note                                0x08006859   Thumb Code    86  buzzer.o(i.Play_Note)
    SVC_Handler                              0x08006bfb   Thumb Code     2  stm32h7xx_it.o(i.SVC_Handler)
    SysTick_Handler                          0x08006bfd   Thumb Code     4  stm32h7xx_it.o(i.SysTick_Handler)
    SystemClock_Config                       0x08006c01   Thumb Code   160  main.o(i.SystemClock_Config)
    SystemInit                               0x08006ca9   Thumb Code   180  system_stm32h7xx.o(i.SystemInit)
    TIM1_UP_IRQHandler                       0x08006d85   Thumb Code     6  stm32h7xx_it.o(i.TIM1_UP_IRQHandler)
    TIM_Base_SetConfig                       0x08006d91   Thumb Code   162  stm32h7xx_hal_tim.o(i.TIM_Base_SetConfig)
    UART4_IRQHandler                         0x08006e55   Thumb Code     6  stm32h7xx_it.o(i.UART4_IRQHandler)
    UART5_IRQHandler                         0x08006e61   Thumb Code     6  stm32h7xx_it.o(i.UART5_IRQHandler)
    UART_AdvFeatureConfig                    0x08006eb1   Thumb Code   200  stm32h7xx_hal_uart.o(i.UART_AdvFeatureConfig)
    UART_CheckIdleState                      0x08006f79   Thumb Code   170  stm32h7xx_hal_uart.o(i.UART_CheckIdleState)
    UART_SetConfig                           0x0800755d   Thumb Code   876  stm32h7xx_hal_uart.o(i.UART_SetConfig)
    UART_Start_Receive_IT                    0x08007909   Thumb Code   256  stm32h7xx_hal_uart.o(i.UART_Start_Receive_IT)
    UART_WaitOnFlagUntilTimeout              0x08007a19   Thumb Code   140  stm32h7xx_hal_uart.o(i.UART_WaitOnFlagUntilTimeout)
    USART1_IRQHandler                        0x08007aa5   Thumb Code     6  stm32h7xx_it.o(i.USART1_IRQHandler)
    UsageFault_Handler                       0x08007ab1   Thumb Code     2  stm32h7xx_it.o(i.UsageFault_Handler)
    __0printf                                0x08007ab5   Thumb Code    22  printfa.o(i.__0printf)
    __1printf                                0x08007ab5   Thumb Code     0  printfa.o(i.__0printf)
    __2printf                                0x08007ab5   Thumb Code     0  printfa.o(i.__0printf)
    __c89printf                              0x08007ab5   Thumb Code     0  printfa.o(i.__0printf)
    printf                                   0x08007ab5   Thumb Code     0  printfa.o(i.__0printf)
    __0vsprintf                              0x08007ad5   Thumb Code    30  printfa.o(i.__0vsprintf)
    __1vsprintf                              0x08007ad5   Thumb Code     0  printfa.o(i.__0vsprintf)
    __2vsprintf                              0x08007ad5   Thumb Code     0  printfa.o(i.__0vsprintf)
    __c89vsprintf                            0x08007ad5   Thumb Code     0  printfa.o(i.__0vsprintf)
    vsprintf                                 0x08007ad5   Thumb Code     0  printfa.o(i.__0vsprintf)
    __ARM_fpclassify                         0x08007af9   Thumb Code    48  fpclassify.o(i.__ARM_fpclassify)
    __hardfp_cos                             0x08007b51   Thumb Code   158  cos.o(i.__hardfp_cos)
    __hardfp_log                             0x08007c01   Thumb Code   480  log.o(i.__hardfp_log)
    __hardfp_log2                            0x08007e41   Thumb Code   158  log2.o(i.__hardfp_log2)
    __hardfp_sin                             0x08007f01   Thumb Code   158  sin.o(i.__hardfp_sin)
    __ieee754_rem_pio2                       0x08007fb1   Thumb Code   646  rred.o(i.__ieee754_rem_pio2)
    __kernel_cos                             0x080082c1   Thumb Code   182  cos_i.o(i.__kernel_cos)
    __kernel_poly                            0x080083a1   Thumb Code   112  poly.o(i.__kernel_poly)
    __kernel_sin                             0x08008411   Thumb Code   144  sin_i.o(i.__kernel_sin)
    __mathlib_dbl_divzero                    0x080084b9   Thumb Code    14  dunder.o(i.__mathlib_dbl_divzero)
    __mathlib_dbl_infnan                     0x080084d9   Thumb Code     6  dunder.o(i.__mathlib_dbl_infnan)
    __mathlib_dbl_invalid                    0x080084e1   Thumb Code    10  dunder.o(i.__mathlib_dbl_invalid)
    __mathlib_dbl_underflow                  0x080084f9   Thumb Code    10  dunder.o(i.__mathlib_dbl_underflow)
    __scatterload_copy                       0x08008511   Thumb Code    14  handlers.o(i.__scatterload_copy)
    __scatterload_null                       0x0800851f   Thumb Code     2  handlers.o(i.__scatterload_null)
    __scatterload_zeroinit                   0x08008521   Thumb Code    14  handlers.o(i.__scatterload_zeroinit)
    __set_errno                              0x08008531   Thumb Code     6  errno.o(i.__set_errno)
    cfft                                     0x08008dd1   Thumb Code   236  fft.o(i.cfft)
    cfft_f32_mag                             0x08008ec1   Thumb Code   254  fft_user.o(i.cfft_f32_mag)
    delay_init                               0x08008fd9   Thumb Code    16  delay.o(i.delay_init)
    delay_ms                                 0x08008fed   Thumb Code    26  delay.o(i.delay_ms)
    delay_us                                 0x08009009   Thumb Code    48  delay.o(i.delay_us)
    fabs                                     0x0800903d   Thumb Code    24  fabs.o(i.fabs)
    find_peaks_max                           0x08009055   Thumb Code   156  fft_user.o(i.find_peaks_max)
    fputc                                    0x080090f9   Thumb Code    20  my_uart.o(i.fputc)
    frexp                                    0x08009111   Thumb Code   118  frexp.o(i.frexp)
    hmi_printf                               0x0800919d   Thumb Code    40  buzzer.o(i.hmi_printf)
    log                                      0x080091cd   Thumb Code    16  log.o(i.log)
    main                                     0x080091dd   Thumb Code   608  main.o(i.main)
    pa117_init                               0x080094c1   Thumb Code    30  pga117.o(i.pa117_init)
    pa117_sdn_dis                            0x080094e1   Thumb Code    52  pga117.o(i.pa117_sdn_dis)
    pga117_config                            0x0800951d   Thumb Code   152  pga117.o(i.pga117_config)
    UARTPrescTable                           0x080095c4   Data          24  stm32h7xx_hal_uart.o(.constdata)
    D1CorePrescTable                         0x080095ec   Data          16  system_stm32h7xx.o(.constdata)
    EventRecorderInfo                        0x080095fc   Data          24  eventrecorder.o(.constdata)
    __mathlib_zero                           0x08009770   Data           8  qnan.o(.constdata)
    Region$$Table$$Base                      0x08009778   Number         0  anon$$obj.o(Region$$Table)
    Region$$Table$$Limit                     0x08009798   Number         0  anon$$obj.o(Region$$Table)
    runing_state                             0x24000000   Data           1  main.o(.data)
    uwTickFreq                               0x24000004   Data           1  stm32h7xx_hal.o(.data)
    uwTickPrio                               0x24000008   Data           4  stm32h7xx_hal.o(.data)
    uwTick                                   0x2400000c   Data           4  stm32h7xx_hal.o(.data)
    SystemCoreClock                          0x24000010   Data           4  system_stm32h7xx.o(.data)
    SystemD2Clock                            0x24000014   Data           4  system_stm32h7xx.o(.data)
    start_fft_flag                           0x2400001c   Data           1  mic_adc.o(.data)
    enable                                   0x24000020   Data           1  buzzer.o(.data)
    tmrflag                                  0x24000021   Data           1  buzzer.o(.data)
    Buzzer_play_Enable                       0x24000022   Data           1  buzzer.o(.data)
    beat                                     0x24000023   Data           1  buzzer.o(.data)
    note                                     0x24000024   Data           1  buzzer.o(.data)
    Note_1                                   0x24000025   Data           1  buzzer.o(.data)
    _pNote                                   0x24000026   Data           1  buzzer.o(.data)
    _pBeat                                   0x24000027   Data           1  buzzer.o(.data)
    UART4_Rx_Buffer                          0x24000028   Data           1  buzzer.o(.data)
    time                                     0x2400002c   Data           4  buzzer.o(.data)
    beatTime                                 0x24000030   Data           4  buzzer.o(.data)
    soundTime                                0x24000034   Data           4  buzzer.o(.data)
    pNote                                    0x2400003c   Data           4  buzzer.o(.data)
    pBeat                                    0x24000040   Data           4  buzzer.o(.data)
    rx_index                                 0x24000044   Data           4  buzzer.o(.data)
    rx_buffer                                0x24000048   Data           5  buzzer.o(.data)
    countA                                   0x24000050   Data           8  buzzer.o(.data)
    NoteFrequ                                0x24000058   Data          84  buzzer.o(.data)
    TwoTigerNote                             0x240000ac   Data          32  buzzer.o(.data)
    TwoTigerBeat                             0x240000cc   Data          32  buzzer.o(.data)
    testNote                                 0x240000ec   Data          14  buzzer.o(.data)
    testBeat                                 0x240000fa   Data          14  buzzer.o(.data)
    __stdout                                 0x2400010c   Data           4  stdout.o(.data)
    hadc1                                    0x24000114   Data         100  adc.o(.bss)
    hdma_adc1                                0x24000178   Data         120  adc.o(.bss)
    hspi3                                    0x240001f0   Data         136  spi.o(.bss)
    htim1                                    0x24000278   Data          76  tim.o(.bss)
    htim3                                    0x240002c4   Data          76  tim.o(.bss)
    htim4                                    0x24000310   Data          76  tim.o(.bss)
    htim6                                    0x2400035c   Data          76  tim.o(.bss)
    huart4                                   0x240003a8   Data         148  usart.o(.bss)
    huart5                                   0x2400043c   Data         148  usart.o(.bss)
    huart1                                   0x240004d0   Data         148  usart.o(.bss)
    hdma_uart4_rx                            0x24000564   Data         120  usart.o(.bss)
    s                                        0x240005dc   Data       81920  fft_user.o(.bss)
    tem1                                     0x240145dc   Data        4096  fft_user.o(.bss)
    fft_value                                0x240157dc   Data        2048  fft_user.o(.bss)
    costab                                   0x24015fdc   Data        2048  fft.o(.bss)
    sintab                                   0x240167dc   Data        2048  fft.o(.bss)
    adc_value_buffer                         0x24016fdc   Data        2048  mic_adc.o(.bss)
    HMI_TxBuff                               0x240177e0   Data          36  buzzer.o(.bss)
    __initial_sp                             0x240180e8   Data           0  startup_stm32h743xx.o(STACK)



==============================================================================

Memory Map of the image

  Image Entry point : 0x08000299

  Load Region LR_IROM1 (Base: 0x08000000, Size: 0x000098ac, Max: 0x00200000, ABSOLUTE)

    Execution Region ER_IROM1 (Exec base: 0x08000000, Load base: 0x08000000, Size: 0x00009798, Max: 0x00200000, ABSOLUTE)

    Exec Addr    Load Addr    Size         Type   Attr      Idx    E Section Name        Object

    0x08000000   0x08000000   0x00000298   Data   RO            3    RESET               startup_stm32h743xx.o
    0x08000298   0x08000298   0x00000000   Code   RO         6034  * .ARM.Collect$$$$00000000  mc_w.l(entry.o)
    0x08000298   0x08000298   0x00000004   Code   RO         6378    .ARM.Collect$$$$00000001  mc_w.l(entry2.o)
    0x0800029c   0x0800029c   0x00000004   Code   RO         6381    .ARM.Collect$$$$00000004  mc_w.l(entry5.o)
    0x080002a0   0x080002a0   0x00000000   Code   RO         6383    .ARM.Collect$$$$00000008  mc_w.l(entry7b.o)
    0x080002a0   0x080002a0   0x00000000   Code   RO         6385    .ARM.Collect$$$$0000000A  mc_w.l(entry8b.o)
    0x080002a0   0x080002a0   0x00000008   Code   RO         6386    .ARM.Collect$$$$0000000B  mc_w.l(entry9a.o)
    0x080002a8   0x080002a8   0x00000004   Code   RO         6393    .ARM.Collect$$$$0000000E  mc_w.l(entry12b.o)
    0x080002ac   0x080002ac   0x00000000   Code   RO         6388    .ARM.Collect$$$$0000000F  mc_w.l(entry10a.o)
    0x080002ac   0x080002ac   0x00000000   Code   RO         6390    .ARM.Collect$$$$00000011  mc_w.l(entry11a.o)
    0x080002ac   0x080002ac   0x00000004   Code   RO         6379    .ARM.Collect$$$$00002712  mc_w.l(entry2.o)
    0x080002b0   0x080002b0   0x00000084   Code   RO         5819    .emb_text           eventrecorder.o
    0x08000334   0x08000334   0x00000024   Code   RO            4    .text               startup_stm32h743xx.o
    0x08000358   0x08000358   0x00000062   Code   RO         6043    .text               mc_w.l(uldiv.o)
    0x080003ba   0x080003ba   0x00000024   Code   RO         6047    .text               mc_w.l(memseta.o)
    0x080003de   0x080003de   0x0000000e   Code   RO         6049    .text               mc_w.l(strlen.o)
    0x080003ec   0x080003ec   0x0000002c   Code   RO         6394    .text               mc_w.l(uidiv.o)
    0x08000418   0x08000418   0x0000001e   Code   RO         6396    .text               mc_w.l(llshl.o)
    0x08000436   0x08000436   0x00000020   Code   RO         6398    .text               mc_w.l(llushr.o)
    0x08000456   0x08000456   0x00000000   Code   RO         6407    .text               mc_w.l(iusefp.o)
    0x08000456   0x08000456   0x0000014e   Code   RO         6408    .text               mf_w.l(dadd.o)
    0x080005a4   0x080005a4   0x000000e4   Code   RO         6410    .text               mf_w.l(dmul.o)
    0x08000688   0x08000688   0x000000de   Code   RO         6412    .text               mf_w.l(ddiv.o)
    0x08000766   0x08000766   0x00000030   Code   RO         6414    .text               mf_w.l(dfixul.o)
    0x08000796   0x08000796   0x00000002   PAD
    0x08000798   0x08000798   0x00000030   Code   RO         6416    .text               mf_w.l(cdrcmple.o)
    0x080007c8   0x080007c8   0x00000024   Code   RO         6429    .text               mc_w.l(init.o)
    0x080007ec   0x080007ec   0x00000024   Code   RO         6431    .text               mc_w.l(llsshr.o)
    0x08000810   0x08000810   0x000000ba   Code   RO         6433    .text               mf_w.l(depilogue.o)
    0x080008ca   0x080008ca   0x00000002   PAD
    0x080008cc   0x080008cc   0x00000108   Code   RO          657    i.ADC_ConfigureBoostMode  stm32h7xx_hal_adc.o
    0x080009d4   0x080009d4   0x000000e4   Code   RO          658    i.ADC_ConversionStop  stm32h7xx_hal_adc.o
    0x08000ab8   0x08000ab8   0x00000068   Code   RO          659    i.ADC_DMAConvCplt   stm32h7xx_hal_adc.o
    0x08000b20   0x08000b20   0x0000001a   Code   RO          660    i.ADC_DMAError      stm32h7xx_hal_adc.o
    0x08000b3a   0x08000b3a   0x0000000a   Code   RO          661    i.ADC_DMAHalfConvCplt  stm32h7xx_hal_adc.o
    0x08000b44   0x08000b44   0x00000070   Code   RO          662    i.ADC_Disable       stm32h7xx_hal_adc.o
    0x08000bb4   0x08000bb4   0x000000a8   Code   RO          663    i.ADC_Enable        stm32h7xx_hal_adc.o
    0x08000c5c   0x08000c5c   0x0000000c   Code   RO          509    i.ADC_IRQHandler    stm32h7xx_it.o
    0x08000c68   0x08000c68   0x00000002   Code   RO          510    i.BusFault_Handler  stm32h7xx_it.o
    0x08000c6a   0x08000c6a   0x00000002   PAD
    0x08000c6c   0x08000c6c   0x0000000c   Code   RO          511    i.DMA1_Stream0_IRQHandler  stm32h7xx_it.o
    0x08000c78   0x08000c78   0x0000000c   Code   RO          512    i.DMA1_Stream2_IRQHandler  stm32h7xx_it.o
    0x08000c84   0x08000c84   0x000000b4   Code   RO         1750    i.DMA_CalcBaseAndBitshift  stm32h7xx_hal_dma.o
    0x08000d38   0x08000d38   0x0000009c   Code   RO         1751    i.DMA_CalcDMAMUXChannelBaseAndMask  stm32h7xx_hal_dma.o
    0x08000dd4   0x08000dd4   0x00000074   Code   RO         1752    i.DMA_CalcDMAMUXRequestGenBaseAndMask  stm32h7xx_hal_dma.o
    0x08000e48   0x08000e48   0x00000054   Code   RO         1753    i.DMA_CheckFifoParam  stm32h7xx_hal_dma.o
    0x08000e9c   0x08000e9c   0x00000220   Code   RO         1754    i.DMA_SetConfig     stm32h7xx_hal_dma.o
    0x080010bc   0x080010bc   0x00000002   Code   RO          513    i.DebugMon_Handler  stm32h7xx_it.o
    0x080010be   0x080010be   0x00000004   Code   RO           13    i.Error_Handler     main.o
    0x080010c2   0x080010c2   0x00000002   PAD
    0x080010c4   0x080010c4   0x00000048   Code   RO         5821    i.EventGetTS        eventrecorder.o
    0x0800110c   0x0800110c   0x000000a8   Code   RO         5825    i.EventRecordItem   eventrecorder.o
    0x080011b4   0x080011b4   0x0000005c   Code   RO         5828    i.EventRecorderEnable  eventrecorder.o
    0x08001210   0x08001210   0x00000114   Code   RO         5829    i.EventRecorderInitialize  eventrecorder.o
    0x08001324   0x08001324   0x0000002c   Code   RO         5830    i.EventRecorderStart  eventrecorder.o
    0x08001350   0x08001350   0x0000000c   Code   RO         5832    i.EventRecorderTimerGetCount  eventrecorder.o
    0x0800135c   0x0800135c   0x0000000c   Code   RO         5833    i.EventRecorderTimerGetFreq  eventrecorder.o
    0x08001368   0x08001368   0x00000020   Code   RO         5834    i.EventRecorderTimerSetup  eventrecorder.o
    0x08001388   0x08001388   0x0000009c   Code   RO          879    i.HAL_ADCEx_Calibration_Start  stm32h7xx_hal_adc_ex.o
    0x08001424   0x08001424   0x00000002   Code   RO          883    i.HAL_ADCEx_EndOfSamplingCallback  stm32h7xx_hal_adc_ex.o
    0x08001426   0x08001426   0x00000002   Code   RO          886    i.HAL_ADCEx_InjectedConvCpltCallback  stm32h7xx_hal_adc_ex.o
    0x08001428   0x08001428   0x00000002   Code   RO          889    i.HAL_ADCEx_InjectedQueueOverflowCallback  stm32h7xx_hal_adc_ex.o
    0x0800142a   0x0800142a   0x00000002   Code   RO          894    i.HAL_ADCEx_LevelOutOfWindow2Callback  stm32h7xx_hal_adc_ex.o
    0x0800142c   0x0800142c   0x00000002   Code   RO          895    i.HAL_ADCEx_LevelOutOfWindow3Callback  stm32h7xx_hal_adc_ex.o
    0x0800142e   0x0800142e   0x00000002   PAD
    0x08001430   0x08001430   0x00000128   Code   RO          899    i.HAL_ADCEx_MultiModeConfigChannel  stm32h7xx_hal_adc_ex.o
    0x08001558   0x08001558   0x000003d8   Code   RO          665    i.HAL_ADC_ConfigChannel  stm32h7xx_hal_adc.o
    0x08001930   0x08001930   0x00000024   Code   RO         5679    i.HAL_ADC_ConvCpltCallback  mic_adc.o
    0x08001954   0x08001954   0x00000002   Code   RO          667    i.HAL_ADC_ConvHalfCpltCallback  stm32h7xx_hal_adc.o
    0x08001956   0x08001956   0x00000002   Code   RO          669    i.HAL_ADC_ErrorCallback  stm32h7xx_hal_adc.o
    0x08001958   0x08001958   0x00000290   Code   RO          673    i.HAL_ADC_IRQHandler  stm32h7xx_hal_adc.o
    0x08001be8   0x08001be8   0x00000228   Code   RO          674    i.HAL_ADC_Init      stm32h7xx_hal_adc.o
    0x08001e10   0x08001e10   0x00000002   Code   RO          675    i.HAL_ADC_LevelOutOfWindowCallback  stm32h7xx_hal_adc.o
    0x08001e12   0x08001e12   0x00000002   PAD
    0x08001e14   0x08001e14   0x000000dc   Code   RO          270    i.HAL_ADC_MspInit   adc.o
    0x08001ef0   0x08001ef0   0x00000108   Code   RO          681    i.HAL_ADC_Start_DMA  stm32h7xx_hal_adc.o
    0x08001ff8   0x08001ff8   0x0000007a   Code   RO          684    i.HAL_ADC_Stop_DMA  stm32h7xx_hal_adc.o
    0x08002072   0x08002072   0x00000002   PAD
    0x08002074   0x08002074   0x00000360   Code   RO         1755    i.HAL_DMA_Abort     stm32h7xx_hal_dma.o
    0x080023d4   0x080023d4   0x00000284   Code   RO         1756    i.HAL_DMA_Abort_IT  stm32h7xx_hal_dma.o
    0x08002658   0x08002658   0x000006e8   Code   RO         1760    i.HAL_DMA_IRQHandler  stm32h7xx_hal_dma.o
    0x08002d40   0x08002d40   0x000003c4   Code   RO         1761    i.HAL_DMA_Init      stm32h7xx_hal_dma.o
    0x08003104   0x08003104   0x0000029c   Code   RO         1765    i.HAL_DMA_Start_IT  stm32h7xx_hal_dma.o
    0x080033a0   0x080033a0   0x0000022c   Code   RO         1603    i.HAL_GPIO_Init     stm32h7xx_hal_gpio.o
    0x080035cc   0x080035cc   0x00000010   Code   RO         1606    i.HAL_GPIO_TogglePin  stm32h7xx_hal_gpio.o
    0x080035dc   0x080035dc   0x0000000a   Code   RO         1607    i.HAL_GPIO_WritePin  stm32h7xx_hal_gpio.o
    0x080035e6   0x080035e6   0x00000002   PAD
    0x080035e8   0x080035e8   0x0000000c   Code   RO         2616    i.HAL_GetREVID      stm32h7xx_hal.o
    0x080035f4   0x080035f4   0x0000000c   Code   RO         2617    i.HAL_GetTick       stm32h7xx_hal.o
    0x08003600   0x08003600   0x00000010   Code   RO         2623    i.HAL_IncTick       stm32h7xx_hal.o
    0x08003610   0x08003610   0x0000005c   Code   RO         2624    i.HAL_Init          stm32h7xx_hal.o
    0x0800366c   0x0800366c   0x00000040   Code   RO         2625    i.HAL_InitTick      stm32h7xx_hal.o
    0x080036ac   0x080036ac   0x00000020   Code   RO          633    i.HAL_MspInit       stm32h7xx_hal_msp.o
    0x080036cc   0x080036cc   0x0000001a   Code   RO         2463    i.HAL_NVIC_EnableIRQ  stm32h7xx_hal_cortex.o
    0x080036e6   0x080036e6   0x00000002   PAD
    0x080036e8   0x080036e8   0x00000040   Code   RO         2469    i.HAL_NVIC_SetPriority  stm32h7xx_hal_cortex.o
    0x08003728   0x08003728   0x00000024   Code   RO         2470    i.HAL_NVIC_SetPriorityGrouping  stm32h7xx_hal_cortex.o
    0x0800374c   0x0800374c   0x00000054   Code   RO         2204    i.HAL_PWREx_ConfigSupply  stm32h7xx_hal_pwr_ex.o
    0x080037a0   0x080037a0   0x00000024   Code   RO         1224    i.HAL_RCCEx_GetD3PCLK1Freq  stm32h7xx_hal_rcc_ex.o
    0x080037c4   0x080037c4   0x00000148   Code   RO         1225    i.HAL_RCCEx_GetPLL1ClockFreq  stm32h7xx_hal_rcc_ex.o
    0x0800390c   0x0800390c   0x00000144   Code   RO         1226    i.HAL_RCCEx_GetPLL2ClockFreq  stm32h7xx_hal_rcc_ex.o
    0x08003a50   0x08003a50   0x00000144   Code   RO         1227    i.HAL_RCCEx_GetPLL3ClockFreq  stm32h7xx_hal_rcc_ex.o
    0x08003b94   0x08003b94   0x000002c8   Code   RO         1229    i.HAL_RCCEx_GetPeriphCLKFreq  stm32h7xx_hal_rcc_ex.o
    0x08003e5c   0x08003e5c   0x000009ac   Code   RO         1233    i.HAL_RCCEx_PeriphCLKConfig  stm32h7xx_hal_rcc_ex.o
    0x08004808   0x08004808   0x0000025c   Code   RO         1109    i.HAL_RCC_ClockConfig  stm32h7xx_hal_rcc.o
    0x08004a64   0x08004a64   0x00000044   Code   RO         1114    i.HAL_RCC_GetHCLKFreq  stm32h7xx_hal_rcc.o
    0x08004aa8   0x08004aa8   0x00000024   Code   RO         1116    i.HAL_RCC_GetPCLK1Freq  stm32h7xx_hal_rcc.o
    0x08004acc   0x08004acc   0x00000024   Code   RO         1117    i.HAL_RCC_GetPCLK2Freq  stm32h7xx_hal_rcc.o
    0x08004af0   0x08004af0   0x00000138   Code   RO         1118    i.HAL_RCC_GetSysClockFreq  stm32h7xx_hal_rcc.o
    0x08004c28   0x08004c28   0x00000582   Code   RO         1121    i.HAL_RCC_OscConfig  stm32h7xx_hal_rcc.o
    0x080051aa   0x080051aa   0x00000002   PAD
    0x080051ac   0x080051ac   0x0000017c   Code   RO         3519    i.HAL_SPI_Init      stm32h7xx_hal_spi.o
    0x08005328   0x08005328   0x00000088   Code   RO          336    i.HAL_SPI_MspInit   spi.o
    0x080053b0   0x080053b0   0x0000024e   Code   RO         3528    i.HAL_SPI_Transmit  stm32h7xx_hal_spi.o
    0x080055fe   0x080055fe   0x00000018   Code   RO         2472    i.HAL_SYSTICK_CLKSourceConfig  stm32h7xx_hal_cortex.o
    0x08005616   0x08005616   0x00000026   Code   RO         2474    i.HAL_SYSTICK_Config  stm32h7xx_hal_cortex.o
    0x0800563c   0x0800563c   0x00000002   Code   RO         4553    i.HAL_TIMEx_Break2Callback  stm32h7xx_hal_tim_ex.o
    0x0800563e   0x0800563e   0x00000002   Code   RO         4554    i.HAL_TIMEx_BreakCallback  stm32h7xx_hal_tim_ex.o
    0x08005640   0x08005640   0x00000002   Code   RO         4555    i.HAL_TIMEx_CommutCallback  stm32h7xx_hal_tim_ex.o
    0x08005642   0x08005642   0x00000002   PAD
    0x08005644   0x08005644   0x000000a4   Code   RO         4575    i.HAL_TIMEx_MasterConfigSynchronization  stm32h7xx_hal_tim_ex.o
    0x080056e8   0x080056e8   0x00000062   Code   RO         3839    i.HAL_TIM_Base_Init  stm32h7xx_hal_tim.o
    0x0800574a   0x0800574a   0x00000002   PAD
    0x0800574c   0x0800574c   0x00000068   Code   RO          378    i.HAL_TIM_Base_MspInit  tim.o
    0x080057b4   0x080057b4   0x0000008c   Code   RO         3844    i.HAL_TIM_Base_Start_IT  stm32h7xx_hal_tim.o
    0x08005840   0x08005840   0x00000030   Code   RO         3847    i.HAL_TIM_Base_Stop_IT  stm32h7xx_hal_tim.o
    0x08005870   0x08005870   0x00000002   Code   RO         3873    i.HAL_TIM_IC_CaptureCallback  stm32h7xx_hal_tim.o
    0x08005872   0x08005872   0x00000182   Code   RO         3887    i.HAL_TIM_IRQHandler  stm32h7xx_hal_tim.o
    0x080059f4   0x080059f4   0x00000002   Code   RO         3890    i.HAL_TIM_OC_DelayElapsedCallback  stm32h7xx_hal_tim.o
    0x080059f6   0x080059f6   0x00000002   Code   RO         3917    i.HAL_TIM_PWM_PulseFinishedCallback  stm32h7xx_hal_tim.o
    0x080059f8   0x080059f8   0x00000040   Code   RO         5756    i.HAL_TIM_PeriodElapsedCallback  buzzer.o
    0x08005a38   0x08005a38   0x00000002   Code   RO         3930    i.HAL_TIM_TriggerCallback  stm32h7xx_hal_tim.o
    0x08005a3a   0x08005a3a   0x00000040   Code   RO         5264    i.HAL_UARTEx_DisableFifoMode  stm32h7xx_hal_uart_ex.o
    0x08005a7a   0x08005a7a   0x00000002   Code   RO         4853    i.HAL_UARTEx_RxEventCallback  stm32h7xx_hal_uart.o
    0x08005a7c   0x08005a7c   0x00000002   Code   RO         5272    i.HAL_UARTEx_RxFifoFullCallback  stm32h7xx_hal_uart_ex.o
    0x08005a7e   0x08005a7e   0x0000004c   Code   RO         5273    i.HAL_UARTEx_SetRxFifoThreshold  stm32h7xx_hal_uart_ex.o
    0x08005aca   0x08005aca   0x0000004c   Code   RO         5274    i.HAL_UARTEx_SetTxFifoThreshold  stm32h7xx_hal_uart_ex.o
    0x08005b16   0x08005b16   0x00000002   Code   RO         5276    i.HAL_UARTEx_TxFifoEmptyCallback  stm32h7xx_hal_uart_ex.o
    0x08005b18   0x08005b18   0x00000002   Code   RO         5277    i.HAL_UARTEx_WakeupCallback  stm32h7xx_hal_uart_ex.o
    0x08005b1a   0x08005b1a   0x00000002   Code   RO         4869    i.HAL_UART_ErrorCallback  stm32h7xx_hal_uart.o
    0x08005b1c   0x08005b1c   0x00000388   Code   RO         4872    i.HAL_UART_IRQHandler  stm32h7xx_hal_uart.o
    0x08005ea4   0x08005ea4   0x0000006a   Code   RO         4873    i.HAL_UART_Init     stm32h7xx_hal_uart.o
    0x08005f0e   0x08005f0e   0x00000002   PAD
    0x08005f10   0x08005f10   0x000001e0   Code   RO          456    i.HAL_UART_MspInit  usart.o
    0x080060f0   0x080060f0   0x00000048   Code   RO         4878    i.HAL_UART_Receive_IT  stm32h7xx_hal_uart.o
    0x08006138   0x08006138   0x00000080   Code   RO         5757    i.HAL_UART_RxCpltCallback  buzzer.o
    0x080061b8   0x080061b8   0x000000b0   Code   RO         4882    i.HAL_UART_Transmit  stm32h7xx_hal_uart.o
    0x08006268   0x08006268   0x00000002   Code   RO         4885    i.HAL_UART_TxCpltCallback  stm32h7xx_hal_uart.o
    0x0800626a   0x0800626a   0x00000002   Code   RO          515    i.HardFault_Handler  stm32h7xx_it.o
    0x0800626c   0x0800626c   0x00000080   Code   RO         5643    i.InitTableFFT      fft.o
    0x080062ec   0x080062ec   0x00000008   Code   RO          686    i.LL_ADC_INJ_IsConversionOngoing  stm32h7xx_hal_adc.o
    0x080062f4   0x080062f4   0x00000008   Code   RO          687    i.LL_ADC_REG_IsConversionOngoing  stm32h7xx_hal_adc.o
    0x080062fc   0x080062fc   0x00000008   Code   RO          909    i.LL_ADC_REG_IsConversionOngoing  stm32h7xx_hal_adc_ex.o
    0x08006304   0x08006304   0x00000010   Code   RO          688    i.LL_ADC_REG_IsTriggerSourceSWStart  stm32h7xx_hal_adc.o
    0x08006314   0x08006314   0x0000001e   Code   RO          690    i.LL_ADC_SetChannelSamplingTime  stm32h7xx_hal_adc.o
    0x08006332   0x08006332   0x00000002   PAD
    0x08006334   0x08006334   0x00000094   Code   RO          271    i.MX_ADC1_Init      adc.o
    0x080063c8   0x080063c8   0x0000003c   Code   RO          311    i.MX_DMA_Init       dma.o
    0x08006404   0x08006404   0x00000188   Code   RO          241    i.MX_GPIO_Init      gpio.o
    0x0800658c   0x0800658c   0x0000005c   Code   RO          337    i.MX_SPI3_Init      spi.o
    0x080065e8   0x080065e8   0x0000004c   Code   RO          382    i.MX_TIM1_Init      tim.o
    0x08006634   0x08006634   0x00000068   Code   RO          457    i.MX_UART4_Init     usart.o
    0x0800669c   0x0800669c   0x00000068   Code   RO          458    i.MX_UART5_Init     usart.o
    0x08006704   0x08006704   0x00000068   Code   RO          459    i.MX_USART1_UART_Init  usart.o
    0x0800676c   0x0800676c   0x00000002   Code   RO          516    i.MemManage_Handler  stm32h7xx_it.o
    0x0800676e   0x0800676e   0x00000002   Code   RO          517    i.NMI_Handler       stm32h7xx_it.o
    0x08006770   0x08006770   0x00000002   Code   RO          518    i.PendSV_Handler    stm32h7xx_it.o
    0x08006772   0x08006772   0x00000002   PAD
    0x08006774   0x08006774   0x000000e4   Code   RO         5758    i.PlayTwoTiger      buzzer.o
    0x08006858   0x08006858   0x00000060   Code   RO         5759    i.Play_Note         buzzer.o
    0x080068b8   0x080068b8   0x00000120   Code   RO         1236    i.RCCEx_PLL2_Config  stm32h7xx_hal_rcc_ex.o
    0x080069d8   0x080069d8   0x00000120   Code   RO         1237    i.RCCEx_PLL3_Config  stm32h7xx_hal_rcc_ex.o
    0x08006af8   0x08006af8   0x000000bc   Code   RO         3539    i.SPI_CloseTransfer  stm32h7xx_hal_spi.o
    0x08006bb4   0x08006bb4   0x00000046   Code   RO         3556    i.SPI_WaitOnFlagUntilTimeout  stm32h7xx_hal_spi.o
    0x08006bfa   0x08006bfa   0x00000002   Code   RO          519    i.SVC_Handler       stm32h7xx_it.o
    0x08006bfc   0x08006bfc   0x00000004   Code   RO          520    i.SysTick_Handler   stm32h7xx_it.o
    0x08006c00   0x08006c00   0x000000a8   Code   RO           14    i.SystemClock_Config  main.o
    0x08006ca8   0x08006ca8   0x000000dc   Code   RO         5383    i.SystemInit        system_stm32h7xx.o
    0x08006d84   0x08006d84   0x0000000c   Code   RO          521    i.TIM1_UP_IRQHandler  stm32h7xx_it.o
    0x08006d90   0x08006d90   0x000000c4   Code   RO         3932    i.TIM_Base_SetConfig  stm32h7xx_hal_tim.o
    0x08006e54   0x08006e54   0x0000000c   Code   RO          522    i.UART4_IRQHandler  stm32h7xx_it.o
    0x08006e60   0x08006e60   0x0000000c   Code   RO          523    i.UART5_IRQHandler  stm32h7xx_it.o
    0x08006e6c   0x08006e6c   0x00000044   Code   RO         5278    i.UARTEx_SetNbDataToProcess  stm32h7xx_hal_uart_ex.o
    0x08006eb0   0x08006eb0   0x000000c8   Code   RO         4887    i.UART_AdvFeatureConfig  stm32h7xx_hal_uart.o
    0x08006f78   0x08006f78   0x000000aa   Code   RO         4888    i.UART_CheckIdleState  stm32h7xx_hal_uart.o
    0x08007022   0x08007022   0x00000014   Code   RO         4889    i.UART_DMAAbortOnError  stm32h7xx_hal_uart.o
    0x08007036   0x08007036   0x00000002   PAD
    0x08007038   0x08007038   0x00000054   Code   RO         4899    i.UART_EndRxTransfer  stm32h7xx_hal_uart.o
    0x0800708c   0x0800708c   0x000000c8   Code   RO         4901    i.UART_RxISR_16BIT  stm32h7xx_hal_uart.o
    0x08007154   0x08007154   0x000001a0   Code   RO         4902    i.UART_RxISR_16BIT_FIFOEN  stm32h7xx_hal_uart.o
    0x080072f4   0x080072f4   0x000000c8   Code   RO         4903    i.UART_RxISR_8BIT   stm32h7xx_hal_uart.o
    0x080073bc   0x080073bc   0x000001a0   Code   RO         4904    i.UART_RxISR_8BIT_FIFOEN  stm32h7xx_hal_uart.o
    0x0800755c   0x0800755c   0x000003ac   Code   RO         4905    i.UART_SetConfig    stm32h7xx_hal_uart.o
    0x08007908   0x08007908   0x00000110   Code   RO         4907    i.UART_Start_Receive_IT  stm32h7xx_hal_uart.o
    0x08007a18   0x08007a18   0x0000008c   Code   RO         4912    i.UART_WaitOnFlagUntilTimeout  stm32h7xx_hal_uart.o
    0x08007aa4   0x08007aa4   0x0000000c   Code   RO          524    i.USART1_IRQHandler  stm32h7xx_it.o
    0x08007ab0   0x08007ab0   0x00000002   Code   RO          525    i.UsageFault_Handler  stm32h7xx_it.o
    0x08007ab2   0x08007ab2   0x00000002   PAD
    0x08007ab4   0x08007ab4   0x00000020   Code   RO         6286    i.__0printf         mc_w.l(printfa.o)
    0x08007ad4   0x08007ad4   0x00000024   Code   RO         6292    i.__0vsprintf       mc_w.l(printfa.o)
    0x08007af8   0x08007af8   0x00000030   Code   RO         6424    i.__ARM_fpclassify  m_wv.l(fpclassify.o)
    0x08007b28   0x08007b28   0x00000022   Code   RO         2476    i.__NVIC_SetPriority  stm32h7xx_hal_cortex.o
    0x08007b4a   0x08007b4a   0x00000006   PAD
    0x08007b50   0x08007b50   0x000000b0   Code   RO         6002    i.__hardfp_cos      m_wv.l(cos.o)
    0x08007c00   0x08007c00   0x0000023c   Code   RO         6353    i.__hardfp_log      m_wv.l(log.o)
    0x08007e3c   0x08007e3c   0x00000004   PAD
    0x08007e40   0x08007e40   0x000000c0   Code   RO         6014    i.__hardfp_log2     m_wv.l(log2.o)
    0x08007f00   0x08007f00   0x000000b0   Code   RO         6022    i.__hardfp_sin      m_wv.l(sin.o)
    0x08007fb0   0x08007fb0   0x00000310   Code   RO         6367    i.__ieee754_rem_pio2  m_wv.l(rred.o)
    0x080082c0   0x080082c0   0x000000e0   Code   RO         6314    i.__kernel_cos      m_wv.l(cos_i.o)
    0x080083a0   0x080083a0   0x00000070   Code   RO         6426    i.__kernel_poly     m_wv.l(poly.o)
    0x08008410   0x08008410   0x000000a8   Code   RO         6372    i.__kernel_sin      m_wv.l(sin_i.o)
    0x080084b8   0x080084b8   0x00000020   Code   RO         6317    i.__mathlib_dbl_divzero  m_wv.l(dunder.o)
    0x080084d8   0x080084d8   0x00000006   Code   RO         6318    i.__mathlib_dbl_infnan  m_wv.l(dunder.o)
    0x080084de   0x080084de   0x00000002   PAD
    0x080084e0   0x080084e0   0x00000018   Code   RO         6320    i.__mathlib_dbl_invalid  m_wv.l(dunder.o)
    0x080084f8   0x080084f8   0x00000018   Code   RO         6323    i.__mathlib_dbl_underflow  m_wv.l(dunder.o)
    0x08008510   0x08008510   0x0000000e   Code   RO         6437    i.__scatterload_copy  mc_w.l(handlers.o)
    0x0800851e   0x0800851e   0x00000002   Code   RO         6438    i.__scatterload_null  mc_w.l(handlers.o)
    0x08008520   0x08008520   0x0000000e   Code   RO         6439    i.__scatterload_zeroinit  mc_w.l(handlers.o)
    0x0800852e   0x0800852e   0x00000002   PAD
    0x08008530   0x08008530   0x0000000c   Code   RO         6402    i.__set_errno       mc_w.l(errno.o)
    0x0800853c   0x0800853c   0x00000184   Code   RO         6293    i._fp_digits        mc_w.l(printfa.o)
    0x080086c0   0x080086c0   0x000006b4   Code   RO         6294    i._printf_core      mc_w.l(printfa.o)
    0x08008d74   0x08008d74   0x00000024   Code   RO         6295    i._printf_post_padding  mc_w.l(printfa.o)
    0x08008d98   0x08008d98   0x0000002e   Code   RO         6296    i._printf_pre_padding  mc_w.l(printfa.o)
    0x08008dc6   0x08008dc6   0x0000000a   Code   RO         6298    i._sputc            mc_w.l(printfa.o)
    0x08008dd0   0x08008dd0   0x000000f0   Code   RO         5644    i.cfft              fft.o
    0x08008ec0   0x08008ec0   0x00000118   Code   RO         5566    i.cfft_f32_mag      fft_user.o
    0x08008fd8   0x08008fd8   0x00000014   Code   RO         5524    i.delay_init        delay.o
    0x08008fec   0x08008fec   0x0000001a   Code   RO         5525    i.delay_ms          delay.o
    0x08009006   0x08009006   0x00000002   PAD
    0x08009008   0x08009008   0x00000034   Code   RO         5526    i.delay_us          delay.o
    0x0800903c   0x0800903c   0x00000018   Code   RO         6420    i.fabs              m_wv.l(fabs.o)
    0x08009054   0x08009054   0x000000a4   Code   RO         5568    i.find_peaks_max    fft_user.o
    0x080090f8   0x080090f8   0x00000018   Code   RO         5420    i.fputc             my_uart.o
    0x08009110   0x08009110   0x0000008c   Code   RO         6335    i.frexp             m_wv.l(frexp.o)
    0x0800919c   0x0800919c   0x00000030   Code   RO         5760    i.hmi_printf        buzzer.o
    0x080091cc   0x080091cc   0x00000010   Code   RO         6355    i.log               m_wv.l(log.o)
    0x080091dc   0x080091dc   0x000002e4   Code   RO           15    i.main              main.o
    0x080094c0   0x080094c0   0x0000001e   Code   RO         5712    i.pa117_init        pga117.o
    0x080094de   0x080094de   0x00000002   PAD
    0x080094e0   0x080094e0   0x0000003c   Code   RO         5713    i.pa117_sdn_dis     pga117.o
    0x0800951c   0x0800951c   0x000000a0   Code   RO         5714    i.pga117_config     pga117.o
    0x080095bc   0x080095bc   0x00000008   Data   RO         1767    .constdata          stm32h7xx_hal_dma.o
    0x080095c4   0x080095c4   0x00000018   Data   RO         4913    .constdata          stm32h7xx_hal_uart.o
    0x080095dc   0x080095dc   0x00000010   Data   RO         5279    .constdata          stm32h7xx_hal_uart_ex.o
    0x080095ec   0x080095ec   0x00000010   Data   RO         5384    .constdata          system_stm32h7xx.o
    0x080095fc   0x080095fc   0x00000018   Data   RO         5836    .constdata          eventrecorder.o
    0x08009614   0x08009614   0x00000004   PAD
    0x08009618   0x08009618   0x00000030   Data   RO         6315    .constdata          m_wv.l(cos_i.o)
    0x08009648   0x08009648   0x00000038   Data   RO         6356    .constdata          m_wv.l(log.o)
    0x08009680   0x08009680   0x000000c8   Data   RO         6369    .constdata          m_wv.l(rred.o)
    0x08009748   0x08009748   0x00000028   Data   RO         6373    .constdata          m_wv.l(sin_i.o)
    0x08009770   0x08009770   0x00000008   Data   RO         6428    .constdata          m_wv.l(qnan.o)
    0x08009778   0x08009778   0x00000020   Data   RO         6435    Region$$Table       anon$$obj.o


    Execution Region RW_IRAM1 (Exec base: 0x20000000, Load base: 0x08009798, Size: 0x00000000, Max: 0x00020000, ABSOLUTE)

    **** No section assigned to this execution region ****


    Execution Region RW_IRAM2 (Exec base: 0x24000000, Load base: 0x08009798, Size: 0x000180e8, Max: 0x00080000, ABSOLUTE)

    Exec Addr    Load Addr    Size         Type   Attr      Idx    E Section Name        Object

    0x24000000   0x08009798   0x00000001   Data   RW           16    .data               main.o
    0x24000001   0x08009799   0x00000003   PAD
    0x24000004   0x0800979c   0x0000000c   Data   RW         2646    .data               stm32h7xx_hal.o
    0x24000010   0x080097a8   0x00000008   Data   RW         5385    .data               system_stm32h7xx.o
    0x24000018   0x080097b0   0x00000004   Data   RW         5527    .data               delay.o
    0x2400001c   0x080097b4   0x00000001   Data   RW         5681    .data               mic_adc.o
    0x2400001d   0x080097b5   0x00000003   PAD
    0x24000020   0x080097b8   0x000000e8   Data   RW         5762    .data               buzzer.o
    0x24000108   0x080098a0   0x00000001   Data   RW         5837    .data               eventrecorder.o
    0x24000109   0x080098a1   0x00000003   PAD
    0x2400010c   0x080098a4   0x00000004   Data   RW         6041    .data               mc_w.l(stdout.o)
    0x24000110   0x080098a8   0x00000004   Data   RW         6403    .data               mc_w.l(errno.o)
    0x24000114        -       0x000000dc   Zero   RW          272    .bss                adc.o
    0x240001f0        -       0x00000088   Zero   RW          338    .bss                spi.o
    0x24000278        -       0x00000130   Zero   RW          386    .bss                tim.o
    0x240003a8        -       0x00000234   Zero   RW          460    .bss                usart.o
    0x240005dc        -       0x00015a00   Zero   RW         5569    .bss                fft_user.o
    0x24015fdc        -       0x00001000   Zero   RW         5645    .bss                fft.o
    0x24016fdc        -       0x00000800   Zero   RW         5680    .bss                mic_adc.o
    0x240177dc   0x080098ac   0x00000004   PAD
    0x240177e0        -       0x00000024   Zero   RW         5761    .bss                buzzer.o
    0x24017804   0x080098ac   0x0000003c   PAD
    0x24017840        -       0x000004a4   Zero   RW         5835    .bss.noinit         eventrecorder.o
    0x24017ce4   0x080098ac   0x00000004   PAD
    0x24017ce8        -       0x00000400   Zero   RW            1    STACK               startup_stm32h743xx.o


==============================================================================

Image component sizes


      Code (inc. data)   RO Data    RW Data    ZI Data      Debug   Object Name

       368         32          0          0        220       2075   adc.o
       564         80          0        232         36       5719   buzzer.o
        98          8          0          4          0       1911   delay.o
        60          4          0          0          0        890   dma.o
       840         76         24          1       1188      11300   eventrecorder.o
       368         16          0          0       4096       3062   fft.o
       444         34          0          0      88576      20055   fft_user.o
       392         24          0          0          0       1223   gpio.o
       912        158          0          1          0    1388578   main.o
        36         12          0          1       2048       1349   mic_adc.o
        24          4          0          0          0       2228   my_uart.o
       250         16          0          0          0       1729   pga117.o
       228         22          0          0        136       1861   spi.o
        36          8        664          0       1024        824   startup_stm32h743xx.o
       196         40          0         12          0      22744   stm32h7xx_hal.o
      3558        234          0          0          0      80285   stm32h7xx_hal_adc.o
       470         32          0          0          0      67118   stm32h7xx_hal_adc_ex.o
       222         12          0          0          0      40177   stm32h7xx_hal_cortex.o
      5988        246          8          0          0      11850   stm32h7xx_hal_dma.o
       582         50          0          0          0       2929   stm32h7xx_hal_gpio.o
        32          4          0          0          0        930   stm32h7xx_hal_msp.o
        84          6          0          0          0        781   stm32h7xx_hal_pwr_ex.o
      2466        102          0          0          0       7120   stm32h7xx_hal_rcc.o
      4776        174          0          0          0      10511   stm32h7xx_hal_rcc_ex.o
      1228         14          0          0          0       4942   stm32h7xx_hal_spi.o
       876         68          0          0          0       7560   stm32h7xx_hal_tim.o
       170         30          0          0          0       3200   stm32h7xx_hal_tim_ex.o
      4322        192         24          0          0      37462   stm32h7xx_hal_uart.o
       290          6         16          0          0       5454   stm32h7xx_hal_uart_ex.o
       104         42          0          0          0       7326   stm32h7xx_it.o
       220         40         16          8          0       1474   system_stm32h7xx.o
       180         22          0          0        304       1876   tim.o
       792         66          0          0        564       3618   usart.o

    ----------------------------------------------------------------------
     31216       1874        788        268      98260    1760161   Object Totals
         0          0         32          0          0          0   (incl. Generated)
        40          0          4          9         68          0   (incl. Padding)

    ----------------------------------------------------------------------

      Code (inc. data)   RO Data    RW Data    ZI Data      Debug   Library Member Name

       176         18          0          0          0        156   cos.o
       224         42         48          0          0        184   cos_i.o
        86         46          0          0          0        464   dunder.o
        24          0          0          0          0        124   fabs.o
        48          0          0          0          0        124   fpclassify.o
       140         22          0          0          0        128   frexp.o
       588         92         56          0          0        436   log.o
       192         34          0          0          0        140   log2.o
       112          0          0          0          0        116   poly.o
         0          0          8          0          0          0   qnan.o
       784        138        200          0          0        172   rred.o
       176         18          0          0          0        160   sin.o
       168         24         40          0          0        196   sin_i.o
         0          0          0          0          0          0   entry.o
         0          0          0          0          0          0   entry10a.o
         0          0          0          0          0          0   entry11a.o
         4          0          0          0          0          0   entry12b.o
         8          4          0          0          0          0   entry2.o
         4          0          0          0          0          0   entry5.o
         0          0          0          0          0          0   entry7b.o
         0          0          0          0          0          0   entry8b.o
         8          4          0          0          0          0   entry9a.o
        12          6          0          4          0         68   errno.o
        30          0          0          0          0          0   handlers.o
        36          8          0          0          0         68   init.o
         0          0          0          0          0          0   iusefp.o
        30          0          0          0          0         68   llshl.o
        36          0          0          0          0         68   llsshr.o
        32          0          0          0          0         68   llushr.o
        36          0          0          0          0        108   memseta.o
      2264         96          0          0          0        612   printfa.o
         0          0          0          4          0          0   stdout.o
        14          0          0          0          0         68   strlen.o
        44          0          0          0          0         80   uidiv.o
        98          0          0          0          0         92   uldiv.o
        48          0          0          0          0         68   cdrcmple.o
       334          0          0          0          0        148   dadd.o
       222          0          0          0          0        100   ddiv.o
       186          0          0          0          0        176   depilogue.o
        48          0          0          0          0         68   dfixul.o
       228          0          0          0          0         96   dmul.o

    ----------------------------------------------------------------------
      6452        556        352          8          0       4356   Library Totals
        12          4          0          0          0          0   (incl. Padding)

    ----------------------------------------------------------------------

      Code (inc. data)   RO Data    RW Data    ZI Data      Debug   Library Name

      2718        434        352          0          0       2400   m_wv.l
      2656        118          0          8          0       1300   mc_w.l
      1066          0          0          0          0        656   mf_w.l

    ----------------------------------------------------------------------
      6452        556        352          8          0       4356   Library Totals

    ----------------------------------------------------------------------

==============================================================================


      Code (inc. data)   RO Data    RW Data    ZI Data      Debug   

     37668       2430       1140        276      98260    1746485   Grand Totals
     37668       2430       1140        276      98260    1746485   ELF Image Totals
     37668       2430       1140        276          0          0   ROM Totals

==============================================================================

    Total RO  Size (Code + RO Data)                38808 (  37.90kB)
    Total RW  Size (RW Data + ZI Data)             98536 (  96.23kB)
    Total ROM Size (Code + RO Data + RW Data)      39084 (  38.17kB)

==============================================================================

