<html>
<body>
<pre>
<h1>µVision Build Log</h1>
<h2>Tool Versions:</h2>
IDE-Version: ¦ÌVision V5.38.0.0
Copyright (C) 2022 ARM Ltd and ARM Germany GmbH. All rights reserved.
License Information: 1 wudi, 1, LIC=47GU5-GMP6W-74XS0-BV16U-96MJN-04QAH
 
Tool Versions:
Toolchain:       MDK-ARM Plus  Version: 5.38.0.0
Toolchain Path:  E:\keil5\ARM\ARMCC\Bin
C Compiler:      Armcc.exe V5.06 update 7 (build 960)
Assembler:       Armasm.exe V5.06 update 7 (build 960)
Linker/Locator:  ArmLink.exe V5.06 update 7 (build 960)
Library Manager: ArmAr.exe V5.06 update 7 (build 960)
Hex Converter:   FromElf.exe V5.06 update 7 (build 960)
CPU DLL:         SARMCM3.DLL V5.38.0.0
Dialog DLL:      DCM.DLL V1.17.5.0
Target DLL:      STLink\ST-LINKIII-KEIL_SWO.dll V3.1.0.0
Dialog DLL:      TCM.DLL V1.56.4.0
 
<h2>Project:</h2>
G:\2023µçÈü\Servo -1\Servo\MDK-ARM\Servo.uvprojx
Project File Date:  08/24/2023

<h2>Output:</h2>
*** Using Compiler 'V5.06 update 7 (build 960)', folder: 'E:\keil5\ARM\ARMCC\Bin'
Rebuild target 'Servo'
assembling startup_stm32h743xx.s...
compiling dma.c...
compiling usart.c...
compiling spi.c...
compiling gpio.c...
compiling tim.c...
compiling adc.c...
compiling main.c...
../Core/Src/main.c(148): warning:  #223-D: function "printf" declared implicitly
  	 printf("HAL_ADC_Start_DMA\n");
../Core/Src/main.c: 1 warning, 0 errors
compiling stm32h7xx_it.c...
compiling stm32h7xx_hal_msp.c...
compiling stm32h7xx_hal_flash.c...
compiling stm32h7xx_hal_adc_ex.c...
compiling stm32h7xx_hal_rcc.c...
compiling stm32h7xx_hal_adc.c...
compiling stm32h7xx_hal_rcc_ex.c...
compiling stm32h7xx_hal_flash_ex.c...
compiling stm32h7xx_hal_mdma.c...
compiling stm32h7xx_hal_pwr.c...
compiling stm32h7xx_hal_hsem.c...
compiling stm32h7xx_hal_gpio.c...
compiling stm32h7xx_hal_dma_ex.c...
compiling stm32h7xx_hal_dma.c...
compiling stm32h7xx_hal_i2c_ex.c...
compiling stm32h7xx_hal_cortex.c...
compiling stm32h7xx_hal_exti.c...
compiling stm32h7xx_hal.c...
compiling stm32h7xx_hal_i2c.c...
compiling stm32h7xx_hal_spi.c...
compiling stm32h7xx_hal_pwr_ex.c...
compiling stm32h7xx_hal_tim_ex.c...
compiling PWM.c...
compiling system_stm32h7xx.c...
compiling DataScope_DP.C...
compiling stm32h7xx_hal_uart_ex.c...
compiling stm32h7xx_hal_spi_ex.c...
compiling my_uart.c...
..\Drivers\USER\Uart\my_uart.c(33): warning:  #9-D: nested comment is not allowed
  //****************/
..\Drivers\USER\Uart\my_uart.c: 1 warning, 0 errors
compiling stm32h7xx_hal_uart.c...
compiling stm32h7xx_hal_tim.c...
compiling Encode.c...
compiling PGA117.c...
compiling retarget_io.c...
compiling buzzer.c...
compiling delay.c...
compiling fft.c...
compiling fft_user.c...
..\Drivers\USER\fft\fft_user.c(105): warning:  #550-D: variable "Max_mag_index"  was set but never used
  	uint32_t Max_mag_index=0; 
..\Drivers\USER\fft\fft_user.c: 1 warning, 0 errors
compiling mic_adc.c...
..\Drivers\USER\ADC\mic_adc.c(73): warning:  #1-D: last line of file ends without a newline
   
..\Drivers\USER\ADC\mic_adc.c: 1 warning, 0 errors
compiling EventRecorder.c...
linking...
Program Size: Code=37668 RO-data=1140 RW-data=276 ZI-data=98260  
FromELF: creating hex file...
"Servo\Servo.axf" - 0 Error(s), 4 Warning(s).

<h2>Software Packages used:</h2>

Package Vendor: ARM
                http://www.keil.com/pack/ARM.CMSIS.5.9.0.pack
                ARM.CMSIS.5.9.0
                CMSIS (Common Microcontroller Software Interface Standard)
   * Component: CORE Version: 5.6.0

Package Vendor: Keil
                https://www.keil.com/pack/Keil.ARM_Compiler.1.7.2.pack
                Keil.ARM_Compiler.1.7.2
                Keil ARM Compiler extensions for ARM Compiler 5 and ARM Compiler 6
   * Component: Event Recorder Variant: DAP Version: 1.5.1
   * Component: STDOUT Variant: EVR Version: 1.2.0

Package Vendor: Keil
                https://www.keil.com/pack/Keil.STM32H7xx_DFP.3.1.1.pack
                Keil.STM32H7xx_DFP.3.1.1
                STMicroelectronics STM32H7 Series Device Support and Examples

<h2>Collection of Component include folders:</h2>
  ./RTE/Compiler
  ./RTE/_Servo
  E:/keil5/ARM/CMSIS/5.9.0/CMSIS/Core/Include
  E:/keil5/Keil/ARM_Compiler/1.7.2/Include
  E:/keil5/Keil/STM32H7xx_DFP/3.1.1/Drivers/CMSIS/Device/ST/STM32H7xx/Include

<h2>Collection of Component Files used:</h2>

   * Component: ARM::CMSIS:CORE:5.6.0
      Include file:  CMSIS/Core/Include/tz_context.h

   * Component: Keil.ARM Compiler::Compiler:Event Recorder:DAP:1.5.1
      Include file:  Include/EventRecorder.h
      Source file:   Source/EventRecorder.c
      Include file:  Config/EventRecorderConf.h

   * Component: Keil.ARM Compiler::Compiler:I/O:STDOUT:EVR:1.2.0
      Source file:   Source/retarget_io.c
Build Time Elapsed:  00:03:43
</pre>
</body>
</html>
